[2025-11-07 19:55:17.497292] === Predictive Planner Run ===
[2025-11-07 19:55:17.501748] Forecasted: Security Audit → 2025-12-06 19:55:17 PST
[2025-11-07 19:55:17.508940] Forecasted: Fitness Summary → 2025-11-08 19:55:17 PST
[2025-11-07 19:55:17.515465] Forecasted: GitHub Sync Check → 2025-11-14 19:55:17 PST
[2025-11-07 19:55:17.522863] ✅ Forecast cycle complete

[2025-11-07 19:58:06.360736] === Predictive Planner Run ===
[2025-11-07 19:58:06.365672] Forecasted: Security Audit → 2025-12-06 19:58:06 PST
[2025-11-07 19:58:06.369325] Forecasted: Fitness Summary → 2025-11-08 19:58:06 PST
[2025-11-07 19:58:06.372850] Forecasted: GitHub Sync Check → 2025-11-14 19:58:06 PST
[2025-11-07 19:58:06.376349] ✅ Forecast cycle complete

[2025-11-07 20:00:58.862099] === Predictive Planner Run ===
[2025-11-07 20:00:58.867400] Forecasted: Security Audit → 2025-12-06 20:00:58 PST
[2025-11-07 20:00:58.870995] Forecasted: Fitness Summary → 2025-11-08 20:00:58 PST
[2025-11-07 20:00:58.875612] Forecasted: GitHub Sync Check → 2025-11-14 20:00:58 PST
[2025-11-07 20:00:58.879953] ✅ Forecast cycle complete

[2025-11-08 07:02:10.890207] === Predictive Planner Run ===
[2025-11-08 07:02:10.906236] Forecasted: Security Audit → 2025-12-07 07:02:10 PST
[2025-11-08 07:02:10.926699] Forecasted: Fitness Summary → 2025-11-09 07:02:10 PST
[2025-11-08 07:02:10.937689] Forecasted: GitHub Sync Check → 2025-11-15 07:02:10 PST
[2025-11-08 07:02:10.955552] ✅ Forecast cycle complete

[2025-11-09 07:02:03.760386] === Predictive Planner Run ===
[2025-11-09 07:02:03.769863] Forecasted: Security Audit → 2025-12-08 07:02:03 PST
[2025-11-09 07:02:03.773509] Forecasted: Fitness Summary → 2025-11-10 07:02:03 PST
[2025-11-09 07:02:03.783184] Forecasted: GitHub Sync Check → 2025-11-16 07:02:03 PST
[2025-11-09 07:02:03.790279] ✅ Forecast cycle complete

[2025-11-10 07:02:20.615609] === Predictive Planner Run ===
[2025-11-10 07:02:20.624662] Forecasted: Security Audit → 2025-12-09 07:02:20 PST
[2025-11-10 07:02:20.628499] Forecasted: Fitness Summary → 2025-11-11 07:02:20 PST
[2025-11-10 07:02:20.638263] Forecasted: GitHub Sync Check → 2025-11-17 07:02:20 PST
[2025-11-10 07:02:20.641645] ✅ Forecast cycle complete

[2025-11-11 07:02:35.387472] === Predictive Planner Run ===
[2025-11-11 07:02:35.397626] Forecasted: Security Audit → 2025-12-10 07:02:35 PST
[2025-11-11 07:02:35.406328] Forecasted: Fitness Summary → 2025-11-12 07:02:35 PST
[2025-11-11 07:02:35.409611] Forecasted: GitHub Sync Check → 2025-11-18 07:02:35 PST
[2025-11-11 07:02:35.413226] ✅ Forecast cycle complete

[2025-11-12 07:02:43.039923] === Predictive Planner Run ===
[2025-11-12 07:02:43.045257] Forecasted: Security Audit → 2025-12-11 07:02:43 PST
[2025-11-12 07:02:43.049747] Forecasted: Fitness Summary → 2025-11-13 07:02:43 PST
[2025-11-12 07:02:43.052930] Forecasted: GitHub Sync Check → 2025-11-19 07:02:43 PST
[2025-11-12 07:02:43.058711] ✅ Forecast cycle complete

[2025-11-13 07:02:55.384284] === Predictive Planner Run ===
[2025-11-13 07:02:55.400234] Forecasted: Security Audit → 2025-12-12 07:02:55 PST
[2025-11-13 07:02:55.404296] Forecasted: Fitness Summary → 2025-11-14 07:02:55 PST
[2025-11-13 07:02:55.408179] Forecasted: GitHub Sync Check → 2025-11-20 07:02:55 PST
[2025-11-13 07:02:55.413121] ✅ Forecast cycle complete

[2025-11-14 07:02:51.065657] === Predictive Planner Run ===
[2025-11-14 07:02:51.071309] Forecasted: Security Audit → 2025-12-13 07:02:51 PST
[2025-11-14 07:02:51.076490] Forecasted: Fitness Summary → 2025-11-15 07:02:51 PST
[2025-11-14 07:02:51.079720] Forecasted: GitHub Sync Check → 2025-11-21 07:02:51 PST
[2025-11-14 07:02:51.083759] ✅ Forecast cycle complete

