[2025-11-07 19:55:16.154987] === Self-Improvement Engine Cycle Started ===
[2025-11-07 19:55:16.160034] Analyzed agent outputs → success_rate=98.2%, efficiency_gain=3.5%
[2025-11-07 19:55:16.163851] Auto-tuning minor logic paths for efficiency...
[2025-11-07 19:55:17.197914] ✅ Logic rewrite complete
[2025-11-07 19:55:17.202510] === Cycle Complete ===

[2025-11-07 19:58:05.252510] === Self-Improvement Engine Cycle Started ===
[2025-11-07 19:58:05.257346] Analyzed agent outputs → success_rate=98.2%, efficiency_gain=3.5%
[2025-11-07 19:58:05.260792] Auto-tuning minor logic paths for efficiency...
[2025-11-07 19:58:06.264009] ✅ Logic rewrite complete
[2025-11-07 19:58:06.268443] === Cycle Complete ===

[2025-11-07 20:00:50.072309] === Self-Improvement Engine Cycle Started ===
[2025-11-07 20:00:50.075821] Analyzed agent outputs → success_rate=98.2%, efficiency_gain=3.5%
[2025-11-07 20:00:50.079585] Auto-tuning minor logic paths for efficiency...
[2025-11-07 20:00:51.082541] ✅ Logic rewrite complete
[2025-11-07 20:00:51.086946] === Cycle Complete ===

[2025-11-08 02:59:20.193157] === Self-Improvement Engine Cycle Started ===
[2025-11-08 02:59:20.197818] Analyzed agent outputs → success_rate=98.2%, efficiency_gain=3.5%
[2025-11-08 02:59:20.201178] Auto-tuning minor logic paths for efficiency...
[2025-11-08 02:59:21.205360] ✅ Logic rewrite complete
[2025-11-08 02:59:21.208855] === Cycle Complete ===

[2025-11-09 02:59:20.716691] === Self-Improvement Engine Cycle Started ===
[2025-11-09 02:59:20.721389] Analyzed agent outputs → success_rate=98.2%, efficiency_gain=3.5%
[2025-11-09 02:59:20.724588] Auto-tuning minor logic paths for efficiency...
[2025-11-09 02:59:21.728479] ✅ Logic rewrite complete
[2025-11-09 02:59:21.732545] === Cycle Complete ===

[2025-11-10 02:59:22.587450] === Self-Improvement Engine Cycle Started ===
[2025-11-10 02:59:22.596508] Analyzed agent outputs → success_rate=98.2%, efficiency_gain=3.5%
[2025-11-10 02:59:22.600165] Auto-tuning minor logic paths for efficiency...
[2025-11-10 02:59:23.605213] ✅ Logic rewrite complete
[2025-11-10 02:59:23.608149] === Cycle Complete ===

[2025-11-11 02:59:21.401166] === Self-Improvement Engine Cycle Started ===
[2025-11-11 02:59:21.404248] Analyzed agent outputs → success_rate=98.2%, efficiency_gain=3.5%
[2025-11-11 02:59:21.409961] Auto-tuning minor logic paths for efficiency...
[2025-11-11 02:59:22.413217] ✅ Logic rewrite complete
[2025-11-11 02:59:22.416466] === Cycle Complete ===

[2025-11-12 02:59:19.403877] === Self-Improvement Engine Cycle Started ===
[2025-11-12 02:59:19.408726] Analyzed agent outputs → success_rate=98.2%, efficiency_gain=3.5%
[2025-11-12 02:59:19.411610] Auto-tuning minor logic paths for efficiency...
[2025-11-12 02:59:20.415285] ✅ Logic rewrite complete
[2025-11-12 02:59:20.418868] === Cycle Complete ===

[2025-11-13 02:59:24.423999] === Self-Improvement Engine Cycle Started ===
[2025-11-13 02:59:24.429394] Analyzed agent outputs → success_rate=98.2%, efficiency_gain=3.5%
[2025-11-13 02:59:24.432754] Auto-tuning minor logic paths for efficiency...
[2025-11-13 02:59:25.436577] ✅ Logic rewrite complete
[2025-11-13 02:59:25.439870] === Cycle Complete ===

[2025-11-14 02:59:24.374969] === Self-Improvement Engine Cycle Started ===
[2025-11-14 02:59:24.380387] Analyzed agent outputs → success_rate=98.2%, efficiency_gain=3.5%
[2025-11-14 02:59:24.384038] Auto-tuning minor logic paths for efficiency...
[2025-11-14 02:59:25.387525] ✅ Logic rewrite complete
[2025-11-14 02:59:25.390232] === Cycle Complete ===

