[2025-11-07 19:58:06.483682] === Symbolic Reasoner Check Initiated ===
[2025-11-07 19:58:06.488987] VPN activation depends on Wi-Fi detection → PASS
[2025-11-07 19:58:06.493803] Security audit triggers before next month → PASS
[2025-11-07 19:58:06.497268] Knowledge sharing file accessible → PASS
[2025-11-07 19:58:06.500816] ✅ All logic chains valid

[2025-11-07 20:01:07.060495] === Symbolic Reasoner Check Initiated ===
[2025-11-07 20:01:07.065739] VPN activation depends on Wi-Fi detection → PASS
[2025-11-07 20:01:07.068859] Security audit triggers before next month → PASS
[2025-11-07 20:01:07.073103] Knowledge sharing file accessible → PASS
[2025-11-07 20:01:07.077287] ✅ All logic chains valid

[2025-11-08 07:10:22.342996] === Symbolic Reasoner Check Initiated ===
[2025-11-08 07:10:22.348075] VPN activation depends on Wi-Fi detection → PASS
[2025-11-08 07:10:22.352697] Security audit triggers before next month → PASS
[2025-11-08 07:10:22.355964] Knowledge sharing file accessible → PASS
[2025-11-08 07:10:22.359656] ✅ All logic chains valid

[2025-11-09 07:10:25.013772] === Symbolic Reasoner Check Initiated ===
[2025-11-09 07:10:25.018780] VPN activation depends on Wi-Fi detection → PASS
[2025-11-09 07:10:25.022155] Security audit triggers before next month → PASS
[2025-11-09 07:10:25.025631] Knowledge sharing file accessible → PASS
[2025-11-09 07:10:25.029078] ✅ All logic chains valid

[2025-11-10 07:10:25.435795] === Symbolic Reasoner Check Initiated ===
[2025-11-10 07:10:25.440525] VPN activation depends on Wi-Fi detection → PASS
[2025-11-10 07:10:25.443988] Security audit triggers before next month → PASS
[2025-11-10 07:10:25.450499] Knowledge sharing file accessible → PASS
[2025-11-10 07:10:25.453684] ✅ All logic chains valid

[2025-11-11 07:10:20.839084] === Symbolic Reasoner Check Initiated ===
[2025-11-11 07:10:20.844931] VPN activation depends on Wi-Fi detection → PASS
[2025-11-11 07:10:20.849309] Security audit triggers before next month → PASS
[2025-11-11 07:10:20.854659] Knowledge sharing file accessible → PASS
[2025-11-11 07:10:20.859346] ✅ All logic chains valid

[2025-11-12 07:10:23.459118] === Symbolic Reasoner Check Initiated ===
[2025-11-12 07:10:23.464069] VPN activation depends on Wi-Fi detection → PASS
[2025-11-12 07:10:23.467261] Security audit triggers before next month → PASS
[2025-11-12 07:10:23.470917] Knowledge sharing file accessible → PASS
[2025-11-12 07:10:23.475025] ✅ All logic chains valid

[2025-11-13 07:10:23.676218] === Symbolic Reasoner Check Initiated ===
[2025-11-13 07:10:23.681796] VPN activation depends on Wi-Fi detection → PASS
[2025-11-13 07:10:23.684969] Security audit triggers before next month → PASS
[2025-11-13 07:10:23.688609] Knowledge sharing file accessible → PASS
[2025-11-13 07:10:23.692576] ✅ All logic chains valid

[2025-11-14 07:10:21.539178] === Symbolic Reasoner Check Initiated ===
[2025-11-14 07:10:21.543915] VPN activation depends on Wi-Fi detection → PASS
[2025-11-14 07:10:21.547416] Security audit triggers before next month → PASS
[2025-11-14 07:10:21.551711] Knowledge sharing file accessible → PASS
[2025-11-14 07:10:21.555157] ✅ All logic chains valid

