[2025-11-07 PST] ✅ Security audit and VPN endurance validation completed successfully. Phase 2 readiness confirmed.
[2025-11-07 19:58:06.579118 PST] Daily Auto-Documentation Summary
 - VPN operational ✅
 - Fitness tracker sync nominal ✅
 - Security status: PASS ✅
 - No anomalies detected.

[2025-11-07 20:01:16.962494 PST] Daily Auto-Documentation Summary
 - VPN operational ✅
 - Fitness tracker sync nominal ✅
 - Security status: PASS ✅
 - No anomalies detected.

[2025-11-07 PST] ✅ Phase 3 implementation verified, all agents automated.
[2025-11-08 07:15:29.183203 PST] Daily Auto-Documentation Summary
 - VPN operational ✅
 - Fitness tracker sync nominal ✅
 - Security status: PASS ✅
 - No anomalies detected.

[2025-11-09 07:15:34.861668 PST] Daily Auto-Documentation Summary
 - VPN operational ✅
 - Fitness tracker sync nominal ✅
 - Security status: PASS ✅
 - No anomalies detected.

[2025-11-10 07:15:34.267300 PST] Daily Auto-Documentation Summary
 - VPN operational ✅
 - Fitness tracker sync nominal ✅
 - Security status: PASS ✅
 - No anomalies detected.

[2025-11-11 07:15:39.778306 PST] Daily Auto-Documentation Summary
 - VPN operational ✅
 - Fitness tracker sync nominal ✅
 - Security status: PASS ✅
 - No anomalies detected.

[2025-11-12 07:15:33.010331 PST] Daily Auto-Documentation Summary
 - VPN operational ✅
 - Fitness tracker sync nominal ✅
 - Security status: PASS ✅
 - No anomalies detected.

[2025-11-13 07:15:39.160657 PST] Daily Auto-Documentation Summary
 - VPN operational ✅
 - Fitness tracker sync nominal ✅
 - Security status: PASS ✅
 - No anomalies detected.

[2025-11-14 07:15:32.240360 PST] Daily Auto-Documentation Summary
 - VPN operational ✅
 - Fitness tracker sync nominal ✅
 - Security status: PASS ✅
 - No anomalies detected.

