2025-09-24 19:30:48,164 [INFO] [guard] Starting absorb_guard at 2025-09-24T19:30:48.164701Z
2025-09-24 19:30:48,164 [INFO] [guard] Attempt 1/3
2025-09-24 19:30:48,218 [INFO] [guard] SUCCESS
2025-09-24 19:30:48,229 [INFO] [checkpoint] {'timestamp': '2025-09-24T19:30:48Z', 'status': 'success', 'details': ''}
2025-09-24 19:30:48,229 [INFO] [guard] Sleeping 30m before next run...
2025-09-24 20:00:48,329 [INFO] [guard] Starting absorb_guard at 2025-09-24T20:00:48.329668Z
2025-09-24 20:00:48,337 [INFO] [guard] Attempt 1/3
2025-09-24 20:00:49,019 [INFO] [guard] SUCCESS
2025-09-24 20:00:49,038 [INFO] [checkpoint] {'timestamp': '2025-09-24T20:00:49Z', 'status': 'success', 'details': ''}
2025-09-24 20:00:49,039 [INFO] [guard] Sleeping 30m before next run...
2025-09-24 20:30:57,317 [INFO] [guard] Starting absorb_guard at 2025-09-24T20:30:57.317484Z
2025-09-24 20:30:57,317 [INFO] [guard] Attempt 1/3
2025-09-24 20:30:57,358 [INFO] [guard] SUCCESS
2025-09-24 20:30:57,370 [INFO] [checkpoint] {'timestamp': '2025-09-24T20:30:57Z', 'status': 'success', 'details': ''}
2025-09-24 20:30:57,370 [INFO] [guard] Sleeping 30m before next run...
2025-09-24 21:00:57,524 [INFO] [guard] Starting absorb_guard at 2025-09-24T21:00:57.524460Z
2025-09-24 21:00:57,525 [INFO] [guard] Attempt 1/3
2025-09-24 21:00:57,614 [INFO] [guard] SUCCESS
2025-09-24 21:00:57,630 [INFO] [checkpoint] {'timestamp': '2025-09-24T21:00:57Z', 'status': 'success', 'details': ''}
2025-09-24 21:00:57,630 [INFO] [guard] Sleeping 30m before next run...
2025-09-24 21:30:41,858 [INFO] [guard] Starting absorb_guard at 2025-09-24T21:30:41.858887Z
2025-09-24 21:30:41,859 [INFO] [guard] Attempt 1/3
2025-09-24 21:30:41,921 [INFO] [guard] SUCCESS
2025-09-24 21:30:41,928 [INFO] [checkpoint] {'timestamp': '2025-09-24T21:30:41Z', 'status': 'success', 'details': ''}
2025-09-24 21:30:41,928 [INFO] [guard] Sleeping 30m before next run...
2025-09-24 21:30:57,731 [INFO] [guard] Starting absorb_guard at 2025-09-24T21:30:57.731469Z
2025-09-24 21:30:57,731 [INFO] [guard] Attempt 1/3
2025-09-24 21:30:57,748 [INFO] [guard] SUCCESS
2025-09-24 21:30:57,756 [INFO] [checkpoint] {'timestamp': '2025-09-24T21:30:57Z', 'status': 'success', 'details': ''}
2025-09-24 21:30:57,756 [INFO] [guard] Sleeping 30m before next run...
2025-09-24 22:00:42,092 [INFO] [guard] Starting absorb_guard at 2025-09-24T22:00:42.092475Z
2025-09-24 22:00:42,277 [INFO] [guard] Attempt 1/3
2025-09-24 22:00:42,939 [INFO] [guard] SUCCESS
2025-09-24 22:00:43,118 [INFO] [checkpoint] {'timestamp': '2025-09-24T22:00:42Z', 'status': 'success', 'details': ''}
2025-09-24 22:00:43,118 [INFO] [guard] Sleeping 30m before next run...
2025-09-24 22:00:57,891 [INFO] [guard] Starting absorb_guard at 2025-09-24T22:00:57.891469Z
2025-09-24 22:00:57,891 [INFO] [guard] Attempt 1/3
2025-09-24 22:00:58,156 [INFO] [guard] SUCCESS
2025-09-24 22:00:58,171 [INFO] [checkpoint] {'timestamp': '2025-09-24T22:00:58Z', 'status': 'success', 'details': ''}
2025-09-24 22:00:58,171 [INFO] [guard] Sleeping 30m before next run...
