[2025-12-02 22:18:53] ---- Predictive Simulation Cycle Start ----
[2025-12-02 22:18:53] vpn_test.log: 0.14% failure rate
[2025-12-02 22:18:53] security_audit.log: 0.0% failure rate
[2025-12-02 22:18:53] progress_evaluation.log: 0.0% failure rate
[2025-12-02 22:18:53] heartbeat_monitor.log: 0% failure rate
[2025-12-02 22:18:53] agent_evolution_cycle.log: 0.0% failure rate
[2025-12-02 22:18:53] Average risk score: 0.03%
[2025-12-02 22:18:53] 🟢 Low risk — no action required.
[2025-12-02 22:18:53] ---- Predictive Simulation Cycle Complete ----

[2025-12-02 22:18:53] ---- Predictive Simulation Cycle Start ----
[2025-12-02 22:18:53] vpn_test.log: 0.14% failure rate
[2025-12-02 22:18:53] security_audit.log: 0.0% failure rate
[2025-12-02 22:18:53] progress_evaluation.log: 0.0% failure rate
[2025-12-02 22:18:53] heartbeat_monitor.log: 0% failure rate
[2025-12-02 22:18:53] agent_evolution_cycle.log: 0.0% failure rate
[2025-12-02 22:18:53] Average risk score: 0.03%
[2025-12-02 22:18:53] 🟢 Low risk — no action required.
[2025-12-02 22:18:53] ---- Predictive Simulation Cycle Complete ----

[2025-12-03 07:10:43] ---- Predictive Simulation Cycle Start ----
[2025-12-03 07:10:43] vpn_test.log: 0.2% failure rate
[2025-12-03 07:10:43] security_audit.log: 0.0% failure rate
[2025-12-03 07:10:43] progress_evaluation.log: 0.0% failure rate
[2025-12-03 07:10:43] heartbeat_monitor.log: 0% failure rate
[2025-12-03 07:10:43] agent_evolution_cycle.log: 0.0% failure rate
[2025-12-03 07:10:43] Average risk score: 0.04%
[2025-12-03 07:10:43] 🟢 Low risk — no action required.
[2025-12-03 07:10:43] ---- Predictive Simulation Cycle Complete ----

[2025-12-03 07:10:43] ---- Predictive Simulation Cycle Start ----
[2025-12-03 07:10:43] vpn_test.log: 0.2% failure rate
[2025-12-03 07:10:43] security_audit.log: 0.0% failure rate
[2025-12-03 07:10:44] progress_evaluation.log: 0.0% failure rate
[2025-12-03 07:10:44] heartbeat_monitor.log: 0% failure rate
[2025-12-03 07:10:44] agent_evolution_cycle.log: 0.0% failure rate
[2025-12-03 07:10:44] Average risk score: 0.04%
[2025-12-03 07:10:44] 🟢 Low risk — no action required.
[2025-12-03 07:10:44] ---- Predictive Simulation Cycle Complete ----

[2025-12-04 07:10:10] ---- Predictive Simulation Cycle Start ----
[2025-12-04 07:10:10] vpn_test.log: 0.26% failure rate
[2025-12-04 07:10:11] security_audit.log: 0.0% failure rate
[2025-12-04 07:10:11] progress_evaluation.log: 0.0% failure rate
[2025-12-04 07:10:11] heartbeat_monitor.log: 0% failure rate
[2025-12-04 07:10:12] agent_evolution_cycle.log: 0.0% failure rate
[2025-12-04 07:10:12] Average risk score: 0.05%
[2025-12-04 07:10:12] 🟢 Low risk — no action required.
[2025-12-04 07:10:12] ---- Predictive Simulation Cycle Complete ----

[2025-12-04 07:10:12] ---- Predictive Simulation Cycle Start ----
[2025-12-04 07:10:12] vpn_test.log: 0.26% failure rate
[2025-12-04 07:10:13] security_audit.log: 0.0% failure rate
[2025-12-04 07:10:13] progress_evaluation.log: 0.0% failure rate
[2025-12-04 07:10:13] heartbeat_monitor.log: 0% failure rate
[2025-12-04 07:10:13] agent_evolution_cycle.log: 0.0% failure rate
[2025-12-04 07:10:13] Average risk score: 0.05%
[2025-12-04 07:10:13] 🟢 Low risk — no action required.
[2025-12-04 07:10:13] ---- Predictive Simulation Cycle Complete ----

[2025-12-05 07:10:25] ---- Predictive Simulation Cycle Start ----
[2025-12-05 07:10:25] vpn_test.log: 0.32% failure rate
[2025-12-05 07:10:25] security_audit.log: 0.0% failure rate
[2025-12-05 07:10:26] progress_evaluation.log: 0.0% failure rate
[2025-12-05 07:10:26] heartbeat_monitor.log: 0% failure rate
[2025-12-05 07:10:26] agent_evolution_cycle.log: 0.0% failure rate
[2025-12-05 07:10:26] Average risk score: 0.06%
[2025-12-05 07:10:26] 🟢 Low risk — no action required.
[2025-12-05 07:10:26] ---- Predictive Simulation Cycle Complete ----

[2025-12-05 07:10:26] ---- Predictive Simulation Cycle Start ----
[2025-12-05 07:10:26] vpn_test.log: 0.32% failure rate
[2025-12-05 07:10:26] security_audit.log: 0.0% failure rate
[2025-12-05 07:10:26] progress_evaluation.log: 0.0% failure rate
[2025-12-05 07:10:26] heartbeat_monitor.log: 0% failure rate
[2025-12-05 07:10:26] agent_evolution_cycle.log: 0.0% failure rate
[2025-12-05 07:10:26] Average risk score: 0.06%
[2025-12-05 07:10:26] 🟢 Low risk — no action required.
[2025-12-05 07:10:26] ---- Predictive Simulation Cycle Complete ----

[2025-12-06 07:10:22] ---- Predictive Simulation Cycle Start ----
[2025-12-06 07:10:22] vpn_test.log: 0.37% failure rate
[2025-12-06 07:10:23] security_audit.log: 0.0% failure rate
[2025-12-06 07:10:23] progress_evaluation.log: 0.0% failure rate
[2025-12-06 07:10:23] heartbeat_monitor.log: 0% failure rate
[2025-12-06 07:10:23] agent_evolution_cycle.log: 0.0% failure rate
[2025-12-06 07:10:23] Average risk score: 0.07%
[2025-12-06 07:10:23] 🟢 Low risk — no action required.
[2025-12-06 07:10:23] ---- Predictive Simulation Cycle Complete ----

[2025-12-06 07:10:23] ---- Predictive Simulation Cycle Start ----
[2025-12-06 07:10:23] vpn_test.log: 0.37% failure rate
[2025-12-06 07:10:23] security_audit.log: 0.0% failure rate
[2025-12-06 07:10:23] progress_evaluation.log: 0.0% failure rate
[2025-12-06 07:10:23] heartbeat_monitor.log: 0% failure rate
[2025-12-06 07:10:23] agent_evolution_cycle.log: 0.0% failure rate
[2025-12-06 07:10:23] Average risk score: 0.07%
[2025-12-06 07:10:23] 🟢 Low risk — no action required.
[2025-12-06 07:10:23] ---- Predictive Simulation Cycle Complete ----

[2025-12-07 07:10:33] ---- Predictive Simulation Cycle Start ----
[2025-12-07 07:10:33] vpn_test.log: 0.43% failure rate
[2025-12-07 07:10:33] security_audit.log: 0.0% failure rate
[2025-12-07 07:10:33] progress_evaluation.log: 0.0% failure rate
[2025-12-07 07:10:33] heartbeat_monitor.log: 0% failure rate
[2025-12-07 07:10:33] agent_evolution_cycle.log: 0.0% failure rate
[2025-12-07 07:10:33] Average risk score: 0.09%
[2025-12-07 07:10:33] 🟢 Low risk — no action required.
[2025-12-07 07:10:33] ---- Predictive Simulation Cycle Complete ----

[2025-12-07 07:10:33] ---- Predictive Simulation Cycle Start ----
[2025-12-07 07:10:33] vpn_test.log: 0.43% failure rate
[2025-12-07 07:10:33] security_audit.log: 0.0% failure rate
[2025-12-07 07:10:33] progress_evaluation.log: 0.0% failure rate
[2025-12-07 07:10:33] heartbeat_monitor.log: 0% failure rate
[2025-12-07 07:10:34] agent_evolution_cycle.log: 0.0% failure rate
[2025-12-07 07:10:34] Average risk score: 0.09%
[2025-12-07 07:10:34] 🟢 Low risk — no action required.
[2025-12-07 07:10:34] ---- Predictive Simulation Cycle Complete ----

[2025-12-08 07:10:05] ---- Predictive Simulation Cycle Start ----
[2025-12-08 07:10:05] vpn_test.log: 0.48% failure rate
[2025-12-08 07:10:05] security_audit.log: 0.0% failure rate
[2025-12-08 07:10:06] progress_evaluation.log: 0.0% failure rate
[2025-12-08 07:10:06] heartbeat_monitor.log: 0% failure rate
[2025-12-08 07:10:06] agent_evolution_cycle.log: 0.0% failure rate
[2025-12-08 07:10:06] Average risk score: 0.10%
[2025-12-08 07:10:06] 🟢 Low risk — no action required.
[2025-12-08 07:10:06] ---- Predictive Simulation Cycle Complete ----

[2025-12-08 07:10:06] ---- Predictive Simulation Cycle Start ----
[2025-12-08 07:10:06] vpn_test.log: 0.48% failure rate
[2025-12-08 07:10:06] security_audit.log: 0.0% failure rate
[2025-12-08 07:10:06] progress_evaluation.log: 0.0% failure rate
[2025-12-08 07:10:06] heartbeat_monitor.log: 0% failure rate
[2025-12-08 07:10:06] agent_evolution_cycle.log: 0.0% failure rate
[2025-12-08 07:10:06] Average risk score: 0.10%
[2025-12-08 07:10:06] 🟢 Low risk — no action required.
[2025-12-08 07:10:06] ---- Predictive Simulation Cycle Complete ----

[2025-12-09 07:10:20] ---- Predictive Simulation Cycle Start ----
[2025-12-09 07:10:20] vpn_test.log: 0.53% failure rate
[2025-12-09 07:10:20] security_audit.log: 0.0% failure rate
[2025-12-09 07:10:20] progress_evaluation.log: 0.0% failure rate
[2025-12-09 07:10:20] heartbeat_monitor.log: 0% failure rate
[2025-12-09 07:10:20] agent_evolution_cycle.log: 0.0% failure rate
[2025-12-09 07:10:20] Average risk score: 0.11%
[2025-12-09 07:10:20] 🟢 Low risk — no action required.
[2025-12-09 07:10:20] ---- Predictive Simulation Cycle Complete ----

[2025-12-09 07:10:20] ---- Predictive Simulation Cycle Start ----
[2025-12-09 07:10:21] vpn_test.log: 0.53% failure rate
[2025-12-09 07:10:21] security_audit.log: 0.0% failure rate
[2025-12-09 07:10:21] progress_evaluation.log: 0.0% failure rate
[2025-12-09 07:10:21] heartbeat_monitor.log: 0% failure rate
[2025-12-09 07:10:21] agent_evolution_cycle.log: 0.0% failure rate
[2025-12-09 07:10:21] Average risk score: 0.11%
[2025-12-09 07:10:21] 🟢 Low risk — no action required.
[2025-12-09 07:10:21] ---- Predictive Simulation Cycle Complete ----

