2026-01-14T18:08:27.475971+00:00 RUN force=True gate_days=27 ok=True
repo_dir: /home/rafa1215/consensus-project
python: 3.13.1 (main, Jan 16 2025, 13:50:41) [GCC 11.4.0]

OK: .gitignore contains '.env' (or related) rule(s).

INFO: /home/rafa1215/reminder-api/.env perms 0o600

OK: no likely hardcoded secret literals detected (env lookups and passthroughs ignored).
------------------------------------------------------------------------
2026-01-14T18:17:28.770480+00:00 SKIP gate_days=27 last_run=2026-01-14T18:08:27.475971+00:00
2026-01-14T18:32:34.669109+00:00 SKIP gate_days=27 last_run=2026-01-14T18:08:27.475971+00:00
2026-01-14T18:47:40.987753+00:00 SKIP gate_days=27 last_run=2026-01-14T18:08:27.475971+00:00
2026-01-14T19:02:46.535767+00:00 SKIP gate_days=27 last_run=2026-01-14T18:08:27.475971+00:00
2026-01-14T19:17:52.359450+00:00 SKIP gate_days=27 last_run=2026-01-14T18:08:27.475971+00:00
2026-01-14T19:33:00.731390+00:00 SKIP gate_days=27 last_run=2026-01-14T18:08:27.475971+00:00
2026-01-14T19:48:16.211337+00:00 SKIP gate_days=27 last_run=2026-01-14T18:08:27.475971+00:00
2026-01-14T20:03:24.275057+00:00 SKIP gate_days=27 last_run=2026-01-14T18:08:27.475971+00:00
2026-01-14T20:18:30.489272+00:00 SKIP gate_days=27 last_run=2026-01-14T18:08:27.475971+00:00
2026-01-14T20:33:36.446147+00:00 SKIP gate_days=27 last_run=2026-01-14T18:08:27.475971+00:00
2026-01-14T20:48:41.917447+00:00 SKIP gate_days=27 last_run=2026-01-14T18:08:27.475971+00:00
2026-01-14T21:03:47.610737+00:00 SKIP gate_days=27 last_run=2026-01-14T18:08:27.475971+00:00
2026-01-14T21:18:54.357476+00:00 SKIP gate_days=27 last_run=2026-01-14T18:08:27.475971+00:00
2026-01-14T21:34:03.173466+00:00 SKIP gate_days=27 last_run=2026-01-14T18:08:27.475971+00:00
2026-01-14T21:49:17.803381+00:00 SKIP gate_days=27 last_run=2026-01-14T18:08:27.475971+00:00
2026-01-14T22:04:25.958311+00:00 SKIP gate_days=27 last_run=2026-01-14T18:08:27.475971+00:00
2026-01-14T22:19:32.729271+00:00 SKIP gate_days=27 last_run=2026-01-14T18:08:27.475971+00:00
2026-01-14T22:34:41.306288+00:00 SKIP gate_days=27 last_run=2026-01-14T18:08:27.475971+00:00
2026-01-14T22:49:47.962863+00:00 SKIP gate_days=27 last_run=2026-01-14T18:08:27.475971+00:00
2026-01-14T23:04:53.586745+00:00 SKIP gate_days=27 last_run=2026-01-14T18:08:27.475971+00:00
2026-01-14T23:19:59.996657+00:00 SKIP gate_days=27 last_run=2026-01-14T18:08:27.475971+00:00
2026-01-14T23:35:12.765574+00:00 SKIP gate_days=27 last_run=2026-01-14T18:08:27.475971+00:00
2026-01-14T23:50:23.496060+00:00 SKIP gate_days=27 last_run=2026-01-14T18:08:27.475971+00:00
2026-01-15T00:05:31.287531+00:00 SKIP gate_days=27 last_run=2026-01-14T18:08:27.475971+00:00
2026-01-15T00:20:39.978272+00:00 SKIP gate_days=27 last_run=2026-01-14T18:08:27.475971+00:00
2026-01-15T00:35:47.001525+00:00 SKIP gate_days=27 last_run=2026-01-14T18:08:27.475971+00:00
2026-01-15T00:50:53.414053+00:00 SKIP gate_days=27 last_run=2026-01-14T18:08:27.475971+00:00
2026-01-15T01:05:59.641376+00:00 SKIP gate_days=27 last_run=2026-01-14T18:08:27.475971+00:00
2026-01-15T01:21:09.723406+00:00 SKIP gate_days=27 last_run=2026-01-14T18:08:27.475971+00:00
2026-01-15T01:36:18.048854+00:00 SKIP gate_days=27 last_run=2026-01-14T18:08:27.475971+00:00
2026-01-15T01:51:25.689757+00:00 SKIP gate_days=27 last_run=2026-01-14T18:08:27.475971+00:00
2026-01-15T02:06:32.582209+00:00 SKIP gate_days=27 last_run=2026-01-14T18:08:27.475971+00:00
2026-01-15T02:21:38.970052+00:00 SKIP gate_days=27 last_run=2026-01-14T18:08:27.475971+00:00
2026-01-15T02:36:46.726395+00:00 SKIP gate_days=27 last_run=2026-01-14T18:08:27.475971+00:00
2026-01-15T02:51:53.609519+00:00 SKIP gate_days=27 last_run=2026-01-14T18:08:27.475971+00:00
2026-01-15T03:07:01.699179+00:00 SKIP gate_days=27 last_run=2026-01-14T18:08:27.475971+00:00
2026-01-15T03:22:17.109515+00:00 SKIP gate_days=27 last_run=2026-01-14T18:08:27.475971+00:00
2026-01-15T03:37:23.011028+00:00 SKIP gate_days=27 last_run=2026-01-14T18:08:27.475971+00:00
2026-01-15T03:52:28.976376+00:00 SKIP gate_days=27 last_run=2026-01-14T18:08:27.475971+00:00
2026-01-15T04:07:35.591524+00:00 SKIP gate_days=27 last_run=2026-01-14T18:08:27.475971+00:00
2026-01-15T04:22:41.477801+00:00 SKIP gate_days=27 last_run=2026-01-14T18:08:27.475971+00:00
2026-01-15T04:37:47.213909+00:00 SKIP gate_days=27 last_run=2026-01-14T18:08:27.475971+00:00
2026-01-15T04:52:53.660687+00:00 SKIP gate_days=27 last_run=2026-01-14T18:08:27.475971+00:00
2026-01-15T05:07:59.607682+00:00 SKIP gate_days=27 last_run=2026-01-14T18:08:27.475971+00:00
2026-01-15T05:23:10.084846+00:00 SKIP gate_days=27 last_run=2026-01-14T18:08:27.475971+00:00
2026-01-15T05:38:20.308431+00:00 SKIP gate_days=27 last_run=2026-01-14T18:08:27.475971+00:00
2026-01-15T05:53:28.079546+00:00 SKIP gate_days=27 last_run=2026-01-14T18:08:27.475971+00:00
2026-01-15T06:08:34.135778+00:00 SKIP gate_days=27 last_run=2026-01-14T18:08:27.475971+00:00
2026-01-15T06:23:40.187428+00:00 SKIP gate_days=27 last_run=2026-01-14T18:08:27.475971+00:00
2026-01-15T06:38:48.068850+00:00 SKIP gate_days=27 last_run=2026-01-14T18:08:27.475971+00:00
2026-01-15T06:53:55.314192+00:00 SKIP gate_days=27 last_run=2026-01-14T18:08:27.475971+00:00
2026-01-15T07:09:01.003542+00:00 SKIP gate_days=27 last_run=2026-01-14T18:08:27.475971+00:00
2026-01-15T07:24:15.020407+00:00 SKIP gate_days=27 last_run=2026-01-14T18:08:27.475971+00:00
2026-01-15T07:39:21.954046+00:00 SKIP gate_days=27 last_run=2026-01-14T18:08:27.475971+00:00
2026-01-15T07:54:28.220017+00:00 SKIP gate_days=27 last_run=2026-01-14T18:08:27.475971+00:00
2026-01-15T08:09:34.932462+00:00 SKIP gate_days=27 last_run=2026-01-14T18:08:27.475971+00:00
2026-01-15T08:24:41.640863+00:00 SKIP gate_days=27 last_run=2026-01-14T18:08:27.475971+00:00
2026-01-15T08:39:47.973455+00:00 SKIP gate_days=27 last_run=2026-01-14T18:08:27.475971+00:00
2026-01-15T08:54:54.950361+00:00 SKIP gate_days=27 last_run=2026-01-14T18:08:27.475971+00:00
2026-01-15T09:10:00.797370+00:00 SKIP gate_days=27 last_run=2026-01-14T18:08:27.475971+00:00
2026-01-15T09:25:14.858552+00:00 SKIP gate_days=27 last_run=2026-01-14T18:08:27.475971+00:00
2026-01-15T09:40:28.927022+00:00 SKIP gate_days=27 last_run=2026-01-14T18:08:27.475971+00:00
2026-01-15T09:55:35.414163+00:00 SKIP gate_days=27 last_run=2026-01-14T18:08:27.475971+00:00
2026-01-15T10:51:17.221565+00:00 SKIP gate_days=27 last_run=2026-01-14T18:08:27.475971+00:00
2026-01-15T20:04:28.742127+00:00 SKIP gate_days=27 last_run=2026-01-14T18:08:27.475971+00:00
2026-01-15T21:04:29.100337+00:00 SKIP gate_days=27 last_run=2026-01-14T18:08:27.475971+00:00
2026-01-15T21:04:29.100337+00:00 RUN force=False gate_days=27 ok=True
repo_dir: /home/rafa1215/consensus-project
python: 3.10.12 (main, Nov  6 2024, 20:22:13) [GCC 11.4.0]

OK: .gitignore contains '.env' (or related) rule(s).

INFO: /home/rafa1215/reminder-api/.env perms 0o600

OK: no likely hardcoded secret literals detected (env lookups and passthroughs ignored).
------------------------------------------------------------------------
2026-01-15T21:06:49.672740+00:00 SKIP gate_days=27 last_run=2026-01-15T21:04:29.100337+00:00
2026-01-15T21:06:49.672740+00:00 RUN force=False gate_days=27 ok=True
repo_dir: /home/rafa1215/consensus-project
python: 3.10.12 (main, Nov  6 2024, 20:22:13) [GCC 11.4.0]

OK: .gitignore contains '.env' (or related) rule(s).

INFO: /home/rafa1215/reminder-api/.env perms 0o600

OK: no likely hardcoded secret literals detected (env lookups and passthroughs ignored).
------------------------------------------------------------------------
2026-01-15T21:08:35.344190+00:00 SKIP gate_days=27 last_run=2026-01-15T21:06:49.672740+00:00
2026-01-15T21:39:00.697378+00:00 CALLER pid=998 ppid=1 cwd=/home/rafa1215/consensus-project argv=tools/security_audit_runner.py parent=bash
2026-01-15T21:39:00.697378+00:00 SKIP gate_days=27 last_run=2026-01-15T21:06:49.672740+00:00
[2026-07-25 15:02:13] ---- Starting Monthly Security Audit ----
[2026-07-25 15:02:13] ✅ PASS: VPN logs present
[2026-07-25 15:02:13] ✅ PASS: Cron file exists
[2026-07-25 15:02:13] ✅ PASS: Simulation flag valid
[2026-07-25 15:02:13] ✅ All audit checks passed.
[2026-07-25 15:02:13] ---- Audit Complete ----

