[2025-12-02 22:15:54] 🎤 Voice command received: Read my latest email
[2025-12-02 22:15:54] ❌ Error building Gmail service: [Errno 2] No such file or directory: '/home/rafa1215/consensus-project/memory/system/service_account.json'
[2025-12-02 22:15:54] ❌ Error while reading Gmail: [Errno 2] No such file or directory: '/home/rafa1215/consensus-project/memory/system/service_account.json'
Traceback (most recent call last):
  File "/home/rafa1215/consensus-project/tools/voice_gmail_handler.py", line 51, in read_latest_email
    service = get_gmail_service()
  File "/home/rafa1215/consensus-project/tools/voice_gmail_handler.py", line 37, in get_gmail_service
    creds = service_account.Credentials.from_service_account_file(
        SERVICE_FILE, scopes=SCOPES
    )
  File "/home/rafa1215/.local/lib/python3.13/site-packages/google/oauth2/service_account.py", line 264, in from_service_account_file
    info, signer = _service_account_info.from_filename(
                   ~~~~~~~~~~~~~~~~~~~~~~~~~~~~~~~~~~~^
        filename, require=["client_email", "token_uri"]
        ^^^^^^^^^^^^^^^^^^^^^^^^^^^^^^^^^^^^^^^^^^^^^^^
    )
    ^
  File "/home/rafa1215/.local/lib/python3.13/site-packages/google/auth/_service_account_info.py", line 78, in from_filename
    with io.open(filename, "r", encoding="utf-8") as json_file:
         ~~~~~~~^^^^^^^^^^^^^^^^^^^^^^^^^^^^^^^^^
FileNotFoundError: [Errno 2] No such file or directory: '/home/rafa1215/consensus-project/memory/system/service_account.json'

[2025-12-02 22:15:55] 🎤 Voice command received: Read my latest email
[2025-12-02 22:15:55] ❌ Error building Gmail service: [Errno 2] No such file or directory: '/home/rafa1215/consensus-project/memory/system/service_account.json'
[2025-12-02 22:15:55] ❌ Error while reading Gmail: [Errno 2] No such file or directory: '/home/rafa1215/consensus-project/memory/system/service_account.json'
Traceback (most recent call last):
  File "/home/rafa1215/consensus-project/tools/voice_gmail_handler_mutated_4643.py", line 51, in read_latest_email
    service = get_gmail_service()
  File "/home/rafa1215/consensus-project/tools/voice_gmail_handler_mutated_4643.py", line 37, in get_gmail_service
    creds = service_account.Credentials.from_service_account_file(
        SERVICE_FILE, scopes=SCOPES
    )
  File "/home/rafa1215/.local/lib/python3.13/site-packages/google/oauth2/service_account.py", line 264, in from_service_account_file
    info, signer = _service_account_info.from_filename(
                   ~~~~~~~~~~~~~~~~~~~~~~~~~~~~~~~~~~~^
        filename, require=["client_email", "token_uri"]
        ^^^^^^^^^^^^^^^^^^^^^^^^^^^^^^^^^^^^^^^^^^^^^^^
    )
    ^
  File "/home/rafa1215/.local/lib/python3.13/site-packages/google/auth/_service_account_info.py", line 78, in from_filename
    with io.open(filename, "r", encoding="utf-8") as json_file:
         ~~~~~~~^^^^^^^^^^^^^^^^^^^^^^^^^^^^^^^^^
FileNotFoundError: [Errno 2] No such file or directory: '/home/rafa1215/consensus-project/memory/system/service_account.json'

[2025-12-03 07:07:30] 🎤 Voice command received: Read my latest email
[2025-12-03 07:07:30] ❌ Error building Gmail service: [Errno 2] No such file or directory: '/home/rafa1215/consensus-project/memory/system/service_account.json'
[2025-12-03 07:07:30] ❌ Error while reading Gmail: [Errno 2] No such file or directory: '/home/rafa1215/consensus-project/memory/system/service_account.json'
Traceback (most recent call last):
  File "/home/rafa1215/consensus-project/tools/voice_gmail_handler.py", line 51, in read_latest_email
    service = get_gmail_service()
  File "/home/rafa1215/consensus-project/tools/voice_gmail_handler.py", line 37, in get_gmail_service
    creds = service_account.Credentials.from_service_account_file(
        SERVICE_FILE, scopes=SCOPES
    )
  File "/home/rafa1215/.local/lib/python3.13/site-packages/google/oauth2/service_account.py", line 264, in from_service_account_file
    info, signer = _service_account_info.from_filename(
                   ~~~~~~~~~~~~~~~~~~~~~~~~~~~~~~~~~~~^
        filename, require=["client_email", "token_uri"]
        ^^^^^^^^^^^^^^^^^^^^^^^^^^^^^^^^^^^^^^^^^^^^^^^
    )
    ^
  File "/home/rafa1215/.local/lib/python3.13/site-packages/google/auth/_service_account_info.py", line 78, in from_filename
    with io.open(filename, "r", encoding="utf-8") as json_file:
         ~~~~~~~^^^^^^^^^^^^^^^^^^^^^^^^^^^^^^^^^
FileNotFoundError: [Errno 2] No such file or directory: '/home/rafa1215/consensus-project/memory/system/service_account.json'

[2025-12-03 07:07:31] 🎤 Voice command received: Read my latest email
[2025-12-03 07:07:31] ❌ Error building Gmail service: [Errno 2] No such file or directory: '/home/rafa1215/consensus-project/memory/system/service_account.json'
[2025-12-03 07:07:31] ❌ Error while reading Gmail: [Errno 2] No such file or directory: '/home/rafa1215/consensus-project/memory/system/service_account.json'
Traceback (most recent call last):
  File "/home/rafa1215/consensus-project/tools/voice_gmail_handler_mutated_3467.py", line 51, in read_latest_email
    service = get_gmail_service()
  File "/home/rafa1215/consensus-project/tools/voice_gmail_handler_mutated_3467.py", line 37, in get_gmail_service
    creds = service_account.Credentials.from_service_account_file(
        SERVICE_FILE, scopes=SCOPES
    )
  File "/home/rafa1215/.local/lib/python3.13/site-packages/google/oauth2/service_account.py", line 264, in from_service_account_file
    info, signer = _service_account_info.from_filename(
                   ~~~~~~~~~~~~~~~~~~~~~~~~~~~~~~~~~~~^
        filename, require=["client_email", "token_uri"]
        ^^^^^^^^^^^^^^^^^^^^^^^^^^^^^^^^^^^^^^^^^^^^^^^
    )
    ^
  File "/home/rafa1215/.local/lib/python3.13/site-packages/google/auth/_service_account_info.py", line 78, in from_filename
    with io.open(filename, "r", encoding="utf-8") as json_file:
         ~~~~~~~^^^^^^^^^^^^^^^^^^^^^^^^^^^^^^^^^
FileNotFoundError: [Errno 2] No such file or directory: '/home/rafa1215/consensus-project/memory/system/service_account.json'

[2025-12-04 07:07:18] 🎤 Voice command received: Read my latest email
[2025-12-04 07:07:18] ❌ Error building Gmail service: [Errno 2] No such file or directory: '/home/rafa1215/consensus-project/memory/system/service_account.json'
[2025-12-04 07:07:18] ❌ Error while reading Gmail: [Errno 2] No such file or directory: '/home/rafa1215/consensus-project/memory/system/service_account.json'
Traceback (most recent call last):
  File "/home/rafa1215/consensus-project/tools/voice_gmail_handler.py", line 51, in read_latest_email
    service = get_gmail_service()
  File "/home/rafa1215/consensus-project/tools/voice_gmail_handler.py", line 37, in get_gmail_service
    creds = service_account.Credentials.from_service_account_file(
        SERVICE_FILE, scopes=SCOPES
    )
  File "/home/rafa1215/.local/lib/python3.13/site-packages/google/oauth2/service_account.py", line 264, in from_service_account_file
    info, signer = _service_account_info.from_filename(
                   ~~~~~~~~~~~~~~~~~~~~~~~~~~~~~~~~~~~^
        filename, require=["client_email", "token_uri"]
        ^^^^^^^^^^^^^^^^^^^^^^^^^^^^^^^^^^^^^^^^^^^^^^^
    )
    ^
  File "/home/rafa1215/.local/lib/python3.13/site-packages/google/auth/_service_account_info.py", line 78, in from_filename
    with io.open(filename, "r", encoding="utf-8") as json_file:
         ~~~~~~~^^^^^^^^^^^^^^^^^^^^^^^^^^^^^^^^^
FileNotFoundError: [Errno 2] No such file or directory: '/home/rafa1215/consensus-project/memory/system/service_account.json'

[2025-12-04 07:07:19] 🎤 Voice command received: Read my latest email
[2025-12-04 07:07:19] ❌ Error building Gmail service: [Errno 2] No such file or directory: '/home/rafa1215/consensus-project/memory/system/service_account.json'
[2025-12-04 07:07:19] ❌ Error while reading Gmail: [Errno 2] No such file or directory: '/home/rafa1215/consensus-project/memory/system/service_account.json'
Traceback (most recent call last):
  File "/home/rafa1215/consensus-project/tools/voice_gmail_handler_mutated_2883.py", line 52, in read_latest_email
    service = get_gmail_service()
  File "/home/rafa1215/consensus-project/tools/voice_gmail_handler_mutated_2883.py", line 38, in get_gmail_service
    creds = service_account.Credentials.from_service_account_file(
        SERVICE_FILE, scopes=SCOPES
    )
  File "/home/rafa1215/.local/lib/python3.13/site-packages/google/oauth2/service_account.py", line 264, in from_service_account_file
    info, signer = _service_account_info.from_filename(
                   ~~~~~~~~~~~~~~~~~~~~~~~~~~~~~~~~~~~^
        filename, require=["client_email", "token_uri"]
        ^^^^^^^^^^^^^^^^^^^^^^^^^^^^^^^^^^^^^^^^^^^^^^^
    )
    ^
  File "/home/rafa1215/.local/lib/python3.13/site-packages/google/auth/_service_account_info.py", line 78, in from_filename
    with io.open(filename, "r", encoding="utf-8") as json_file:
         ~~~~~~~^^^^^^^^^^^^^^^^^^^^^^^^^^^^^^^^^
FileNotFoundError: [Errno 2] No such file or directory: '/home/rafa1215/consensus-project/memory/system/service_account.json'

[2025-12-05 07:07:22] 🎤 Voice command received: Read my latest email
[2025-12-05 07:07:22] ❌ Error building Gmail service: [Errno 2] No such file or directory: '/home/rafa1215/consensus-project/memory/system/service_account.json'
[2025-12-05 07:07:22] ❌ Error while reading Gmail: [Errno 2] No such file or directory: '/home/rafa1215/consensus-project/memory/system/service_account.json'
Traceback (most recent call last):
  File "/home/rafa1215/consensus-project/tools/voice_gmail_handler.py", line 51, in read_latest_email
    service = get_gmail_service()
  File "/home/rafa1215/consensus-project/tools/voice_gmail_handler.py", line 37, in get_gmail_service
    creds = service_account.Credentials.from_service_account_file(
        SERVICE_FILE, scopes=SCOPES
    )
  File "/home/rafa1215/.local/lib/python3.13/site-packages/google/oauth2/service_account.py", line 264, in from_service_account_file
    info, signer = _service_account_info.from_filename(
                   ~~~~~~~~~~~~~~~~~~~~~~~~~~~~~~~~~~~^
        filename, require=["client_email", "token_uri"]
        ^^^^^^^^^^^^^^^^^^^^^^^^^^^^^^^^^^^^^^^^^^^^^^^
    )
    ^
  File "/home/rafa1215/.local/lib/python3.13/site-packages/google/auth/_service_account_info.py", line 78, in from_filename
    with io.open(filename, "r", encoding="utf-8") as json_file:
         ~~~~~~~^^^^^^^^^^^^^^^^^^^^^^^^^^^^^^^^^
FileNotFoundError: [Errno 2] No such file or directory: '/home/rafa1215/consensus-project/memory/system/service_account.json'

[2025-12-05 07:07:22] 🎤 Voice command received: Read my latest email
[2025-12-05 07:07:22] ❌ Error building Gmail service: [Errno 2] No such file or directory: '/home/rafa1215/consensus-project/memory/system/service_account.json'
[2025-12-05 07:07:22] ❌ Error while reading Gmail: [Errno 2] No such file or directory: '/home/rafa1215/consensus-project/memory/system/service_account.json'
Traceback (most recent call last):
  File "/home/rafa1215/consensus-project/tools/voice_gmail_handler_mutated_4105.py", line 52, in read_latest_email
    service = get_gmail_service()
  File "/home/rafa1215/consensus-project/tools/voice_gmail_handler_mutated_4105.py", line 38, in get_gmail_service
    creds = service_account.Credentials.from_service_account_file(
        SERVICE_FILE, scopes=SCOPES
    )
  File "/home/rafa1215/.local/lib/python3.13/site-packages/google/oauth2/service_account.py", line 264, in from_service_account_file
    info, signer = _service_account_info.from_filename(
                   ~~~~~~~~~~~~~~~~~~~~~~~~~~~~~~~~~~~^
        filename, require=["client_email", "token_uri"]
        ^^^^^^^^^^^^^^^^^^^^^^^^^^^^^^^^^^^^^^^^^^^^^^^
    )
    ^
  File "/home/rafa1215/.local/lib/python3.13/site-packages/google/auth/_service_account_info.py", line 78, in from_filename
    with io.open(filename, "r", encoding="utf-8") as json_file:
         ~~~~~~~^^^^^^^^^^^^^^^^^^^^^^^^^^^^^^^^^
FileNotFoundError: [Errno 2] No such file or directory: '/home/rafa1215/consensus-project/memory/system/service_account.json'

[2025-12-06 07:07:19] 🎤 Voice command received: Read my latest email
[2025-12-06 07:07:19] ❌ Error building Gmail service: [Errno 2] No such file or directory: '/home/rafa1215/consensus-project/memory/system/service_account.json'
[2025-12-06 07:07:19] ❌ Error while reading Gmail: [Errno 2] No such file or directory: '/home/rafa1215/consensus-project/memory/system/service_account.json'
Traceback (most recent call last):
  File "/home/rafa1215/consensus-project/tools/voice_gmail_handler.py", line 52, in read_latest_email
    service = get_gmail_service()
  File "/home/rafa1215/consensus-project/tools/voice_gmail_handler.py", line 38, in get_gmail_service
    creds = service_account.Credentials.from_service_account_file(
        SERVICE_FILE, scopes=SCOPES
    )
  File "/home/rafa1215/.local/lib/python3.13/site-packages/google/oauth2/service_account.py", line 264, in from_service_account_file
    info, signer = _service_account_info.from_filename(
                   ~~~~~~~~~~~~~~~~~~~~~~~~~~~~~~~~~~~^
        filename, require=["client_email", "token_uri"]
        ^^^^^^^^^^^^^^^^^^^^^^^^^^^^^^^^^^^^^^^^^^^^^^^
    )
    ^
  File "/home/rafa1215/.local/lib/python3.13/site-packages/google/auth/_service_account_info.py", line 78, in from_filename
    with io.open(filename, "r", encoding="utf-8") as json_file:
         ~~~~~~~^^^^^^^^^^^^^^^^^^^^^^^^^^^^^^^^^
FileNotFoundError: [Errno 2] No such file or directory: '/home/rafa1215/consensus-project/memory/system/service_account.json'

[2025-12-06 07:07:20] 🎤 Voice command received: Read my latest email
[2025-12-06 07:07:20] ❌ Error building Gmail service: [Errno 2] No such file or directory: '/home/rafa1215/consensus-project/memory/system/service_account.json'
[2025-12-06 07:07:20] ❌ Error while reading Gmail: [Errno 2] No such file or directory: '/home/rafa1215/consensus-project/memory/system/service_account.json'
Traceback (most recent call last):
  File "/home/rafa1215/consensus-project/tools/voice_gmail_handler_mutated_2909.py", line 52, in read_latest_email
    service = get_gmail_service()
  File "/home/rafa1215/consensus-project/tools/voice_gmail_handler_mutated_2909.py", line 38, in get_gmail_service
    creds = service_account.Credentials.from_service_account_file(
        SERVICE_FILE, scopes=SCOPES
    )
  File "/home/rafa1215/.local/lib/python3.13/site-packages/google/oauth2/service_account.py", line 264, in from_service_account_file
    info, signer = _service_account_info.from_filename(
                   ~~~~~~~~~~~~~~~~~~~~~~~~~~~~~~~~~~~^
        filename, require=["client_email", "token_uri"]
        ^^^^^^^^^^^^^^^^^^^^^^^^^^^^^^^^^^^^^^^^^^^^^^^
    )
    ^
  File "/home/rafa1215/.local/lib/python3.13/site-packages/google/auth/_service_account_info.py", line 78, in from_filename
    with io.open(filename, "r", encoding="utf-8") as json_file:
         ~~~~~~~^^^^^^^^^^^^^^^^^^^^^^^^^^^^^^^^^
FileNotFoundError: [Errno 2] No such file or directory: '/home/rafa1215/consensus-project/memory/system/service_account.json'

[2025-12-07 07:07:29] 🎤 Voice command received: Read my latest email
[2025-12-07 07:07:29] ❌ Error building Gmail service: [Errno 2] No such file or directory: '/home/rafa1215/consensus-project/memory/system/service_account.json'
[2025-12-07 07:07:29] ❌ Error while reading Gmail: [Errno 2] No such file or directory: '/home/rafa1215/consensus-project/memory/system/service_account.json'
Traceback (most recent call last):
  File "/home/rafa1215/consensus-project/tools/voice_gmail_handler.py", line 52, in read_latest_email
    service = get_gmail_service()
  File "/home/rafa1215/consensus-project/tools/voice_gmail_handler.py", line 38, in get_gmail_service
    creds = service_account.Credentials.from_service_account_file(
        SERVICE_FILE, scopes=SCOPES
    )
  File "/home/rafa1215/.local/lib/python3.13/site-packages/google/oauth2/service_account.py", line 264, in from_service_account_file
    info, signer = _service_account_info.from_filename(
                   ~~~~~~~~~~~~~~~~~~~~~~~~~~~~~~~~~~~^
        filename, require=["client_email", "token_uri"]
        ^^^^^^^^^^^^^^^^^^^^^^^^^^^^^^^^^^^^^^^^^^^^^^^
    )
    ^
  File "/home/rafa1215/.local/lib/python3.13/site-packages/google/auth/_service_account_info.py", line 78, in from_filename
    with io.open(filename, "r", encoding="utf-8") as json_file:
         ~~~~~~~^^^^^^^^^^^^^^^^^^^^^^^^^^^^^^^^^
FileNotFoundError: [Errno 2] No such file or directory: '/home/rafa1215/consensus-project/memory/system/service_account.json'

[2025-12-07 07:07:29] 🎤 Voice command received: Read my latest email
[2025-12-07 07:07:29] ❌ Error building Gmail service: [Errno 2] No such file or directory: '/home/rafa1215/consensus-project/memory/system/service_account.json'
[2025-12-07 07:07:29] ❌ Error while reading Gmail: [Errno 2] No such file or directory: '/home/rafa1215/consensus-project/memory/system/service_account.json'
Traceback (most recent call last):
  File "/home/rafa1215/consensus-project/tools/voice_gmail_handler_mutated_8545.py", line 53, in read_latest_email
    service = get_gmail_service()
  File "/home/rafa1215/consensus-project/tools/voice_gmail_handler_mutated_8545.py", line 39, in get_gmail_service
    creds = service_account.Credentials.from_service_account_file(
        SERVICE_FILE, scopes=SCOPES
    )
  File "/home/rafa1215/.local/lib/python3.13/site-packages/google/oauth2/service_account.py", line 264, in from_service_account_file
    info, signer = _service_account_info.from_filename(
                   ~~~~~~~~~~~~~~~~~~~~~~~~~~~~~~~~~~~^
        filename, require=["client_email", "token_uri"]
        ^^^^^^^^^^^^^^^^^^^^^^^^^^^^^^^^^^^^^^^^^^^^^^^
    )
    ^
  File "/home/rafa1215/.local/lib/python3.13/site-packages/google/auth/_service_account_info.py", line 78, in from_filename
    with io.open(filename, "r", encoding="utf-8") as json_file:
         ~~~~~~~^^^^^^^^^^^^^^^^^^^^^^^^^^^^^^^^^
FileNotFoundError: [Errno 2] No such file or directory: '/home/rafa1215/consensus-project/memory/system/service_account.json'

[2025-12-08 07:07:10] 🎤 Voice command received: Read my latest email
[2025-12-08 07:07:10] ❌ Error building Gmail service: [Errno 2] No such file or directory: '/home/rafa1215/consensus-project/memory/system/service_account.json'
[2025-12-08 07:07:11] ❌ Error while reading Gmail: [Errno 2] No such file or directory: '/home/rafa1215/consensus-project/memory/system/service_account.json'
Traceback (most recent call last):
  File "/home/rafa1215/consensus-project/tools/voice_gmail_handler.py", line 52, in read_latest_email
    service = get_gmail_service()
  File "/home/rafa1215/consensus-project/tools/voice_gmail_handler.py", line 38, in get_gmail_service
    creds = service_account.Credentials.from_service_account_file(
        SERVICE_FILE, scopes=SCOPES
    )
  File "/home/rafa1215/.local/lib/python3.13/site-packages/google/oauth2/service_account.py", line 264, in from_service_account_file
    info, signer = _service_account_info.from_filename(
                   ~~~~~~~~~~~~~~~~~~~~~~~~~~~~~~~~~~~^
        filename, require=["client_email", "token_uri"]
        ^^^^^^^^^^^^^^^^^^^^^^^^^^^^^^^^^^^^^^^^^^^^^^^
    )
    ^
  File "/home/rafa1215/.local/lib/python3.13/site-packages/google/auth/_service_account_info.py", line 78, in from_filename
    with io.open(filename, "r", encoding="utf-8") as json_file:
         ~~~~~~~^^^^^^^^^^^^^^^^^^^^^^^^^^^^^^^^^
FileNotFoundError: [Errno 2] No such file or directory: '/home/rafa1215/consensus-project/memory/system/service_account.json'

[2025-12-08 07:07:11] 🎤 Voice command received: Read my latest email
[2025-12-08 07:07:11] ❌ Error building Gmail service: [Errno 2] No such file or directory: '/home/rafa1215/consensus-project/memory/system/service_account.json'
[2025-12-08 07:07:11] ❌ Error while reading Gmail: [Errno 2] No such file or directory: '/home/rafa1215/consensus-project/memory/system/service_account.json'
Traceback (most recent call last):
  File "/home/rafa1215/consensus-project/tools/voice_gmail_handler_mutated_2055.py", line 53, in read_latest_email
    service = get_gmail_service()
  File "/home/rafa1215/consensus-project/tools/voice_gmail_handler_mutated_2055.py", line 39, in get_gmail_service
    creds = service_account.Credentials.from_service_account_file(
        SERVICE_FILE, scopes=SCOPES
    )
  File "/home/rafa1215/.local/lib/python3.13/site-packages/google/oauth2/service_account.py", line 264, in from_service_account_file
    info, signer = _service_account_info.from_filename(
                   ~~~~~~~~~~~~~~~~~~~~~~~~~~~~~~~~~~~^
        filename, require=["client_email", "token_uri"]
        ^^^^^^^^^^^^^^^^^^^^^^^^^^^^^^^^^^^^^^^^^^^^^^^
    )
    ^
  File "/home/rafa1215/.local/lib/python3.13/site-packages/google/auth/_service_account_info.py", line 78, in from_filename
    with io.open(filename, "r", encoding="utf-8") as json_file:
         ~~~~~~~^^^^^^^^^^^^^^^^^^^^^^^^^^^^^^^^^
FileNotFoundError: [Errno 2] No such file or directory: '/home/rafa1215/consensus-project/memory/system/service_account.json'

[2025-12-09 07:07:18] 🎤 Voice command received: Read my latest email
[2025-12-09 07:07:18] ❌ Error building Gmail service: [Errno 2] No such file or directory: '/home/rafa1215/consensus-project/memory/system/service_account.json'
[2025-12-09 07:07:18] ❌ Error while reading Gmail: [Errno 2] No such file or directory: '/home/rafa1215/consensus-project/memory/system/service_account.json'
Traceback (most recent call last):
  File "/home/rafa1215/consensus-project/tools/voice_gmail_handler.py", line 52, in read_latest_email
    service = get_gmail_service()
  File "/home/rafa1215/consensus-project/tools/voice_gmail_handler.py", line 38, in get_gmail_service
    creds = service_account.Credentials.from_service_account_file(
        SERVICE_FILE, scopes=SCOPES
    )
  File "/home/rafa1215/.local/lib/python3.13/site-packages/google/oauth2/service_account.py", line 264, in from_service_account_file
    info, signer = _service_account_info.from_filename(
                   ~~~~~~~~~~~~~~~~~~~~~~~~~~~~~~~~~~~^
        filename, require=["client_email", "token_uri"]
        ^^^^^^^^^^^^^^^^^^^^^^^^^^^^^^^^^^^^^^^^^^^^^^^
    )
    ^
  File "/home/rafa1215/.local/lib/python3.13/site-packages/google/auth/_service_account_info.py", line 78, in from_filename
    with io.open(filename, "r", encoding="utf-8") as json_file:
         ~~~~~~~^^^^^^^^^^^^^^^^^^^^^^^^^^^^^^^^^
FileNotFoundError: [Errno 2] No such file or directory: '/home/rafa1215/consensus-project/memory/system/service_account.json'

[2025-12-09 07:07:19] 🎤 Voice command received: Read my latest email
[2025-12-09 07:07:19] ❌ Error building Gmail service: [Errno 2] No such file or directory: '/home/rafa1215/consensus-project/memory/system/service_account.json'
[2025-12-09 07:07:19] ❌ Error while reading Gmail: [Errno 2] No such file or directory: '/home/rafa1215/consensus-project/memory/system/service_account.json'
Traceback (most recent call last):
  File "/home/rafa1215/consensus-project/tools/voice_gmail_handler_mutated_6102.py", line 52, in read_latest_email
    service = get_gmail_service()
  File "/home/rafa1215/consensus-project/tools/voice_gmail_handler_mutated_6102.py", line 38, in get_gmail_service
    creds = service_account.Credentials.from_service_account_file(
        SERVICE_FILE, scopes=SCOPES
    )
  File "/home/rafa1215/.local/lib/python3.13/site-packages/google/oauth2/service_account.py", line 264, in from_service_account_file
    info, signer = _service_account_info.from_filename(
                   ~~~~~~~~~~~~~~~~~~~~~~~~~~~~~~~~~~~^
        filename, require=["client_email", "token_uri"]
        ^^^^^^^^^^^^^^^^^^^^^^^^^^^^^^^^^^^^^^^^^^^^^^^
    )
    ^
  File "/home/rafa1215/.local/lib/python3.13/site-packages/google/auth/_service_account_info.py", line 78, in from_filename
    with io.open(filename, "r", encoding="utf-8") as json_file:
         ~~~~~~~^^^^^^^^^^^^^^^^^^^^^^^^^^^^^^^^^
FileNotFoundError: [Errno 2] No such file or directory: '/home/rafa1215/consensus-project/memory/system/service_account.json'

[2025-12-10 07:06:49] 🎤 Voice command received: Read my latest email
[2025-12-10 07:06:49] ❌ Error building Gmail service: [Errno 2] No such file or directory: '/home/rafa1215/consensus-project/memory/system/service_account.json'
[2025-12-10 07:06:49] ❌ Error while reading Gmail: [Errno 2] No such file or directory: '/home/rafa1215/consensus-project/memory/system/service_account.json'
Traceback (most recent call last):
  File "/home/rafa1215/consensus-project/tools/voice_gmail_handler.py", line 52, in read_latest_email
    service = get_gmail_service()
  File "/home/rafa1215/consensus-project/tools/voice_gmail_handler.py", line 38, in get_gmail_service
    creds = service_account.Credentials.from_service_account_file(
        SERVICE_FILE, scopes=SCOPES
    )
  File "/home/rafa1215/.local/lib/python3.13/site-packages/google/oauth2/service_account.py", line 264, in from_service_account_file
    info, signer = _service_account_info.from_filename(
                   ~~~~~~~~~~~~~~~~~~~~~~~~~~~~~~~~~~~^
        filename, require=["client_email", "token_uri"]
        ^^^^^^^^^^^^^^^^^^^^^^^^^^^^^^^^^^^^^^^^^^^^^^^
    )
    ^
  File "/home/rafa1215/.local/lib/python3.13/site-packages/google/auth/_service_account_info.py", line 78, in from_filename
    with io.open(filename, "r", encoding="utf-8") as json_file:
         ~~~~~~~^^^^^^^^^^^^^^^^^^^^^^^^^^^^^^^^^
FileNotFoundError: [Errno 2] No such file or directory: '/home/rafa1215/consensus-project/memory/system/service_account.json'

[2025-12-10 07:06:49] 🎤 Voice command received: Read my latest email
[2025-12-10 07:06:49] ❌ Error building Gmail service: [Errno 2] No such file or directory: '/home/rafa1215/consensus-project/memory/system/service_account.json'
[2025-12-10 07:06:49] ❌ Error while reading Gmail: [Errno 2] No such file or directory: '/home/rafa1215/consensus-project/memory/system/service_account.json'
Traceback (most recent call last):
  File "/home/rafa1215/consensus-project/tools/voice_gmail_handler_mutated_9140.py", line 52, in read_latest_email
    service = get_gmail_service()
  File "/home/rafa1215/consensus-project/tools/voice_gmail_handler_mutated_9140.py", line 38, in get_gmail_service
    creds = service_account.Credentials.from_service_account_file(
        SERVICE_FILE, scopes=SCOPES
    )
  File "/home/rafa1215/.local/lib/python3.13/site-packages/google/oauth2/service_account.py", line 264, in from_service_account_file
    info, signer = _service_account_info.from_filename(
                   ~~~~~~~~~~~~~~~~~~~~~~~~~~~~~~~~~~~^
        filename, require=["client_email", "token_uri"]
        ^^^^^^^^^^^^^^^^^^^^^^^^^^^^^^^^^^^^^^^^^^^^^^^
    )
    ^
  File "/home/rafa1215/.local/lib/python3.13/site-packages/google/auth/_service_account_info.py", line 78, in from_filename
    with io.open(filename, "r", encoding="utf-8") as json_file:
         ~~~~~~~^^^^^^^^^^^^^^^^^^^^^^^^^^^^^^^^^
FileNotFoundError: [Errno 2] No such file or directory: '/home/rafa1215/consensus-project/memory/system/service_account.json'

[2025-12-11 07:07:15] 🎤 Voice command received: Read my latest email
[2025-12-11 07:07:15] ❌ Error building Gmail service: [Errno 2] No such file or directory: '/home/rafa1215/consensus-project/memory/system/service_account.json'
[2025-12-11 07:07:15] ❌ Error while reading Gmail: [Errno 2] No such file or directory: '/home/rafa1215/consensus-project/memory/system/service_account.json'
Traceback (most recent call last):
  File "/home/rafa1215/consensus-project/tools/voice_gmail_handler.py", line 52, in read_latest_email
    service = get_gmail_service()
  File "/home/rafa1215/consensus-project/tools/voice_gmail_handler.py", line 38, in get_gmail_service
    creds = service_account.Credentials.from_service_account_file(
        SERVICE_FILE, scopes=SCOPES
    )
  File "/home/rafa1215/.local/lib/python3.13/site-packages/google/oauth2/service_account.py", line 264, in from_service_account_file
    info, signer = _service_account_info.from_filename(
                   ~~~~~~~~~~~~~~~~~~~~~~~~~~~~~~~~~~~^
        filename, require=["client_email", "token_uri"]
        ^^^^^^^^^^^^^^^^^^^^^^^^^^^^^^^^^^^^^^^^^^^^^^^
    )
    ^
  File "/home/rafa1215/.local/lib/python3.13/site-packages/google/auth/_service_account_info.py", line 78, in from_filename
    with io.open(filename, "r", encoding="utf-8") as json_file:
         ~~~~~~~^^^^^^^^^^^^^^^^^^^^^^^^^^^^^^^^^
FileNotFoundError: [Errno 2] No such file or directory: '/home/rafa1215/consensus-project/memory/system/service_account.json'

[2025-12-11 07:07:16] 🎤 Voice command received: Read my latest email
[2025-12-11 07:07:16] ❌ Error building Gmail service: [Errno 2] No such file or directory: '/home/rafa1215/consensus-project/memory/system/service_account.json'
[2025-12-11 07:07:16] ❌ Error while reading Gmail: [Errno 2] No such file or directory: '/home/rafa1215/consensus-project/memory/system/service_account.json'
Traceback (most recent call last):
  File "/home/rafa1215/consensus-project/tools/voice_gmail_handler_mutated_3377.py", line 52, in read_latest_email
    service = get_gmail_service()
  File "/home/rafa1215/consensus-project/tools/voice_gmail_handler_mutated_3377.py", line 38, in get_gmail_service
    creds = service_account.Credentials.from_service_account_file(
        SERVICE_FILE, scopes=SCOPES
    )
  File "/home/rafa1215/.local/lib/python3.13/site-packages/google/oauth2/service_account.py", line 264, in from_service_account_file
    info, signer = _service_account_info.from_filename(
                   ~~~~~~~~~~~~~~~~~~~~~~~~~~~~~~~~~~~^
        filename, require=["client_email", "token_uri"]
        ^^^^^^^^^^^^^^^^^^^^^^^^^^^^^^^^^^^^^^^^^^^^^^^
    )
    ^
  File "/home/rafa1215/.local/lib/python3.13/site-packages/google/auth/_service_account_info.py", line 78, in from_filename
    with io.open(filename, "r", encoding="utf-8") as json_file:
         ~~~~~~~^^^^^^^^^^^^^^^^^^^^^^^^^^^^^^^^^
FileNotFoundError: [Errno 2] No such file or directory: '/home/rafa1215/consensus-project/memory/system/service_account.json'

[2025-12-12 07:07:20] 🎤 Voice command received: Read my latest email
[2025-12-12 07:07:20] ❌ Error building Gmail service: [Errno 2] No such file or directory: '/home/rafa1215/consensus-project/memory/system/service_account.json'
[2025-12-12 07:07:20] ❌ Error while reading Gmail: [Errno 2] No such file or directory: '/home/rafa1215/consensus-project/memory/system/service_account.json'
Traceback (most recent call last):
  File "/home/rafa1215/consensus-project/tools/voice_gmail_handler.py", line 52, in read_latest_email
    service = get_gmail_service()
  File "/home/rafa1215/consensus-project/tools/voice_gmail_handler.py", line 38, in get_gmail_service
    creds = service_account.Credentials.from_service_account_file(
        SERVICE_FILE, scopes=SCOPES
    )
  File "/home/rafa1215/.local/lib/python3.13/site-packages/google/oauth2/service_account.py", line 264, in from_service_account_file
    info, signer = _service_account_info.from_filename(
                   ~~~~~~~~~~~~~~~~~~~~~~~~~~~~~~~~~~~^
        filename, require=["client_email", "token_uri"]
        ^^^^^^^^^^^^^^^^^^^^^^^^^^^^^^^^^^^^^^^^^^^^^^^
    )
    ^
  File "/home/rafa1215/.local/lib/python3.13/site-packages/google/auth/_service_account_info.py", line 78, in from_filename
    with io.open(filename, "r", encoding="utf-8") as json_file:
         ~~~~~~~^^^^^^^^^^^^^^^^^^^^^^^^^^^^^^^^^
FileNotFoundError: [Errno 2] No such file or directory: '/home/rafa1215/consensus-project/memory/system/service_account.json'

[2025-12-12 07:07:21] 🎤 Voice command received: Read my latest email
[2025-12-12 07:07:21] ❌ Error building Gmail service: [Errno 2] No such file or directory: '/home/rafa1215/consensus-project/memory/system/service_account.json'
[2025-12-12 07:07:21] ❌ Error while reading Gmail: [Errno 2] No such file or directory: '/home/rafa1215/consensus-project/memory/system/service_account.json'
Traceback (most recent call last):
  File "/home/rafa1215/consensus-project/tools/voice_gmail_handler_mutated_3045.py", line 53, in read_latest_email
    service = get_gmail_service()
  File "/home/rafa1215/consensus-project/tools/voice_gmail_handler_mutated_3045.py", line 38, in get_gmail_service
    creds = service_account.Credentials.from_service_account_file(
        SERVICE_FILE, scopes=SCOPES
    )
  File "/home/rafa1215/.local/lib/python3.13/site-packages/google/oauth2/service_account.py", line 264, in from_service_account_file
    info, signer = _service_account_info.from_filename(
                   ~~~~~~~~~~~~~~~~~~~~~~~~~~~~~~~~~~~^
        filename, require=["client_email", "token_uri"]
        ^^^^^^^^^^^^^^^^^^^^^^^^^^^^^^^^^^^^^^^^^^^^^^^
    )
    ^
  File "/home/rafa1215/.local/lib/python3.13/site-packages/google/auth/_service_account_info.py", line 78, in from_filename
    with io.open(filename, "r", encoding="utf-8") as json_file:
         ~~~~~~~^^^^^^^^^^^^^^^^^^^^^^^^^^^^^^^^^
FileNotFoundError: [Errno 2] No such file or directory: '/home/rafa1215/consensus-project/memory/system/service_account.json'

[2025-12-13 07:07:23] 🎤 Voice command received: Read my latest email
[2025-12-13 07:07:23] ❌ Error building Gmail service: [Errno 2] No such file or directory: '/home/rafa1215/consensus-project/memory/system/service_account.json'
[2025-12-13 07:07:23] ❌ Error while reading Gmail: [Errno 2] No such file or directory: '/home/rafa1215/consensus-project/memory/system/service_account.json'
Traceback (most recent call last):
  File "/home/rafa1215/consensus-project/tools/voice_gmail_handler.py", line 53, in read_latest_email
    service = get_gmail_service()
  File "/home/rafa1215/consensus-project/tools/voice_gmail_handler.py", line 38, in get_gmail_service
    creds = service_account.Credentials.from_service_account_file(
        SERVICE_FILE, scopes=SCOPES
    )
  File "/home/rafa1215/.local/lib/python3.13/site-packages/google/oauth2/service_account.py", line 264, in from_service_account_file
    info, signer = _service_account_info.from_filename(
                   ~~~~~~~~~~~~~~~~~~~~~~~~~~~~~~~~~~~^
        filename, require=["client_email", "token_uri"]
        ^^^^^^^^^^^^^^^^^^^^^^^^^^^^^^^^^^^^^^^^^^^^^^^
    )
    ^
  File "/home/rafa1215/.local/lib/python3.13/site-packages/google/auth/_service_account_info.py", line 78, in from_filename
    with io.open(filename, "r", encoding="utf-8") as json_file:
         ~~~~~~~^^^^^^^^^^^^^^^^^^^^^^^^^^^^^^^^^
FileNotFoundError: [Errno 2] No such file or directory: '/home/rafa1215/consensus-project/memory/system/service_account.json'

[2025-12-13 07:07:23] 🎤 Voice command received: Read my latest email
[2025-12-13 07:07:23] ❌ Error building Gmail service: [Errno 2] No such file or directory: '/home/rafa1215/consensus-project/memory/system/service_account.json'
[2025-12-13 07:07:23] ❌ Error while reading Gmail: [Errno 2] No such file or directory: '/home/rafa1215/consensus-project/memory/system/service_account.json'
Traceback (most recent call last):
  File "/home/rafa1215/consensus-project/tools/voice_gmail_handler_mutated_8527.py", line 54, in read_latest_email
    service = get_gmail_service()
  File "/home/rafa1215/consensus-project/tools/voice_gmail_handler_mutated_8527.py", line 39, in get_gmail_service
    creds = service_account.Credentials.from_service_account_file(
        SERVICE_FILE, scopes=SCOPES
    )
  File "/home/rafa1215/.local/lib/python3.13/site-packages/google/oauth2/service_account.py", line 264, in from_service_account_file
    info, signer = _service_account_info.from_filename(
                   ~~~~~~~~~~~~~~~~~~~~~~~~~~~~~~~~~~~^
        filename, require=["client_email", "token_uri"]
        ^^^^^^^^^^^^^^^^^^^^^^^^^^^^^^^^^^^^^^^^^^^^^^^
    )
    ^
  File "/home/rafa1215/.local/lib/python3.13/site-packages/google/auth/_service_account_info.py", line 78, in from_filename
    with io.open(filename, "r", encoding="utf-8") as json_file:
         ~~~~~~~^^^^^^^^^^^^^^^^^^^^^^^^^^^^^^^^^
FileNotFoundError: [Errno 2] No such file or directory: '/home/rafa1215/consensus-project/memory/system/service_account.json'

[2025-12-15 07:08:00] 🎤 Voice command received: Read my latest email
[2025-12-15 07:08:00] ❌ Error building Gmail service: [Errno 2] No such file or directory: '/home/rafa1215/consensus-project/memory/system/service_account.json'
[2025-12-15 07:08:00] ❌ Error while reading Gmail: [Errno 2] No such file or directory: '/home/rafa1215/consensus-project/memory/system/service_account.json'
Traceback (most recent call last):
  File "/home/rafa1215/consensus-project/tools/voice_gmail_handler.py", line 53, in read_latest_email
    service = get_gmail_service()
  File "/home/rafa1215/consensus-project/tools/voice_gmail_handler.py", line 38, in get_gmail_service
    creds = service_account.Credentials.from_service_account_file(
        SERVICE_FILE, scopes=SCOPES
    )
  File "/home/rafa1215/.local/lib/python3.13/site-packages/google/oauth2/service_account.py", line 264, in from_service_account_file
    info, signer = _service_account_info.from_filename(
                   ~~~~~~~~~~~~~~~~~~~~~~~~~~~~~~~~~~~^
        filename, require=["client_email", "token_uri"]
        ^^^^^^^^^^^^^^^^^^^^^^^^^^^^^^^^^^^^^^^^^^^^^^^
    )
    ^
  File "/home/rafa1215/.local/lib/python3.13/site-packages/google/auth/_service_account_info.py", line 78, in from_filename
    with io.open(filename, "r", encoding="utf-8") as json_file:
         ~~~~~~~^^^^^^^^^^^^^^^^^^^^^^^^^^^^^^^^^
FileNotFoundError: [Errno 2] No such file or directory: '/home/rafa1215/consensus-project/memory/system/service_account.json'

[2025-12-15 07:08:00] 🎤 Voice command received: Read my latest email
[2025-12-15 07:08:00] ❌ Error building Gmail service: [Errno 2] No such file or directory: '/home/rafa1215/consensus-project/memory/system/service_account.json'
[2025-12-15 07:08:00] ❌ Error while reading Gmail: [Errno 2] No such file or directory: '/home/rafa1215/consensus-project/memory/system/service_account.json'
Traceback (most recent call last):
  File "/home/rafa1215/consensus-project/tools/voice_gmail_handler_mutated_2380.py", line 53, in read_latest_email
    service = get_gmail_service()
  File "/home/rafa1215/consensus-project/tools/voice_gmail_handler_mutated_2380.py", line 38, in get_gmail_service
    creds = service_account.Credentials.from_service_account_file(
        SERVICE_FILE, scopes=SCOPES
    )
  File "/home/rafa1215/.local/lib/python3.13/site-packages/google/oauth2/service_account.py", line 264, in from_service_account_file
    info, signer = _service_account_info.from_filename(
                   ~~~~~~~~~~~~~~~~~~~~~~~~~~~~~~~~~~~^
        filename, require=["client_email", "token_uri"]
        ^^^^^^^^^^^^^^^^^^^^^^^^^^^^^^^^^^^^^^^^^^^^^^^
    )
    ^
  File "/home/rafa1215/.local/lib/python3.13/site-packages/google/auth/_service_account_info.py", line 78, in from_filename
    with io.open(filename, "r", encoding="utf-8") as json_file:
         ~~~~~~~^^^^^^^^^^^^^^^^^^^^^^^^^^^^^^^^^
FileNotFoundError: [Errno 2] No such file or directory: '/home/rafa1215/consensus-project/memory/system/service_account.json'

[2025-12-16 07:07:56] 🎤 Voice command received: Read my latest email
[2025-12-16 07:07:56] ❌ Error building Gmail service: [Errno 2] No such file or directory: '/home/rafa1215/consensus-project/memory/system/service_account.json'
[2025-12-16 07:07:56] ❌ Error while reading Gmail: [Errno 2] No such file or directory: '/home/rafa1215/consensus-project/memory/system/service_account.json'
Traceback (most recent call last):
  File "/home/rafa1215/consensus-project/tools/voice_gmail_handler.py", line 53, in read_latest_email
    service = get_gmail_service()
  File "/home/rafa1215/consensus-project/tools/voice_gmail_handler.py", line 38, in get_gmail_service
    creds = service_account.Credentials.from_service_account_file(
        SERVICE_FILE, scopes=SCOPES
    )
  File "/home/rafa1215/.local/lib/python3.13/site-packages/google/oauth2/service_account.py", line 264, in from_service_account_file
    info, signer = _service_account_info.from_filename(
                   ~~~~~~~~~~~~~~~~~~~~~~~~~~~~~~~~~~~^
        filename, require=["client_email", "token_uri"]
        ^^^^^^^^^^^^^^^^^^^^^^^^^^^^^^^^^^^^^^^^^^^^^^^
    )
    ^
  File "/home/rafa1215/.local/lib/python3.13/site-packages/google/auth/_service_account_info.py", line 78, in from_filename
    with io.open(filename, "r", encoding="utf-8") as json_file:
         ~~~~~~~^^^^^^^^^^^^^^^^^^^^^^^^^^^^^^^^^
FileNotFoundError: [Errno 2] No such file or directory: '/home/rafa1215/consensus-project/memory/system/service_account.json'

[2025-12-16 07:07:56] 🎤 Voice command received: Read my latest email
[2025-12-16 07:07:56] ❌ Error building Gmail service: [Errno 2] No such file or directory: '/home/rafa1215/consensus-project/memory/system/service_account.json'
[2025-12-16 07:07:56] ❌ Error while reading Gmail: [Errno 2] No such file or directory: '/home/rafa1215/consensus-project/memory/system/service_account.json'
Traceback (most recent call last):
  File "/home/rafa1215/consensus-project/tools/voice_gmail_handler_mutated_9751.py", line 53, in read_latest_email
    service = get_gmail_service()
  File "/home/rafa1215/consensus-project/tools/voice_gmail_handler_mutated_9751.py", line 38, in get_gmail_service
    creds = service_account.Credentials.from_service_account_file(
        SERVICE_FILE, scopes=SCOPES
    )
  File "/home/rafa1215/.local/lib/python3.13/site-packages/google/oauth2/service_account.py", line 264, in from_service_account_file
    info, signer = _service_account_info.from_filename(
                   ~~~~~~~~~~~~~~~~~~~~~~~~~~~~~~~~~~~^
        filename, require=["client_email", "token_uri"]
        ^^^^^^^^^^^^^^^^^^^^^^^^^^^^^^^^^^^^^^^^^^^^^^^
    )
    ^
  File "/home/rafa1215/.local/lib/python3.13/site-packages/google/auth/_service_account_info.py", line 78, in from_filename
    with io.open(filename, "r", encoding="utf-8") as json_file:
         ~~~~~~~^^^^^^^^^^^^^^^^^^^^^^^^^^^^^^^^^
FileNotFoundError: [Errno 2] No such file or directory: '/home/rafa1215/consensus-project/memory/system/service_account.json'

[2025-12-17 07:08:28] 🎤 Voice command received: Read my latest email
[2025-12-17 07:08:28] ❌ Error building Gmail service: [Errno 2] No such file or directory: '/home/rafa1215/consensus-project/memory/system/service_account.json'
[2025-12-17 07:08:28] ❌ Error while reading Gmail: [Errno 2] No such file or directory: '/home/rafa1215/consensus-project/memory/system/service_account.json'
Traceback (most recent call last):
  File "/home/rafa1215/consensus-project/tools/voice_gmail_handler.py", line 53, in read_latest_email
    service = get_gmail_service()
  File "/home/rafa1215/consensus-project/tools/voice_gmail_handler.py", line 38, in get_gmail_service
    creds = service_account.Credentials.from_service_account_file(
        SERVICE_FILE, scopes=SCOPES
    )
  File "/home/rafa1215/.local/lib/python3.13/site-packages/google/oauth2/service_account.py", line 264, in from_service_account_file
    info, signer = _service_account_info.from_filename(
                   ~~~~~~~~~~~~~~~~~~~~~~~~~~~~~~~~~~~^
        filename, require=["client_email", "token_uri"]
        ^^^^^^^^^^^^^^^^^^^^^^^^^^^^^^^^^^^^^^^^^^^^^^^
    )
    ^
  File "/home/rafa1215/.local/lib/python3.13/site-packages/google/auth/_service_account_info.py", line 78, in from_filename
    with io.open(filename, "r", encoding="utf-8") as json_file:
         ~~~~~~~^^^^^^^^^^^^^^^^^^^^^^^^^^^^^^^^^
FileNotFoundError: [Errno 2] No such file or directory: '/home/rafa1215/consensus-project/memory/system/service_account.json'

[2025-12-17 07:08:29] 🎤 Voice command received: Read my latest email
[2025-12-17 07:08:29] ❌ Error building Gmail service: [Errno 2] No such file or directory: '/home/rafa1215/consensus-project/memory/system/service_account.json'
[2025-12-17 07:08:29] ❌ Error while reading Gmail: [Errno 2] No such file or directory: '/home/rafa1215/consensus-project/memory/system/service_account.json'
Traceback (most recent call last):
  File "/home/rafa1215/consensus-project/tools/voice_gmail_handler_mutated_5483.py", line 53, in read_latest_email
    service = get_gmail_service()
  File "/home/rafa1215/consensus-project/tools/voice_gmail_handler_mutated_5483.py", line 38, in get_gmail_service
    creds = service_account.Credentials.from_service_account_file(
        SERVICE_FILE, scopes=SCOPES
    )
  File "/home/rafa1215/.local/lib/python3.13/site-packages/google/oauth2/service_account.py", line 264, in from_service_account_file
    info, signer = _service_account_info.from_filename(
                   ~~~~~~~~~~~~~~~~~~~~~~~~~~~~~~~~~~~^
        filename, require=["client_email", "token_uri"]
        ^^^^^^^^^^^^^^^^^^^^^^^^^^^^^^^^^^^^^^^^^^^^^^^
    )
    ^
  File "/home/rafa1215/.local/lib/python3.13/site-packages/google/auth/_service_account_info.py", line 78, in from_filename
    with io.open(filename, "r", encoding="utf-8") as json_file:
         ~~~~~~~^^^^^^^^^^^^^^^^^^^^^^^^^^^^^^^^^
FileNotFoundError: [Errno 2] No such file or directory: '/home/rafa1215/consensus-project/memory/system/service_account.json'

[2025-12-18 07:07:40] 🎤 Voice command received: Read my latest email
[2025-12-18 07:07:40] ❌ Error building Gmail service: [Errno 2] No such file or directory: '/home/rafa1215/consensus-project/memory/system/service_account.json'
[2025-12-18 07:07:40] ❌ Error while reading Gmail: [Errno 2] No such file or directory: '/home/rafa1215/consensus-project/memory/system/service_account.json'
Traceback (most recent call last):
  File "/home/rafa1215/consensus-project/tools/voice_gmail_handler.py", line 53, in read_latest_email
    service = get_gmail_service()
  File "/home/rafa1215/consensus-project/tools/voice_gmail_handler.py", line 38, in get_gmail_service
    creds = service_account.Credentials.from_service_account_file(
        SERVICE_FILE, scopes=SCOPES
    )
  File "/home/rafa1215/.local/lib/python3.13/site-packages/google/oauth2/service_account.py", line 264, in from_service_account_file
    info, signer = _service_account_info.from_filename(
                   ~~~~~~~~~~~~~~~~~~~~~~~~~~~~~~~~~~~^
        filename, require=["client_email", "token_uri"]
        ^^^^^^^^^^^^^^^^^^^^^^^^^^^^^^^^^^^^^^^^^^^^^^^
    )
    ^
  File "/home/rafa1215/.local/lib/python3.13/site-packages/google/auth/_service_account_info.py", line 78, in from_filename
    with io.open(filename, "r", encoding="utf-8") as json_file:
         ~~~~~~~^^^^^^^^^^^^^^^^^^^^^^^^^^^^^^^^^
FileNotFoundError: [Errno 2] No such file or directory: '/home/rafa1215/consensus-project/memory/system/service_account.json'

[2025-12-18 07:07:40] 🎤 Voice command received: Read my latest email
[2025-12-18 07:07:40] ❌ Error building Gmail service: [Errno 2] No such file or directory: '/home/rafa1215/consensus-project/memory/system/service_account.json'
[2025-12-18 07:07:40] ❌ Error while reading Gmail: [Errno 2] No such file or directory: '/home/rafa1215/consensus-project/memory/system/service_account.json'
Traceback (most recent call last):
  File "/home/rafa1215/consensus-project/tools/voice_gmail_handler_mutated_5896.py", line 53, in read_latest_email
    service = get_gmail_service()
  File "/home/rafa1215/consensus-project/tools/voice_gmail_handler_mutated_5896.py", line 38, in get_gmail_service
    creds = service_account.Credentials.from_service_account_file(
        SERVICE_FILE, scopes=SCOPES
    )
  File "/home/rafa1215/.local/lib/python3.13/site-packages/google/oauth2/service_account.py", line 264, in from_service_account_file
    info, signer = _service_account_info.from_filename(
                   ~~~~~~~~~~~~~~~~~~~~~~~~~~~~~~~~~~~^
        filename, require=["client_email", "token_uri"]
        ^^^^^^^^^^^^^^^^^^^^^^^^^^^^^^^^^^^^^^^^^^^^^^^
    )
    ^
  File "/home/rafa1215/.local/lib/python3.13/site-packages/google/auth/_service_account_info.py", line 78, in from_filename
    with io.open(filename, "r", encoding="utf-8") as json_file:
         ~~~~~~~^^^^^^^^^^^^^^^^^^^^^^^^^^^^^^^^^
FileNotFoundError: [Errno 2] No such file or directory: '/home/rafa1215/consensus-project/memory/system/service_account.json'

[2025-12-19 07:07:53] 🎤 Voice command received: Read my latest email
[2025-12-19 07:07:53] ❌ Error building Gmail service: [Errno 2] No such file or directory: '/home/rafa1215/consensus-project/memory/system/service_account.json'
[2025-12-19 07:07:53] ❌ Error while reading Gmail: [Errno 2] No such file or directory: '/home/rafa1215/consensus-project/memory/system/service_account.json'
Traceback (most recent call last):
  File "/home/rafa1215/consensus-project/tools/voice_gmail_handler.py", line 53, in read_latest_email
    service = get_gmail_service()
  File "/home/rafa1215/consensus-project/tools/voice_gmail_handler.py", line 38, in get_gmail_service
    creds = service_account.Credentials.from_service_account_file(
        SERVICE_FILE, scopes=SCOPES
    )
  File "/home/rafa1215/.local/lib/python3.13/site-packages/google/oauth2/service_account.py", line 264, in from_service_account_file
    info, signer = _service_account_info.from_filename(
                   ~~~~~~~~~~~~~~~~~~~~~~~~~~~~~~~~~~~^
        filename, require=["client_email", "token_uri"]
        ^^^^^^^^^^^^^^^^^^^^^^^^^^^^^^^^^^^^^^^^^^^^^^^
    )
    ^
  File "/home/rafa1215/.local/lib/python3.13/site-packages/google/auth/_service_account_info.py", line 78, in from_filename
    with io.open(filename, "r", encoding="utf-8") as json_file:
         ~~~~~~~^^^^^^^^^^^^^^^^^^^^^^^^^^^^^^^^^
FileNotFoundError: [Errno 2] No such file or directory: '/home/rafa1215/consensus-project/memory/system/service_account.json'

[2025-12-19 07:07:53] 🎤 Voice command received: Read my latest email
[2025-12-19 07:07:53] ❌ Error building Gmail service: [Errno 2] No such file or directory: '/home/rafa1215/consensus-project/memory/system/service_account.json'
[2025-12-19 07:07:53] ❌ Error while reading Gmail: [Errno 2] No such file or directory: '/home/rafa1215/consensus-project/memory/system/service_account.json'
Traceback (most recent call last):
  File "/home/rafa1215/consensus-project/tools/voice_gmail_handler_mutated_1212.py", line 53, in read_latest_email
    service = get_gmail_service()
  File "/home/rafa1215/consensus-project/tools/voice_gmail_handler_mutated_1212.py", line 38, in get_gmail_service
    creds = service_account.Credentials.from_service_account_file(
        SERVICE_FILE, scopes=SCOPES
    )
  File "/home/rafa1215/.local/lib/python3.13/site-packages/google/oauth2/service_account.py", line 264, in from_service_account_file
    info, signer = _service_account_info.from_filename(
                   ~~~~~~~~~~~~~~~~~~~~~~~~~~~~~~~~~~~^
        filename, require=["client_email", "token_uri"]
        ^^^^^^^^^^^^^^^^^^^^^^^^^^^^^^^^^^^^^^^^^^^^^^^
    )
    ^
  File "/home/rafa1215/.local/lib/python3.13/site-packages/google/auth/_service_account_info.py", line 78, in from_filename
    with io.open(filename, "r", encoding="utf-8") as json_file:
         ~~~~~~~^^^^^^^^^^^^^^^^^^^^^^^^^^^^^^^^^
FileNotFoundError: [Errno 2] No such file or directory: '/home/rafa1215/consensus-project/memory/system/service_account.json'

[2025-12-20 07:07:40] 🎤 Voice command received: Read my latest email
[2025-12-20 07:07:40] ❌ Error building Gmail service: [Errno 2] No such file or directory: '/home/rafa1215/consensus-project/memory/system/service_account.json'
[2025-12-20 07:07:40] ❌ Error while reading Gmail: [Errno 2] No such file or directory: '/home/rafa1215/consensus-project/memory/system/service_account.json'
Traceback (most recent call last):
  File "/home/rafa1215/consensus-project/tools/voice_gmail_handler.py", line 53, in read_latest_email
    service = get_gmail_service()
  File "/home/rafa1215/consensus-project/tools/voice_gmail_handler.py", line 38, in get_gmail_service
    creds = service_account.Credentials.from_service_account_file(
        SERVICE_FILE, scopes=SCOPES
    )
  File "/home/rafa1215/.local/lib/python3.13/site-packages/google/oauth2/service_account.py", line 264, in from_service_account_file
    info, signer = _service_account_info.from_filename(
                   ~~~~~~~~~~~~~~~~~~~~~~~~~~~~~~~~~~~^
        filename, require=["client_email", "token_uri"]
        ^^^^^^^^^^^^^^^^^^^^^^^^^^^^^^^^^^^^^^^^^^^^^^^
    )
    ^
  File "/home/rafa1215/.local/lib/python3.13/site-packages/google/auth/_service_account_info.py", line 78, in from_filename
    with io.open(filename, "r", encoding="utf-8") as json_file:
         ~~~~~~~^^^^^^^^^^^^^^^^^^^^^^^^^^^^^^^^^
FileNotFoundError: [Errno 2] No such file or directory: '/home/rafa1215/consensus-project/memory/system/service_account.json'

[2025-12-20 07:07:40] 🎤 Voice command received: Read my latest email
[2025-12-20 07:07:40] ❌ Error building Gmail service: [Errno 2] No such file or directory: '/home/rafa1215/consensus-project/memory/system/service_account.json'
[2025-12-20 07:07:40] ❌ Error while reading Gmail: [Errno 2] No such file or directory: '/home/rafa1215/consensus-project/memory/system/service_account.json'
Traceback (most recent call last):
  File "/home/rafa1215/consensus-project/tools/voice_gmail_handler_mutated_6449.py", line 54, in read_latest_email
    service = get_gmail_service()
  File "/home/rafa1215/consensus-project/tools/voice_gmail_handler_mutated_6449.py", line 39, in get_gmail_service
    creds = service_account.Credentials.from_service_account_file(
        SERVICE_FILE, scopes=SCOPES
    )
  File "/home/rafa1215/.local/lib/python3.13/site-packages/google/oauth2/service_account.py", line 264, in from_service_account_file
    info, signer = _service_account_info.from_filename(
                   ~~~~~~~~~~~~~~~~~~~~~~~~~~~~~~~~~~~^
        filename, require=["client_email", "token_uri"]
        ^^^^^^^^^^^^^^^^^^^^^^^^^^^^^^^^^^^^^^^^^^^^^^^
    )
    ^
  File "/home/rafa1215/.local/lib/python3.13/site-packages/google/auth/_service_account_info.py", line 78, in from_filename
    with io.open(filename, "r", encoding="utf-8") as json_file:
         ~~~~~~~^^^^^^^^^^^^^^^^^^^^^^^^^^^^^^^^^
FileNotFoundError: [Errno 2] No such file or directory: '/home/rafa1215/consensus-project/memory/system/service_account.json'

[2025-12-21 07:08:11] 🎤 Voice command received: Read my latest email
[2025-12-21 07:08:11] ❌ Error building Gmail service: [Errno 2] No such file or directory: '/home/rafa1215/consensus-project/memory/system/service_account.json'
[2025-12-21 07:08:11] ❌ Error while reading Gmail: [Errno 2] No such file or directory: '/home/rafa1215/consensus-project/memory/system/service_account.json'
Traceback (most recent call last):
  File "/home/rafa1215/consensus-project/tools/voice_gmail_handler.py", line 54, in read_latest_email
    service = get_gmail_service()
  File "/home/rafa1215/consensus-project/tools/voice_gmail_handler.py", line 39, in get_gmail_service
    creds = service_account.Credentials.from_service_account_file(
        SERVICE_FILE, scopes=SCOPES
    )
  File "/home/rafa1215/.local/lib/python3.13/site-packages/google/oauth2/service_account.py", line 264, in from_service_account_file
    info, signer = _service_account_info.from_filename(
                   ~~~~~~~~~~~~~~~~~~~~~~~~~~~~~~~~~~~^
        filename, require=["client_email", "token_uri"]
        ^^^^^^^^^^^^^^^^^^^^^^^^^^^^^^^^^^^^^^^^^^^^^^^
    )
    ^
  File "/home/rafa1215/.local/lib/python3.13/site-packages/google/auth/_service_account_info.py", line 78, in from_filename
    with io.open(filename, "r", encoding="utf-8") as json_file:
         ~~~~~~~^^^^^^^^^^^^^^^^^^^^^^^^^^^^^^^^^
FileNotFoundError: [Errno 2] No such file or directory: '/home/rafa1215/consensus-project/memory/system/service_account.json'

[2025-12-21 07:08:11] 🎤 Voice command received: Read my latest email
[2025-12-21 07:08:11] ❌ Error building Gmail service: [Errno 2] No such file or directory: '/home/rafa1215/consensus-project/memory/system/service_account.json'
[2025-12-21 07:08:11] ❌ Error while reading Gmail: [Errno 2] No such file or directory: '/home/rafa1215/consensus-project/memory/system/service_account.json'
Traceback (most recent call last):
  File "/home/rafa1215/consensus-project/tools/voice_gmail_handler_mutated_7867.py", line 55, in read_latest_email
    service = get_gmail_service()
  File "/home/rafa1215/consensus-project/tools/voice_gmail_handler_mutated_7867.py", line 40, in get_gmail_service
    creds = service_account.Credentials.from_service_account_file(
        SERVICE_FILE, scopes=SCOPES
    )
  File "/home/rafa1215/.local/lib/python3.13/site-packages/google/oauth2/service_account.py", line 264, in from_service_account_file
    info, signer = _service_account_info.from_filename(
                   ~~~~~~~~~~~~~~~~~~~~~~~~~~~~~~~~~~~^
        filename, require=["client_email", "token_uri"]
        ^^^^^^^^^^^^^^^^^^^^^^^^^^^^^^^^^^^^^^^^^^^^^^^
    )
    ^
  File "/home/rafa1215/.local/lib/python3.13/site-packages/google/auth/_service_account_info.py", line 78, in from_filename
    with io.open(filename, "r", encoding="utf-8") as json_file:
         ~~~~~~~^^^^^^^^^^^^^^^^^^^^^^^^^^^^^^^^^
FileNotFoundError: [Errno 2] No such file or directory: '/home/rafa1215/consensus-project/memory/system/service_account.json'

[2025-12-22 07:08:16] 🎤 Voice command received: Read my latest email
[2025-12-22 07:08:16] ❌ Error building Gmail service: [Errno 2] No such file or directory: '/home/rafa1215/consensus-project/memory/system/service_account.json'
[2025-12-22 07:08:16] ❌ Error while reading Gmail: [Errno 2] No such file or directory: '/home/rafa1215/consensus-project/memory/system/service_account.json'
Traceback (most recent call last):
  File "/home/rafa1215/consensus-project/tools/voice_gmail_handler.py", line 55, in read_latest_email
    service = get_gmail_service()
  File "/home/rafa1215/consensus-project/tools/voice_gmail_handler.py", line 40, in get_gmail_service
    creds = service_account.Credentials.from_service_account_file(
        SERVICE_FILE, scopes=SCOPES
    )
  File "/home/rafa1215/.local/lib/python3.13/site-packages/google/oauth2/service_account.py", line 264, in from_service_account_file
    info, signer = _service_account_info.from_filename(
                   ~~~~~~~~~~~~~~~~~~~~~~~~~~~~~~~~~~~^
        filename, require=["client_email", "token_uri"]
        ^^^^^^^^^^^^^^^^^^^^^^^^^^^^^^^^^^^^^^^^^^^^^^^
    )
    ^
  File "/home/rafa1215/.local/lib/python3.13/site-packages/google/auth/_service_account_info.py", line 78, in from_filename
    with io.open(filename, "r", encoding="utf-8") as json_file:
         ~~~~~~~^^^^^^^^^^^^^^^^^^^^^^^^^^^^^^^^^
FileNotFoundError: [Errno 2] No such file or directory: '/home/rafa1215/consensus-project/memory/system/service_account.json'

[2025-12-22 07:08:17] 🎤 Voice command received: Read my latest email
[2025-12-22 07:08:17] ❌ Error building Gmail service: [Errno 2] No such file or directory: '/home/rafa1215/consensus-project/memory/system/service_account.json'
[2025-12-22 07:08:17] ❌ Error while reading Gmail: [Errno 2] No such file or directory: '/home/rafa1215/consensus-project/memory/system/service_account.json'
Traceback (most recent call last):
  File "/home/rafa1215/consensus-project/tools/voice_gmail_handler_mutated_3083.py", line 55, in read_latest_email
    service = get_gmail_service()
  File "/home/rafa1215/consensus-project/tools/voice_gmail_handler_mutated_3083.py", line 40, in get_gmail_service
    creds = service_account.Credentials.from_service_account_file(
        SERVICE_FILE, scopes=SCOPES
    )
  File "/home/rafa1215/.local/lib/python3.13/site-packages/google/oauth2/service_account.py", line 264, in from_service_account_file
    info, signer = _service_account_info.from_filename(
                   ~~~~~~~~~~~~~~~~~~~~~~~~~~~~~~~~~~~^
        filename, require=["client_email", "token_uri"]
        ^^^^^^^^^^^^^^^^^^^^^^^^^^^^^^^^^^^^^^^^^^^^^^^
    )
    ^
  File "/home/rafa1215/.local/lib/python3.13/site-packages/google/auth/_service_account_info.py", line 78, in from_filename
    with io.open(filename, "r", encoding="utf-8") as json_file:
         ~~~~~~~^^^^^^^^^^^^^^^^^^^^^^^^^^^^^^^^^
FileNotFoundError: [Errno 2] No such file or directory: '/home/rafa1215/consensus-project/memory/system/service_account.json'

[2025-12-23 07:07:33] 🎤 Voice command received: Read my latest email
[2025-12-23 07:07:33] ❌ Error building Gmail service: [Errno 2] No such file or directory: '/home/rafa1215/consensus-project/memory/system/service_account.json'
[2025-12-23 07:07:33] ❌ Error while reading Gmail: [Errno 2] No such file or directory: '/home/rafa1215/consensus-project/memory/system/service_account.json'
Traceback (most recent call last):
  File "/home/rafa1215/consensus-project/tools/voice_gmail_handler.py", line 55, in read_latest_email
    service = get_gmail_service()
  File "/home/rafa1215/consensus-project/tools/voice_gmail_handler.py", line 40, in get_gmail_service
    creds = service_account.Credentials.from_service_account_file(
        SERVICE_FILE, scopes=SCOPES
    )
  File "/home/rafa1215/.local/lib/python3.13/site-packages/google/oauth2/service_account.py", line 264, in from_service_account_file
    info, signer = _service_account_info.from_filename(
                   ~~~~~~~~~~~~~~~~~~~~~~~~~~~~~~~~~~~^
        filename, require=["client_email", "token_uri"]
        ^^^^^^^^^^^^^^^^^^^^^^^^^^^^^^^^^^^^^^^^^^^^^^^
    )
    ^
  File "/home/rafa1215/.local/lib/python3.13/site-packages/google/auth/_service_account_info.py", line 78, in from_filename
    with io.open(filename, "r", encoding="utf-8") as json_file:
         ~~~~~~~^^^^^^^^^^^^^^^^^^^^^^^^^^^^^^^^^
FileNotFoundError: [Errno 2] No such file or directory: '/home/rafa1215/consensus-project/memory/system/service_account.json'

[2025-12-23 07:07:34] 🎤 Voice command received: Read my latest email
[2025-12-23 07:07:34] ❌ Error building Gmail service: [Errno 2] No such file or directory: '/home/rafa1215/consensus-project/memory/system/service_account.json'
[2025-12-23 07:07:34] ❌ Error while reading Gmail: [Errno 2] No such file or directory: '/home/rafa1215/consensus-project/memory/system/service_account.json'
Traceback (most recent call last):
  File "/home/rafa1215/consensus-project/tools/voice_gmail_handler_mutated_8051.py", line 55, in read_latest_email
    service = get_gmail_service()
  File "/home/rafa1215/consensus-project/tools/voice_gmail_handler_mutated_8051.py", line 40, in get_gmail_service
    creds = service_account.Credentials.from_service_account_file(
        SERVICE_FILE, scopes=SCOPES
    )
  File "/home/rafa1215/.local/lib/python3.13/site-packages/google/oauth2/service_account.py", line 264, in from_service_account_file
    info, signer = _service_account_info.from_filename(
                   ~~~~~~~~~~~~~~~~~~~~~~~~~~~~~~~~~~~^
        filename, require=["client_email", "token_uri"]
        ^^^^^^^^^^^^^^^^^^^^^^^^^^^^^^^^^^^^^^^^^^^^^^^
    )
    ^
  File "/home/rafa1215/.local/lib/python3.13/site-packages/google/auth/_service_account_info.py", line 78, in from_filename
    with io.open(filename, "r", encoding="utf-8") as json_file:
         ~~~~~~~^^^^^^^^^^^^^^^^^^^^^^^^^^^^^^^^^
FileNotFoundError: [Errno 2] No such file or directory: '/home/rafa1215/consensus-project/memory/system/service_account.json'

[2025-12-24 07:07:51] 🎤 Voice command received: Read my latest email
[2025-12-24 07:07:51] ❌ Error building Gmail service: [Errno 2] No such file or directory: '/home/rafa1215/consensus-project/memory/system/service_account.json'
[2025-12-24 07:07:51] ❌ Error while reading Gmail: [Errno 2] No such file or directory: '/home/rafa1215/consensus-project/memory/system/service_account.json'
Traceback (most recent call last):
  File "/home/rafa1215/consensus-project/tools/voice_gmail_handler.py", line 55, in read_latest_email
    service = get_gmail_service()
  File "/home/rafa1215/consensus-project/tools/voice_gmail_handler.py", line 40, in get_gmail_service
    creds = service_account.Credentials.from_service_account_file(
        SERVICE_FILE, scopes=SCOPES
    )
  File "/home/rafa1215/.local/lib/python3.13/site-packages/google/oauth2/service_account.py", line 264, in from_service_account_file
    info, signer = _service_account_info.from_filename(
                   ~~~~~~~~~~~~~~~~~~~~~~~~~~~~~~~~~~~^
        filename, require=["client_email", "token_uri"]
        ^^^^^^^^^^^^^^^^^^^^^^^^^^^^^^^^^^^^^^^^^^^^^^^
    )
    ^
  File "/home/rafa1215/.local/lib/python3.13/site-packages/google/auth/_service_account_info.py", line 78, in from_filename
    with io.open(filename, "r", encoding="utf-8") as json_file:
         ~~~~~~~^^^^^^^^^^^^^^^^^^^^^^^^^^^^^^^^^
FileNotFoundError: [Errno 2] No such file or directory: '/home/rafa1215/consensus-project/memory/system/service_account.json'

[2025-12-24 07:07:52] 🎤 Voice command received: Read my latest email
[2025-12-24 07:07:52] ❌ Error building Gmail service: [Errno 2] No such file or directory: '/home/rafa1215/consensus-project/memory/system/service_account.json'
[2025-12-24 07:07:52] ❌ Error while reading Gmail: [Errno 2] No such file or directory: '/home/rafa1215/consensus-project/memory/system/service_account.json'
Traceback (most recent call last):
  File "/home/rafa1215/consensus-project/tools/voice_gmail_handler_mutated_5190.py", line 56, in read_latest_email
    service = get_gmail_service()
  File "/home/rafa1215/consensus-project/tools/voice_gmail_handler_mutated_5190.py", line 41, in get_gmail_service
    creds = service_account.Credentials.from_service_account_file(
        SERVICE_FILE, scopes=SCOPES
    )
  File "/home/rafa1215/.local/lib/python3.13/site-packages/google/oauth2/service_account.py", line 264, in from_service_account_file
    info, signer = _service_account_info.from_filename(
                   ~~~~~~~~~~~~~~~~~~~~~~~~~~~~~~~~~~~^
        filename, require=["client_email", "token_uri"]
        ^^^^^^^^^^^^^^^^^^^^^^^^^^^^^^^^^^^^^^^^^^^^^^^
    )
    ^
  File "/home/rafa1215/.local/lib/python3.13/site-packages/google/auth/_service_account_info.py", line 78, in from_filename
    with io.open(filename, "r", encoding="utf-8") as json_file:
         ~~~~~~~^^^^^^^^^^^^^^^^^^^^^^^^^^^^^^^^^
FileNotFoundError: [Errno 2] No such file or directory: '/home/rafa1215/consensus-project/memory/system/service_account.json'

[2025-12-25 07:08:12] 🎤 Voice command received: Read my latest email
[2025-12-25 07:08:12] ❌ Error building Gmail service: [Errno 2] No such file or directory: '/home/rafa1215/consensus-project/memory/system/service_account.json'
[2025-12-25 07:08:12] ❌ Error while reading Gmail: [Errno 2] No such file or directory: '/home/rafa1215/consensus-project/memory/system/service_account.json'
Traceback (most recent call last):
  File "/home/rafa1215/consensus-project/tools/voice_gmail_handler.py", line 55, in read_latest_email
    service = get_gmail_service()
  File "/home/rafa1215/consensus-project/tools/voice_gmail_handler.py", line 40, in get_gmail_service
    creds = service_account.Credentials.from_service_account_file(
        SERVICE_FILE, scopes=SCOPES
    )
  File "/home/rafa1215/.local/lib/python3.13/site-packages/google/oauth2/service_account.py", line 264, in from_service_account_file
    info, signer = _service_account_info.from_filename(
                   ~~~~~~~~~~~~~~~~~~~~~~~~~~~~~~~~~~~^
        filename, require=["client_email", "token_uri"]
        ^^^^^^^^^^^^^^^^^^^^^^^^^^^^^^^^^^^^^^^^^^^^^^^
    )
    ^
  File "/home/rafa1215/.local/lib/python3.13/site-packages/google/auth/_service_account_info.py", line 78, in from_filename
    with io.open(filename, "r", encoding="utf-8") as json_file:
         ~~~~~~~^^^^^^^^^^^^^^^^^^^^^^^^^^^^^^^^^
FileNotFoundError: [Errno 2] No such file or directory: '/home/rafa1215/consensus-project/memory/system/service_account.json'

[2025-12-25 07:08:14] 🎤 Voice command received: Read my latest email
[2025-12-25 07:08:14] ❌ Error building Gmail service: [Errno 2] No such file or directory: '/home/rafa1215/consensus-project/memory/system/service_account.json'
[2025-12-25 07:08:14] ❌ Error while reading Gmail: [Errno 2] No such file or directory: '/home/rafa1215/consensus-project/memory/system/service_account.json'
Traceback (most recent call last):
  File "/home/rafa1215/consensus-project/tools/voice_gmail_handler_mutated_7842.py", line 55, in read_latest_email
    service = get_gmail_service()
  File "/home/rafa1215/consensus-project/tools/voice_gmail_handler_mutated_7842.py", line 40, in get_gmail_service
    creds = service_account.Credentials.from_service_account_file(
        SERVICE_FILE, scopes=SCOPES
    )
  File "/home/rafa1215/.local/lib/python3.13/site-packages/google/oauth2/service_account.py", line 264, in from_service_account_file
    info, signer = _service_account_info.from_filename(
                   ~~~~~~~~~~~~~~~~~~~~~~~~~~~~~~~~~~~^
        filename, require=["client_email", "token_uri"]
        ^^^^^^^^^^^^^^^^^^^^^^^^^^^^^^^^^^^^^^^^^^^^^^^
    )
    ^
  File "/home/rafa1215/.local/lib/python3.13/site-packages/google/auth/_service_account_info.py", line 78, in from_filename
    with io.open(filename, "r", encoding="utf-8") as json_file:
         ~~~~~~~^^^^^^^^^^^^^^^^^^^^^^^^^^^^^^^^^
FileNotFoundError: [Errno 2] No such file or directory: '/home/rafa1215/consensus-project/memory/system/service_account.json'

[2025-12-26 07:07:56] 🎤 Voice command received: Read my latest email
[2025-12-26 07:07:56] ❌ Error building Gmail service: [Errno 2] No such file or directory: '/home/rafa1215/consensus-project/memory/system/service_account.json'
[2025-12-26 07:07:56] ❌ Error while reading Gmail: [Errno 2] No such file or directory: '/home/rafa1215/consensus-project/memory/system/service_account.json'
Traceback (most recent call last):
  File "/home/rafa1215/consensus-project/tools/voice_gmail_handler.py", line 55, in read_latest_email
    service = get_gmail_service()
  File "/home/rafa1215/consensus-project/tools/voice_gmail_handler.py", line 40, in get_gmail_service
    creds = service_account.Credentials.from_service_account_file(
        SERVICE_FILE, scopes=SCOPES
    )
  File "/home/rafa1215/.local/lib/python3.13/site-packages/google/oauth2/service_account.py", line 264, in from_service_account_file
    info, signer = _service_account_info.from_filename(
                   ~~~~~~~~~~~~~~~~~~~~~~~~~~~~~~~~~~~^
        filename, require=["client_email", "token_uri"]
        ^^^^^^^^^^^^^^^^^^^^^^^^^^^^^^^^^^^^^^^^^^^^^^^
    )
    ^
  File "/home/rafa1215/.local/lib/python3.13/site-packages/google/auth/_service_account_info.py", line 78, in from_filename
    with io.open(filename, "r", encoding="utf-8") as json_file:
         ~~~~~~~^^^^^^^^^^^^^^^^^^^^^^^^^^^^^^^^^
FileNotFoundError: [Errno 2] No such file or directory: '/home/rafa1215/consensus-project/memory/system/service_account.json'

[2025-12-26 07:07:57] 🎤 Voice command received: Read my latest email
[2025-12-26 07:07:57] ❌ Error building Gmail service: [Errno 2] No such file or directory: '/home/rafa1215/consensus-project/memory/system/service_account.json'
[2025-12-26 07:07:57] ❌ Error while reading Gmail: [Errno 2] No such file or directory: '/home/rafa1215/consensus-project/memory/system/service_account.json'
Traceback (most recent call last):
  File "/home/rafa1215/consensus-project/tools/voice_gmail_handler_mutated_2422.py", line 55, in read_latest_email
    service = get_gmail_service()
  File "/home/rafa1215/consensus-project/tools/voice_gmail_handler_mutated_2422.py", line 40, in get_gmail_service
    creds = service_account.Credentials.from_service_account_file(
        SERVICE_FILE, scopes=SCOPES
    )
  File "/home/rafa1215/.local/lib/python3.13/site-packages/google/oauth2/service_account.py", line 264, in from_service_account_file
    info, signer = _service_account_info.from_filename(
                   ~~~~~~~~~~~~~~~~~~~~~~~~~~~~~~~~~~~^
        filename, require=["client_email", "token_uri"]
        ^^^^^^^^^^^^^^^^^^^^^^^^^^^^^^^^^^^^^^^^^^^^^^^
    )
    ^
  File "/home/rafa1215/.local/lib/python3.13/site-packages/google/auth/_service_account_info.py", line 78, in from_filename
    with io.open(filename, "r", encoding="utf-8") as json_file:
         ~~~~~~~^^^^^^^^^^^^^^^^^^^^^^^^^^^^^^^^^
FileNotFoundError: [Errno 2] No such file or directory: '/home/rafa1215/consensus-project/memory/system/service_account.json'

[2025-12-27 07:07:55] 🎤 Voice command received: Read my latest email
[2025-12-27 07:07:55] ❌ Error building Gmail service: [Errno 2] No such file or directory: '/home/rafa1215/consensus-project/memory/system/service_account.json'
[2025-12-27 07:07:55] ❌ Error while reading Gmail: [Errno 2] No such file or directory: '/home/rafa1215/consensus-project/memory/system/service_account.json'
Traceback (most recent call last):
  File "/home/rafa1215/consensus-project/tools/voice_gmail_handler.py", line 55, in read_latest_email
    service = get_gmail_service()
  File "/home/rafa1215/consensus-project/tools/voice_gmail_handler.py", line 40, in get_gmail_service
    creds = service_account.Credentials.from_service_account_file(
        SERVICE_FILE, scopes=SCOPES
    )
  File "/home/rafa1215/.local/lib/python3.13/site-packages/google/oauth2/service_account.py", line 264, in from_service_account_file
    info, signer = _service_account_info.from_filename(
                   ~~~~~~~~~~~~~~~~~~~~~~~~~~~~~~~~~~~^
        filename, require=["client_email", "token_uri"]
        ^^^^^^^^^^^^^^^^^^^^^^^^^^^^^^^^^^^^^^^^^^^^^^^
    )
    ^
  File "/home/rafa1215/.local/lib/python3.13/site-packages/google/auth/_service_account_info.py", line 78, in from_filename
    with io.open(filename, "r", encoding="utf-8") as json_file:
         ~~~~~~~^^^^^^^^^^^^^^^^^^^^^^^^^^^^^^^^^
FileNotFoundError: [Errno 2] No such file or directory: '/home/rafa1215/consensus-project/memory/system/service_account.json'

[2025-12-27 07:07:56] 🎤 Voice command received: Read my latest email
[2025-12-27 07:07:56] ❌ Error building Gmail service: [Errno 2] No such file or directory: '/home/rafa1215/consensus-project/memory/system/service_account.json'
[2025-12-27 07:07:56] ❌ Error while reading Gmail: [Errno 2] No such file or directory: '/home/rafa1215/consensus-project/memory/system/service_account.json'
Traceback (most recent call last):
  File "/home/rafa1215/consensus-project/tools/voice_gmail_handler_mutated_1667.py", line 55, in read_latest_email
    service = get_gmail_service()
  File "/home/rafa1215/consensus-project/tools/voice_gmail_handler_mutated_1667.py", line 40, in get_gmail_service
    creds = service_account.Credentials.from_service_account_file(
        SERVICE_FILE, scopes=SCOPES
    )
  File "/home/rafa1215/.local/lib/python3.13/site-packages/google/oauth2/service_account.py", line 264, in from_service_account_file
    info, signer = _service_account_info.from_filename(
                   ~~~~~~~~~~~~~~~~~~~~~~~~~~~~~~~~~~~^
        filename, require=["client_email", "token_uri"]
        ^^^^^^^^^^^^^^^^^^^^^^^^^^^^^^^^^^^^^^^^^^^^^^^
    )
    ^
  File "/home/rafa1215/.local/lib/python3.13/site-packages/google/auth/_service_account_info.py", line 78, in from_filename
    with io.open(filename, "r", encoding="utf-8") as json_file:
         ~~~~~~~^^^^^^^^^^^^^^^^^^^^^^^^^^^^^^^^^
FileNotFoundError: [Errno 2] No such file or directory: '/home/rafa1215/consensus-project/memory/system/service_account.json'

[2025-12-28 07:07:52] 🎤 Voice command received: Read my latest email
[2025-12-28 07:07:52] ❌ Error building Gmail service: [Errno 2] No such file or directory: '/home/rafa1215/consensus-project/memory/system/service_account.json'
[2025-12-28 07:07:52] ❌ Error while reading Gmail: [Errno 2] No such file or directory: '/home/rafa1215/consensus-project/memory/system/service_account.json'
Traceback (most recent call last):
  File "/home/rafa1215/consensus-project/tools/voice_gmail_handler.py", line 55, in read_latest_email
    service = get_gmail_service()
  File "/home/rafa1215/consensus-project/tools/voice_gmail_handler.py", line 40, in get_gmail_service
    creds = service_account.Credentials.from_service_account_file(
        SERVICE_FILE, scopes=SCOPES
    )
  File "/home/rafa1215/.local/lib/python3.13/site-packages/google/oauth2/service_account.py", line 264, in from_service_account_file
    info, signer = _service_account_info.from_filename(
                   ~~~~~~~~~~~~~~~~~~~~~~~~~~~~~~~~~~~^
        filename, require=["client_email", "token_uri"]
        ^^^^^^^^^^^^^^^^^^^^^^^^^^^^^^^^^^^^^^^^^^^^^^^
    )
    ^
  File "/home/rafa1215/.local/lib/python3.13/site-packages/google/auth/_service_account_info.py", line 78, in from_filename
    with io.open(filename, "r", encoding="utf-8") as json_file:
         ~~~~~~~^^^^^^^^^^^^^^^^^^^^^^^^^^^^^^^^^
FileNotFoundError: [Errno 2] No such file or directory: '/home/rafa1215/consensus-project/memory/system/service_account.json'

[2025-12-28 07:07:52] 🎤 Voice command received: Read my latest email
[2025-12-28 07:07:52] ❌ Error building Gmail service: [Errno 2] No such file or directory: '/home/rafa1215/consensus-project/memory/system/service_account.json'
[2025-12-28 07:07:52] ❌ Error while reading Gmail: [Errno 2] No such file or directory: '/home/rafa1215/consensus-project/memory/system/service_account.json'
Traceback (most recent call last):
  File "/home/rafa1215/consensus-project/tools/voice_gmail_handler_mutated_9958.py", line 55, in read_latest_email
    service = get_gmail_service()
  File "/home/rafa1215/consensus-project/tools/voice_gmail_handler_mutated_9958.py", line 40, in get_gmail_service
    creds = service_account.Credentials.from_service_account_file(
        SERVICE_FILE, scopes=SCOPES
    )
  File "/home/rafa1215/.local/lib/python3.13/site-packages/google/oauth2/service_account.py", line 264, in from_service_account_file
    info, signer = _service_account_info.from_filename(
                   ~~~~~~~~~~~~~~~~~~~~~~~~~~~~~~~~~~~^
        filename, require=["client_email", "token_uri"]
        ^^^^^^^^^^^^^^^^^^^^^^^^^^^^^^^^^^^^^^^^^^^^^^^
    )
    ^
  File "/home/rafa1215/.local/lib/python3.13/site-packages/google/auth/_service_account_info.py", line 78, in from_filename
    with io.open(filename, "r", encoding="utf-8") as json_file:
         ~~~~~~~^^^^^^^^^^^^^^^^^^^^^^^^^^^^^^^^^
FileNotFoundError: [Errno 2] No such file or directory: '/home/rafa1215/consensus-project/memory/system/service_account.json'

[2025-12-29 07:07:28] 🎤 Voice command received: Read my latest email
[2025-12-29 07:07:28] ❌ Error building Gmail service: [Errno 2] No such file or directory: '/home/rafa1215/consensus-project/memory/system/service_account.json'
[2025-12-29 07:07:28] ❌ Error while reading Gmail: [Errno 2] No such file or directory: '/home/rafa1215/consensus-project/memory/system/service_account.json'
Traceback (most recent call last):
  File "/home/rafa1215/consensus-project/tools/voice_gmail_handler.py", line 55, in read_latest_email
    service = get_gmail_service()
  File "/home/rafa1215/consensus-project/tools/voice_gmail_handler.py", line 40, in get_gmail_service
    creds = service_account.Credentials.from_service_account_file(
        SERVICE_FILE, scopes=SCOPES
    )
  File "/home/rafa1215/.local/lib/python3.13/site-packages/google/oauth2/service_account.py", line 264, in from_service_account_file
    info, signer = _service_account_info.from_filename(
                   ~~~~~~~~~~~~~~~~~~~~~~~~~~~~~~~~~~~^
        filename, require=["client_email", "token_uri"]
        ^^^^^^^^^^^^^^^^^^^^^^^^^^^^^^^^^^^^^^^^^^^^^^^
    )
    ^
  File "/home/rafa1215/.local/lib/python3.13/site-packages/google/auth/_service_account_info.py", line 78, in from_filename
    with io.open(filename, "r", encoding="utf-8") as json_file:
         ~~~~~~~^^^^^^^^^^^^^^^^^^^^^^^^^^^^^^^^^
FileNotFoundError: [Errno 2] No such file or directory: '/home/rafa1215/consensus-project/memory/system/service_account.json'

[2025-12-29 07:07:29] 🎤 Voice command received: Read my latest email
[2025-12-29 07:07:29] ❌ Error building Gmail service: [Errno 2] No such file or directory: '/home/rafa1215/consensus-project/memory/system/service_account.json'
[2025-12-29 07:07:29] ❌ Error while reading Gmail: [Errno 2] No such file or directory: '/home/rafa1215/consensus-project/memory/system/service_account.json'
Traceback (most recent call last):
  File "/home/rafa1215/consensus-project/tools/voice_gmail_handler_mutated_3765.py", line 56, in read_latest_email
    service = get_gmail_service()
  File "/home/rafa1215/consensus-project/tools/voice_gmail_handler_mutated_3765.py", line 41, in get_gmail_service
    creds = service_account.Credentials.from_service_account_file(
        SERVICE_FILE, scopes=SCOPES
    )
  File "/home/rafa1215/.local/lib/python3.13/site-packages/google/oauth2/service_account.py", line 264, in from_service_account_file
    info, signer = _service_account_info.from_filename(
                   ~~~~~~~~~~~~~~~~~~~~~~~~~~~~~~~~~~~^
        filename, require=["client_email", "token_uri"]
        ^^^^^^^^^^^^^^^^^^^^^^^^^^^^^^^^^^^^^^^^^^^^^^^
    )
    ^
  File "/home/rafa1215/.local/lib/python3.13/site-packages/google/auth/_service_account_info.py", line 78, in from_filename
    with io.open(filename, "r", encoding="utf-8") as json_file:
         ~~~~~~~^^^^^^^^^^^^^^^^^^^^^^^^^^^^^^^^^
FileNotFoundError: [Errno 2] No such file or directory: '/home/rafa1215/consensus-project/memory/system/service_account.json'

[2025-12-30 07:07:50] 🎤 Voice command received: Read my latest email
[2025-12-30 07:07:50] ❌ Error building Gmail service: [Errno 2] No such file or directory: '/home/rafa1215/consensus-project/memory/system/service_account.json'
[2025-12-30 07:07:51] ❌ Error while reading Gmail: [Errno 2] No such file or directory: '/home/rafa1215/consensus-project/memory/system/service_account.json'
Traceback (most recent call last):
  File "/home/rafa1215/consensus-project/tools/voice_gmail_handler.py", line 55, in read_latest_email
    service = get_gmail_service()
  File "/home/rafa1215/consensus-project/tools/voice_gmail_handler.py", line 40, in get_gmail_service
    creds = service_account.Credentials.from_service_account_file(
        SERVICE_FILE, scopes=SCOPES
    )
  File "/home/rafa1215/.local/lib/python3.13/site-packages/google/oauth2/service_account.py", line 264, in from_service_account_file
    info, signer = _service_account_info.from_filename(
                   ~~~~~~~~~~~~~~~~~~~~~~~~~~~~~~~~~~~^
        filename, require=["client_email", "token_uri"]
        ^^^^^^^^^^^^^^^^^^^^^^^^^^^^^^^^^^^^^^^^^^^^^^^
    )
    ^
  File "/home/rafa1215/.local/lib/python3.13/site-packages/google/auth/_service_account_info.py", line 78, in from_filename
    with io.open(filename, "r", encoding="utf-8") as json_file:
         ~~~~~~~^^^^^^^^^^^^^^^^^^^^^^^^^^^^^^^^^
FileNotFoundError: [Errno 2] No such file or directory: '/home/rafa1215/consensus-project/memory/system/service_account.json'

[2025-12-30 07:07:51] 🎤 Voice command received: Read my latest email
[2025-12-30 07:07:51] ❌ Error building Gmail service: [Errno 2] No such file or directory: '/home/rafa1215/consensus-project/memory/system/service_account.json'
[2025-12-30 07:07:51] ❌ Error while reading Gmail: [Errno 2] No such file or directory: '/home/rafa1215/consensus-project/memory/system/service_account.json'
Traceback (most recent call last):
  File "/home/rafa1215/consensus-project/tools/voice_gmail_handler_mutated_8464.py", line 56, in read_latest_email
    service = get_gmail_service()
  File "/home/rafa1215/consensus-project/tools/voice_gmail_handler_mutated_8464.py", line 40, in get_gmail_service
    creds = service_account.Credentials.from_service_account_file(
        SERVICE_FILE, scopes=SCOPES
    )
  File "/home/rafa1215/.local/lib/python3.13/site-packages/google/oauth2/service_account.py", line 264, in from_service_account_file
    info, signer = _service_account_info.from_filename(
                   ~~~~~~~~~~~~~~~~~~~~~~~~~~~~~~~~~~~^
        filename, require=["client_email", "token_uri"]
        ^^^^^^^^^^^^^^^^^^^^^^^^^^^^^^^^^^^^^^^^^^^^^^^
    )
    ^
  File "/home/rafa1215/.local/lib/python3.13/site-packages/google/auth/_service_account_info.py", line 78, in from_filename
    with io.open(filename, "r", encoding="utf-8") as json_file:
         ~~~~~~~^^^^^^^^^^^^^^^^^^^^^^^^^^^^^^^^^
FileNotFoundError: [Errno 2] No such file or directory: '/home/rafa1215/consensus-project/memory/system/service_account.json'

[2025-12-31 07:07:40] 🎤 Voice command received: Read my latest email
[2025-12-31 07:07:40] ❌ Error building Gmail service: [Errno 2] No such file or directory: '/home/rafa1215/consensus-project/memory/system/service_account.json'
[2025-12-31 07:07:40] ❌ Error while reading Gmail: [Errno 2] No such file or directory: '/home/rafa1215/consensus-project/memory/system/service_account.json'
Traceback (most recent call last):
  File "/home/rafa1215/consensus-project/tools/voice_gmail_handler.py", line 56, in read_latest_email
    service = get_gmail_service()
  File "/home/rafa1215/consensus-project/tools/voice_gmail_handler.py", line 40, in get_gmail_service
    creds = service_account.Credentials.from_service_account_file(
        SERVICE_FILE, scopes=SCOPES
    )
  File "/home/rafa1215/.local/lib/python3.13/site-packages/google/oauth2/service_account.py", line 264, in from_service_account_file
    info, signer = _service_account_info.from_filename(
                   ~~~~~~~~~~~~~~~~~~~~~~~~~~~~~~~~~~~^
        filename, require=["client_email", "token_uri"]
        ^^^^^^^^^^^^^^^^^^^^^^^^^^^^^^^^^^^^^^^^^^^^^^^
    )
    ^
  File "/home/rafa1215/.local/lib/python3.13/site-packages/google/auth/_service_account_info.py", line 78, in from_filename
    with io.open(filename, "r", encoding="utf-8") as json_file:
         ~~~~~~~^^^^^^^^^^^^^^^^^^^^^^^^^^^^^^^^^
FileNotFoundError: [Errno 2] No such file or directory: '/home/rafa1215/consensus-project/memory/system/service_account.json'

[2025-12-31 07:07:41] 🎤 Voice command received: Read my latest email
[2025-12-31 07:07:41] ❌ Error building Gmail service: [Errno 2] No such file or directory: '/home/rafa1215/consensus-project/memory/system/service_account.json'
[2025-12-31 07:07:41] ❌ Error while reading Gmail: [Errno 2] No such file or directory: '/home/rafa1215/consensus-project/memory/system/service_account.json'
Traceback (most recent call last):
  File "/home/rafa1215/consensus-project/tools/voice_gmail_handler_mutated_2367.py", line 57, in read_latest_email
    service = get_gmail_service()
  File "/home/rafa1215/consensus-project/tools/voice_gmail_handler_mutated_2367.py", line 40, in get_gmail_service
    creds = service_account.Credentials.from_service_account_file(
        SERVICE_FILE, scopes=SCOPES
    )
  File "/home/rafa1215/.local/lib/python3.13/site-packages/google/oauth2/service_account.py", line 264, in from_service_account_file
    info, signer = _service_account_info.from_filename(
                   ~~~~~~~~~~~~~~~~~~~~~~~~~~~~~~~~~~~^
        filename, require=["client_email", "token_uri"]
        ^^^^^^^^^^^^^^^^^^^^^^^^^^^^^^^^^^^^^^^^^^^^^^^
    )
    ^
  File "/home/rafa1215/.local/lib/python3.13/site-packages/google/auth/_service_account_info.py", line 78, in from_filename
    with io.open(filename, "r", encoding="utf-8") as json_file:
         ~~~~~~~^^^^^^^^^^^^^^^^^^^^^^^^^^^^^^^^^
FileNotFoundError: [Errno 2] No such file or directory: '/home/rafa1215/consensus-project/memory/system/service_account.json'

[2026-01-01 07:08:42] 🎤 Voice command received: Read my latest email
[2026-01-01 07:08:42] ❌ Error building Gmail service: [Errno 2] No such file or directory: '/home/rafa1215/consensus-project/memory/system/service_account.json'
[2026-01-01 07:08:42] ❌ Error while reading Gmail: [Errno 2] No such file or directory: '/home/rafa1215/consensus-project/memory/system/service_account.json'
Traceback (most recent call last):
  File "/home/rafa1215/consensus-project/tools/voice_gmail_handler.py", line 57, in read_latest_email
    service = get_gmail_service()
  File "/home/rafa1215/consensus-project/tools/voice_gmail_handler.py", line 40, in get_gmail_service
    creds = service_account.Credentials.from_service_account_file(
        SERVICE_FILE, scopes=SCOPES
    )
  File "/home/rafa1215/.local/lib/python3.13/site-packages/google/oauth2/service_account.py", line 264, in from_service_account_file
    info, signer = _service_account_info.from_filename(
                   ~~~~~~~~~~~~~~~~~~~~~~~~~~~~~~~~~~~^
        filename, require=["client_email", "token_uri"]
        ^^^^^^^^^^^^^^^^^^^^^^^^^^^^^^^^^^^^^^^^^^^^^^^
    )
    ^
  File "/home/rafa1215/.local/lib/python3.13/site-packages/google/auth/_service_account_info.py", line 78, in from_filename
    with io.open(filename, "r", encoding="utf-8") as json_file:
         ~~~~~~~^^^^^^^^^^^^^^^^^^^^^^^^^^^^^^^^^
FileNotFoundError: [Errno 2] No such file or directory: '/home/rafa1215/consensus-project/memory/system/service_account.json'

[2026-01-01 07:08:43] 🎤 Voice command received: Read my latest email
[2026-01-01 07:08:43] ❌ Error building Gmail service: [Errno 2] No such file or directory: '/home/rafa1215/consensus-project/memory/system/service_account.json'
[2026-01-01 07:08:43] ❌ Error while reading Gmail: [Errno 2] No such file or directory: '/home/rafa1215/consensus-project/memory/system/service_account.json'
Traceback (most recent call last):
  File "/home/rafa1215/consensus-project/tools/voice_gmail_handler_mutated_3857.py", line 57, in read_latest_email
    service = get_gmail_service()
  File "/home/rafa1215/consensus-project/tools/voice_gmail_handler_mutated_3857.py", line 40, in get_gmail_service
    creds = service_account.Credentials.from_service_account_file(
        SERVICE_FILE, scopes=SCOPES
    )
  File "/home/rafa1215/.local/lib/python3.13/site-packages/google/oauth2/service_account.py", line 264, in from_service_account_file
    info, signer = _service_account_info.from_filename(
                   ~~~~~~~~~~~~~~~~~~~~~~~~~~~~~~~~~~~^
        filename, require=["client_email", "token_uri"]
        ^^^^^^^^^^^^^^^^^^^^^^^^^^^^^^^^^^^^^^^^^^^^^^^
    )
    ^
  File "/home/rafa1215/.local/lib/python3.13/site-packages/google/auth/_service_account_info.py", line 78, in from_filename
    with io.open(filename, "r", encoding="utf-8") as json_file:
         ~~~~~~~^^^^^^^^^^^^^^^^^^^^^^^^^^^^^^^^^
FileNotFoundError: [Errno 2] No such file or directory: '/home/rafa1215/consensus-project/memory/system/service_account.json'

