Running: git pull origin v1.1-dev
stdout: Already up to date.
stderr: From https://github.com/rafa8525/consensus-project
 * branch              v1.1-dev   -> FETCH_HEAD
Running: git add -A
Running: git commit -m "Auto-log sync for 2025-08-28 22:02:36"
stdout: [v1.1-dev-clean 3f127fb8] Auto-log sync for 2025-08-28 22:02:36
 14 files changed, 35849 insertions(+), 1 deletion(-)
 create mode 100644 memory/logs/scheduler/2025-08-28T22-02-31_absorb_memory.log
 create mode 100644 memory/logs/scheduler/2025-08-28T22-02-32_auto_git_sync.log
Running: git config pack.windowMemory 10m
Running: git config pack.packSizeLimit 20m
Running: git push origin v1.1-dev
stderr: To https://github.com/rafa8525/consensus-project.git
 ! [rejected]          v1.1-dev -> v1.1-dev (non-fast-forward)
error: failed to push some refs to 'https://github.com/rafa8525/consensus-project.git'
hint: Updates were rejected because a pushed branch tip is behind its remote
hint: counterpart. Check out this branch and integrate the remote changes
hint: (e.g. 'git pull ...') before pushing again.
hint: See the 'Note about fast-forwards' in 'git push --help' for details.
❌ Git push failed.
