Running: git pull origin v1.1-dev
stdout: Already up to date.
stderr: From https://github.com/rafa8525/consensus-project
 * branch              v1.1-dev   -> FETCH_HEAD
Running: git add -A
Running: git commit -m "Auto-log sync for 2025-08-29 00:03:27"
stdout: [v1.1-dev-clean 7af7d3b8] Auto-log sync for 2025-08-29 00:03:27
 23 files changed, 4073 insertions(+), 112 deletions(-)
 create mode 100755 master_control_loop.py.bak_20250828T221245
 create mode 100755 master_control_loop.py.bak_autofix_20250828T230922
 create mode 100755 master_control_loop.py.bak_line89_20250828T230022
 create mode 100755 master_control_loop.py.bak_runfix_20250828T221954
 create mode 100644 memory/logs/scheduler/2025-08-28T22-02-38_auto_memory_sync.log
 create mode 100644 memory/logs/scheduler/2025-08-28T22-02-39_heartbeat_logger.log
 create mode 100644 memory/logs/scheduler/2025-08-28T22-02-39_voice_reminder.log
 create mode 100644 memory/logs/scheduler/2025-08-28T23-02-32_absorb_memory.log
 create mode 100644 memory/logs/scheduler/2025-08-29T00-03-16_absorb_memory.log
 create mode 100644 memory/logs/scheduler/2025-08-29T00-03-17_auto_git_sync.log
 create mode 100644 memory/queue/sms_test_20250828T231524.json
Running: git config pack.windowMemory 10m
Running: git config pack.packSizeLimit 20m
Running: git push origin v1.1-dev
stderr: To https://github.com/rafa8525/consensus-project.git
 ! [rejected]          v1.1-dev -> v1.1-dev (non-fast-forward)
error: failed to push some refs to 'https://github.com/rafa8525/consensus-project.git'
hint: Updates were rejected because a pushed branch tip is behind its remote
hint: counterpart. Check out this branch and integrate the remote changes
hint: (e.g. 'git pull ...') before pushing again.
hint: See the 'Note about fast-forwards' in 'git push --help' for details.
❌ Git push failed.
