Running: git pull origin v1.1-dev
stdout: Already up to date.
stderr: From https://github.com/rafa8525/consensus-project
 * branch              v1.1-dev   -> FETCH_HEAD
Running: git add -A
Running: git commit -m "Auto-log sync for 2025-08-29 10:02:45"
stdout: [v1.1-dev-clean 3c48b63f] Auto-log sync for 2025-08-29 10:02:45
 13 files changed, 2995 insertions(+), 6 deletions(-)
 create mode 100644 memory/logs/scheduler/2025-08-29T08-03-30_auto_memory_sync.log
 create mode 100644 memory/logs/scheduler/2025-08-29T08-03-31_heartbeat_logger.log
 create mode 100644 memory/logs/scheduler/2025-08-29T08-03-33_voice_reminder.log
 create mode 100644 memory/logs/scheduler/2025-08-29T09-02-11_absorb_memory.log
 create mode 100644 memory/logs/scheduler/2025-08-29T10-02-37_absorb_memory.log
 create mode 100644 memory/logs/scheduler/2025-08-29T10-02-38_auto_git_sync.log
Running: git config pack.windowMemory 10m
Running: git config pack.packSizeLimit 20m
Running: git push origin v1.1-dev
stderr: To https://github.com/rafa8525/consensus-project.git
 ! [rejected]          v1.1-dev -> v1.1-dev (non-fast-forward)
error: failed to push some refs to 'https://github.com/rafa8525/consensus-project.git'
hint: Updates were rejected because a pushed branch tip is behind its remote
hint: counterpart. Check out this branch and integrate the remote changes
hint: (e.g. 'git pull ...') before pushing again.
hint: See the 'Note about fast-forwards' in 'git push --help' for details.
❌ Git push failed.
