Running: git pull origin v1.1-dev
stdout: Already up to date.
stderr: From https://github.com/rafa8525/consensus-project
 * branch              v1.1-dev   -> FETCH_HEAD
Running: git add -A
Running: git commit -m "Auto-log sync for 2025-08-29 08:03:21"
stdout: [v1.1-dev-clean ab8e78ce] Auto-log sync for 2025-08-29 08:03:21
 16 files changed, 3036 insertions(+), 13 deletions(-)
 create mode 100644 memory/logs/fitness/2025-08-29.md
 create mode 100644 memory/logs/scheduler/2025-08-29T06-03-53_auto_memory_sync.log
 create mode 100644 memory/logs/scheduler/2025-08-29T06-03-54_heartbeat_logger.log
 create mode 100644 memory/logs/scheduler/2025-08-29T06-03-54_voice_reminder.log
 create mode 100644 memory/logs/scheduler/2025-08-29T07-03-48_absorb_memory.log
 create mode 100644 memory/logs/scheduler/2025-08-29T07-03-49_daily_fitness_log.log
 create mode 100644 memory/logs/scheduler/2025-08-29T07-03-50_heartbeat_status.log
 create mode 100644 memory/logs/scheduler/2025-08-29T08-03-00_absorb_memory.log
 create mode 100644 memory/logs/scheduler/2025-08-29T08-03-04_auto_git_sync.log
 rewrite memory/logs/scheduler/state.json (68%)
Running: git config pack.windowMemory 10m
Running: git config pack.packSizeLimit 20m
Running: git push origin v1.1-dev
stderr: To https://github.com/rafa8525/consensus-project.git
 ! [rejected]          v1.1-dev -> v1.1-dev (non-fast-forward)
error: failed to push some refs to 'https://github.com/rafa8525/consensus-project.git'
hint: Updates were rejected because a pushed branch tip is behind its remote
hint: counterpart. Check out this branch and integrate the remote changes
hint: (e.g. 'git pull ...') before pushing again.
hint: See the 'Note about fast-forwards' in 'git push --help' for details.
❌ Git push failed.
