Running: git pull origin v1.1-dev
stderr: From https://github.com/rafa8525/consensus-project
 * branch              v1.1-dev   -> FETCH_HEAD
hint: You have divergent branches and need to specify how to reconcile them.
hint: You can do so by running one of the following commands sometime before
hint: your next pull:
hint: 
hint:   git config pull.rebase false  # merge (the default strategy)
hint:   git config pull.rebase true   # rebase
hint:   git config pull.ff only       # fast-forward only
hint: 
hint: You can replace "git config" with "git config --global" to set a default
hint: preference for all repositories. You can also pass --rebase, --no-rebase,
hint: or --ff-only on the command line to override the configured default per
hint: invocation.
fatal: Need to specify how to reconcile divergent branches.
Running: git add -A
Running: git commit -m "Auto-log sync for 2025-08-28 19:03:34"
stdout: [v1.1-dev-clean 752065fe] Auto-log sync for 2025-08-28 19:03:34
 12 files changed, 128 insertions(+), 1 deletion(-)
 create mode 100644 memory/logs/scheduler/2025-08-28T18-02-41_auto_memory_sync.log
 create mode 100644 memory/logs/scheduler/2025-08-28T18-02-42_heartbeat_logger.log
 create mode 100644 memory/logs/scheduler/2025-08-28T18-02-43_nutrition_pipeline.log
 create mode 100644 memory/logs/scheduler/2025-08-28T18-02-44_voice_reminder.log
 create mode 100644 memory/logs/scheduler/2025-08-28T19-03-15_absorb_memory.log
 create mode 100644 memory/logs/scheduler/2025-08-28T19-03-18_auto_git_sync.log
 create mode 100755 tools/dedupe_normalized.py
 create mode 100755 tools/unpack_inbox.py
Running: git config pack.windowMemory 10m
Running: git config pack.packSizeLimit 20m
Running: git push origin v1.1-dev
stderr: remote: error: GH013: Repository rule violations found for refs/heads/v1.1-dev.        
remote: 
remote: - GITHUB PUSH PROTECTION        
remote:   —————————————————————————————————————————        
remote:     Resolve the following violations before pushing again        
remote: 
remote:     - Push cannot contain secrets        
remote: 
remote:             
remote:      (?) Learn how to resolve a blocked push        
remote:      https://docs.github.com/code-security/secret-scanning/working-with-secret-scanning-and-push-protection/working-with-push-protection-from-the-command-line#resolving-a-blocked-push        
remote:             
remote:      (?) This repository does not have Secret Scanning enabled, but is eligible. Enable Secret Scanning to view and manage detected secrets.        
remote:      Visit the repository settings page, https://github.com/rafa8525/consensus-project/settings/security_analysis        
remote:             
remote:             
remote:       —— GitHub Personal Access Token ——————————————————————        
remote:        locations:        
remote:          - commit: 12e27328dedb13c1d6782c319c0dce046e0ec363        
remote:            path: memory/logs/system/github_sync_log.md:2        
remote:          - commit: 12e27328dedb13c1d6782c319c0dce046e0ec363        
remote:            path: memory/logs/system/github_sync_log.md:4        
remote:          - commit: 12e27328dedb13c1d6782c319c0dce046e0ec363        
remote:            path: memory/logs/system/github_sync_log.md:6        
remote:          - commit: 12e27328dedb13c1d6782c319c0dce046e0ec363        
remote:            path: memory/logs/system/github_sync_log.md:8        
remote:          - commit: 12e27328dedb13c1d6782c319c0dce046e0ec363        
remote:            path: memory/logs/system/github_sync_log.md:10        
remote:             
remote:        (?) To push, remove secret from commit(s) or follow this URL to allow the secret.        
remote:        https://github.com/rafa8525/consensus-project/security/secret-scanning/unblock-secret/31vZdntQY7yIFp790nVIVLKKrd9        
remote:             
remote: 
remote: 
To https://github.com/rafa8525/consensus-project.git
 ! [remote rejected]   v1.1-dev -> v1.1-dev (push declined due to repository rule violations)
error: failed to push some refs to 'https://github.com/rafa8525/consensus-project.git'
❌ Git push failed.
