nohup: ignoring input
✅ VPN test report written to /home/rafa1215/consensus-project/memory/logs/system/vpn_test_report_20251009.md
📎 Pointer updated -> latest_vpn_test.md
[2025-10-09 18:22:51] 📦 Archived agent_expansion_update_2025-10-07_1829.md
[2025-10-09 18:22:51] 📦 Archived unused_files_2025-10-07.md
[2025-10-09 18:22:51] ✅ Generated /home/rafa1215/consensus-project/memory/logs/system/agent_summaries/top10_brainstorm_2025-10-09_1822.md
[2025-10-09 18:22:51] ✅ Generated /home/rafa1215/consensus-project/memory/logs/system/agent_summaries/top10_optimization_2025-10-09_1822.md
[2025-10-09 18:22:51] ✅ Generated /home/rafa1215/consensus-project/memory/logs/system/agent_summaries/top10_suggestions_2025-10-09_1822.md
[2025-10-09 18:22:51] ✅ Generated /home/rafa1215/consensus-project/memory/logs/system/agent_summaries/agent_expansion_update_2025-10-09_1822.md
[2025-10-09 18:23:49] ✅ Generated /home/rafa1215/consensus-project/memory/logs/system/agent_summaries/unused_files_2025-10-09.md
[2025-10-09 18:23:49] Integrated suggestions_lessons_learned_2025-07-30.md into feedback loop
[2025-10-09 18:23:49] Integrated suggestions_lessons_learned_2025-07-29.md into feedback loop
[2025-10-09 18:23:49] Integrated suggestions_lessons_learned_2025-07-28.md into feedback loop
[2025-10-09 18:23:49] === Daily Feedback Summary – 2025-10-09 ===
[2025-10-09 18:23:49] Recurring errors detected: Repeated scheduling slips, duplicate agent logs
[2025-10-09 18:23:49] Mitigations applied: Added auto-retry + log deduplication checks
[2025-10-09 18:23:49] Edge cases tracked: VPN activation failures on BART Wi-Fi, missing log writes
[2025-10-09 18:23:49] Status: ✅ Lessons integrated successfully
[2025-10-09 18:23:49] ===========================================
[2025-10-09 18:23:49] ✅ All summaries + expansion + unused files report generated successfully.
[2025-10-09 18:20:13] === Master Control Loop Start ===
[2025-10-09 18:20:13] ✅ Emotion State Tracker completed in 0.12s
[2025-10-09 18:20:13] ✅ Predictive Task Flow completed in 0.12s
[2025-10-09 18:22:13] ⚠️ Timeout running Heartbeat Scheduler
[2025-10-09 18:22:51] ✅ VPN Test Suite completed in 37.77s
[2025-10-09 18:23:49] ✅ Daily Summary Generator completed in 58.64s
[2025-10-09 18:23:49] === Master Control Loop End ===

