[2025-10-13 23:17:34] === Cron Diagnosis Script Started ===
[2025-10-13 23:17:34] --- Capturing current_environment ---
[2025-10-13 23:17:34] current_environment captured successfully.
[2025-10-13 23:17:34] --- Testing directory write permissions ---
[2025-10-13 23:17:34] ✅ Write access OK: /home/rafa1215/consensus-project
[2025-10-13 23:17:34] ✅ Write access OK: /home/rafa1215/consensus-project/tools
[2025-10-13 23:17:34] ✅ Write access OK: /home/rafa1215/consensus-project/memory
[2025-10-13 23:17:34] ✅ Write access OK: /home/rafa1215/consensus-project/memory/logs
[2025-10-13 23:17:34] ✅ Write access OK: /home/rafa1215/consensus-project/memory/logs/system
[2025-10-13 23:17:34] ✅ Write access OK: /home/rafa1215/consensus-project/memory/logs/system/agent_summaries
[2025-10-13 23:17:34] --- Simulating cron-like execution ---
[2025-10-13 23:17:39] === Cron Diagnosis Script Started ===
[2025-10-13 23:17:39] --- Capturing current_environment ---
[2025-10-13 23:17:39] current_environment captured successfully.
[2025-10-13 23:17:39] --- Testing directory write permissions ---
[2025-10-13 23:17:39] ✅ Write access OK: /home/rafa1215/consensus-project
[2025-10-13 23:17:39] ✅ Write access OK: /home/rafa1215/consensus-project/tools
[2025-10-13 23:17:39] ✅ Write access OK: /home/rafa1215/consensus-project/memory
[2025-10-13 23:17:39] ✅ Write access OK: /home/rafa1215/consensus-project/memory/logs
[2025-10-13 23:17:39] ✅ Write access OK: /home/rafa1215/consensus-project/memory/logs/system
[2025-10-13 23:17:39] ✅ Write access OK: /home/rafa1215/consensus-project/memory/logs/system/agent_summaries
[2025-10-13 23:17:39] --- Simulating cron-like execution ---
