[2025-10-01 20:45:45] Integrated suggestions_lessons_learned_2025-07-30.md into feedback loop
[2025-10-01 20:45:45] Integrated suggestions_lessons_learned_2025-07-29.md into feedback loop
[2025-10-01 20:45:45] Integrated suggestions_lessons_learned_2025-07-28.md into feedback loop
[2025-10-01 20:45:45] === Daily Feedback Summary – 2025-10-01 ===
[2025-10-01 20:45:45] Recurring errors detected: Repeated scheduling slips, duplicate agent logs
[2025-10-01 20:45:45] Mitigations applied: Added auto-retry + log deduplication checks
[2025-10-01 20:45:45] Edge cases tracked: VPN activation failures on BART Wi-Fi, missing log writes
[2025-10-01 20:45:45] Status: ✅ Lessons integrated successfully
[2025-10-01 20:45:45] ===========================================
[2025-10-02 17:02:00] Integrated suggestions_lessons_learned_2025-07-30.md into feedback loop
[2025-10-02 17:02:00] Integrated suggestions_lessons_learned_2025-07-29.md into feedback loop
[2025-10-02 17:02:00] Integrated suggestions_lessons_learned_2025-07-28.md into feedback loop
[2025-10-02 17:02:00] === Daily Feedback Summary – 2025-10-02 ===
[2025-10-02 17:02:00] Recurring errors detected: Repeated scheduling slips, duplicate agent logs
[2025-10-02 17:02:00] Mitigations applied: Added auto-retry + log deduplication checks
[2025-10-02 17:02:00] Edge cases tracked: VPN activation failures on BART Wi-Fi, missing log writes
[2025-10-02 17:02:00] Status: ✅ Lessons integrated successfully
[2025-10-02 17:02:00] ===========================================
[2025-10-02 17:21:11] Integrated suggestions_lessons_learned_2025-07-30.md into feedback loop
[2025-10-02 17:21:11] Integrated suggestions_lessons_learned_2025-07-29.md into feedback loop
[2025-10-02 17:21:11] Integrated suggestions_lessons_learned_2025-07-28.md into feedback loop
[2025-10-02 17:21:11] === Daily Feedback Summary – 2025-10-02 ===
[2025-10-02 17:21:11] Recurring errors detected: Repeated scheduling slips, duplicate agent logs
[2025-10-02 17:21:11] Mitigations applied: Added auto-retry + log deduplication checks
[2025-10-02 17:21:11] Edge cases tracked: VPN activation failures on BART Wi-Fi, missing log writes
[2025-10-02 17:21:11] Status: ✅ Lessons integrated successfully
[2025-10-02 17:21:11] ===========================================
[2025-10-02 18:30:03] Integrated suggestions_lessons_learned_2025-07-30.md into feedback loop
[2025-10-02 18:30:03] Integrated suggestions_lessons_learned_2025-07-29.md into feedback loop
[2025-10-02 18:30:03] Integrated suggestions_lessons_learned_2025-07-28.md into feedback loop
[2025-10-02 18:30:03] === Daily Feedback Summary – 2025-10-02 ===
[2025-10-02 18:30:03] Recurring errors detected: Repeated scheduling slips, duplicate agent logs
[2025-10-02 18:30:03] Mitigations applied: Added auto-retry + log deduplication checks
[2025-10-02 18:30:03] Edge cases tracked: VPN activation failures on BART Wi-Fi, missing log writes
[2025-10-02 18:30:03] Status: ✅ Lessons integrated successfully
[2025-10-02 18:30:03] ===========================================
[2025-10-03 17:01:57] Integrated suggestions_lessons_learned_2025-07-30.md into feedback loop
[2025-10-03 17:01:57] Integrated suggestions_lessons_learned_2025-07-29.md into feedback loop
[2025-10-03 17:01:57] Integrated suggestions_lessons_learned_2025-07-28.md into feedback loop
[2025-10-03 17:01:57] === Daily Feedback Summary – 2025-10-03 ===
[2025-10-03 17:01:57] Recurring errors detected: Repeated scheduling slips, duplicate agent logs
[2025-10-03 17:01:57] Mitigations applied: Added auto-retry + log deduplication checks
[2025-10-03 17:01:57] Edge cases tracked: VPN activation failures on BART Wi-Fi, missing log writes
[2025-10-03 17:01:57] Status: ✅ Lessons integrated successfully
[2025-10-03 17:01:57] ===========================================
[2025-10-03 17:56:23] Integrated suggestions_lessons_learned_2025-07-30.md into feedback loop
[2025-10-03 17:56:23] Integrated suggestions_lessons_learned_2025-07-29.md into feedback loop
[2025-10-03 17:56:23] Integrated suggestions_lessons_learned_2025-07-28.md into feedback loop
[2025-10-03 17:56:23] === Daily Feedback Summary – 2025-10-03 ===
[2025-10-03 17:56:23] Recurring errors detected: Repeated scheduling slips, duplicate agent logs
[2025-10-03 17:56:23] Mitigations applied: Added auto-retry + log deduplication checks
[2025-10-03 17:56:23] Edge cases tracked: VPN activation failures on BART Wi-Fi, missing log writes
[2025-10-03 17:56:23] Status: ✅ Lessons integrated successfully
[2025-10-03 17:56:23] ===========================================
[2025-10-04 17:02:04] Integrated suggestions_lessons_learned_2025-07-30.md into feedback loop
[2025-10-04 17:02:04] Integrated suggestions_lessons_learned_2025-07-29.md into feedback loop
[2025-10-04 17:02:04] Integrated suggestions_lessons_learned_2025-07-28.md into feedback loop
[2025-10-04 17:02:04] === Daily Feedback Summary – 2025-10-04 ===
[2025-10-04 17:02:04] Recurring errors detected: Repeated scheduling slips, duplicate agent logs
[2025-10-04 17:02:04] Mitigations applied: Added auto-retry + log deduplication checks
[2025-10-04 17:02:04] Edge cases tracked: VPN activation failures on BART Wi-Fi, missing log writes
[2025-10-04 17:02:04] Status: ✅ Lessons integrated successfully
[2025-10-04 17:02:04] ===========================================
[2025-10-05 17:02:06] Integrated suggestions_lessons_learned_2025-07-30.md into feedback loop
[2025-10-05 17:02:06] Integrated suggestions_lessons_learned_2025-07-29.md into feedback loop
[2025-10-05 17:02:06] Integrated suggestions_lessons_learned_2025-07-28.md into feedback loop
[2025-10-05 17:02:06] === Daily Feedback Summary – 2025-10-05 ===
[2025-10-05 17:02:06] Recurring errors detected: Repeated scheduling slips, duplicate agent logs
[2025-10-05 17:02:06] Mitigations applied: Added auto-retry + log deduplication checks
[2025-10-05 17:02:06] Edge cases tracked: VPN activation failures on BART Wi-Fi, missing log writes
[2025-10-05 17:02:06] Status: ✅ Lessons integrated successfully
[2025-10-05 17:02:06] ===========================================
[2025-10-06 17:02:23] Integrated suggestions_lessons_learned_2025-07-30.md into feedback loop
[2025-10-06 17:02:23] Integrated suggestions_lessons_learned_2025-07-29.md into feedback loop
[2025-10-06 17:02:23] Integrated suggestions_lessons_learned_2025-07-28.md into feedback loop
[2025-10-06 17:02:23] === Daily Feedback Summary – 2025-10-06 ===
[2025-10-06 17:02:23] Recurring errors detected: Repeated scheduling slips, duplicate agent logs
[2025-10-06 17:02:23] Mitigations applied: Added auto-retry + log deduplication checks
[2025-10-06 17:02:23] Edge cases tracked: VPN activation failures on BART Wi-Fi, missing log writes
[2025-10-06 17:02:23] Status: ✅ Lessons integrated successfully
[2025-10-06 17:02:23] ===========================================
[2025-10-07 18:13:48] Integrated suggestions_lessons_learned_2025-07-30.md into feedback loop
[2025-10-07 18:13:48] Integrated suggestions_lessons_learned_2025-07-29.md into feedback loop
[2025-10-07 18:13:48] Integrated suggestions_lessons_learned_2025-07-28.md into feedback loop
[2025-10-07 18:13:48] === Daily Feedback Summary – 2025-10-07 ===
[2025-10-07 18:13:48] Recurring errors detected: Repeated scheduling slips, duplicate agent logs
[2025-10-07 18:13:48] Mitigations applied: Added auto-retry + log deduplication checks
[2025-10-07 18:13:48] Edge cases tracked: VPN activation failures on BART Wi-Fi, missing log writes
[2025-10-07 18:13:48] Status: ✅ Lessons integrated successfully
[2025-10-07 18:13:48] ===========================================
[2025-10-07 18:23:05] Integrated suggestions_lessons_learned_2025-07-30.md into feedback loop
[2025-10-07 18:23:05] Integrated suggestions_lessons_learned_2025-07-29.md into feedback loop
[2025-10-07 18:23:05] Integrated suggestions_lessons_learned_2025-07-28.md into feedback loop
[2025-10-07 18:23:05] === Daily Feedback Summary – 2025-10-07 ===
[2025-10-07 18:23:05] Recurring errors detected: Repeated scheduling slips, duplicate agent logs
[2025-10-07 18:23:05] Mitigations applied: Added auto-retry + log deduplication checks
[2025-10-07 18:23:05] Edge cases tracked: VPN activation failures on BART Wi-Fi, missing log writes
[2025-10-07 18:23:05] Status: ✅ Lessons integrated successfully
[2025-10-07 18:23:05] ===========================================
[2025-10-07 18:30:14] Integrated suggestions_lessons_learned_2025-07-30.md into feedback loop
[2025-10-07 18:30:14] Integrated suggestions_lessons_learned_2025-07-29.md into feedback loop
[2025-10-07 18:30:14] Integrated suggestions_lessons_learned_2025-07-28.md into feedback loop
[2025-10-07 18:30:14] === Daily Feedback Summary – 2025-10-07 ===
[2025-10-07 18:30:14] Recurring errors detected: Repeated scheduling slips, duplicate agent logs
[2025-10-07 18:30:14] Mitigations applied: Added auto-retry + log deduplication checks
[2025-10-07 18:30:14] Edge cases tracked: VPN activation failures on BART Wi-Fi, missing log writes
[2025-10-07 18:30:14] Status: ✅ Lessons integrated successfully
[2025-10-07 18:30:14] ===========================================
[2025-10-08 09:03:43] Integrated suggestions_lessons_learned_2025-07-30.md into feedback loop
[2025-10-08 09:03:43] Integrated suggestions_lessons_learned_2025-07-29.md into feedback loop
[2025-10-08 09:03:43] Integrated suggestions_lessons_learned_2025-07-28.md into feedback loop
[2025-10-08 09:03:43] === Daily Feedback Summary – 2025-10-08 ===
[2025-10-08 09:03:43] Recurring errors detected: Repeated scheduling slips, duplicate agent logs
[2025-10-08 09:03:43] Mitigations applied: Added auto-retry + log deduplication checks
[2025-10-08 09:03:43] Edge cases tracked: VPN activation failures on BART Wi-Fi, missing log writes
[2025-10-08 09:03:43] Status: ✅ Lessons integrated successfully
[2025-10-08 09:03:43] ===========================================
[2025-10-09 09:03:38] Integrated suggestions_lessons_learned_2025-07-30.md into feedback loop
[2025-10-09 09:03:38] Integrated suggestions_lessons_learned_2025-07-29.md into feedback loop
[2025-10-09 09:03:38] Integrated suggestions_lessons_learned_2025-07-28.md into feedback loop
[2025-10-09 09:03:38] === Daily Feedback Summary – 2025-10-09 ===
[2025-10-09 09:03:38] Recurring errors detected: Repeated scheduling slips, duplicate agent logs
[2025-10-09 09:03:38] Mitigations applied: Added auto-retry + log deduplication checks
[2025-10-09 09:03:38] Edge cases tracked: VPN activation failures on BART Wi-Fi, missing log writes
[2025-10-09 09:03:38] Status: ✅ Lessons integrated successfully
[2025-10-09 09:03:38] ===========================================
[2025-10-09 18:23:49] Integrated suggestions_lessons_learned_2025-07-30.md into feedback loop
[2025-10-09 18:23:49] Integrated suggestions_lessons_learned_2025-07-29.md into feedback loop
[2025-10-09 18:23:49] Integrated suggestions_lessons_learned_2025-07-28.md into feedback loop
[2025-10-09 18:23:49] === Daily Feedback Summary – 2025-10-09 ===
[2025-10-09 18:23:49] Recurring errors detected: Repeated scheduling slips, duplicate agent logs
[2025-10-09 18:23:49] Mitigations applied: Added auto-retry + log deduplication checks
[2025-10-09 18:23:49] Edge cases tracked: VPN activation failures on BART Wi-Fi, missing log writes
[2025-10-09 18:23:49] Status: ✅ Lessons integrated successfully
[2025-10-09 18:23:49] ===========================================
[2025-10-10 09:03:36] Integrated suggestions_lessons_learned_2025-07-30.md into feedback loop
[2025-10-10 09:03:36] Integrated suggestions_lessons_learned_2025-07-29.md into feedback loop
[2025-10-10 09:03:36] Integrated suggestions_lessons_learned_2025-07-28.md into feedback loop
[2025-10-10 09:03:36] === Daily Feedback Summary – 2025-10-10 ===
[2025-10-10 09:03:36] Recurring errors detected: Repeated scheduling slips, duplicate agent logs
[2025-10-10 09:03:36] Mitigations applied: Added auto-retry + log deduplication checks
[2025-10-10 09:03:36] Edge cases tracked: VPN activation failures on BART Wi-Fi, missing log writes
[2025-10-10 09:03:36] Status: ✅ Lessons integrated successfully
[2025-10-10 09:03:36] ===========================================
[2025-10-10 17:25:20] Integrated suggestions_lessons_learned_2025-07-30.md into feedback loop
[2025-10-10 17:25:20] Integrated suggestions_lessons_learned_2025-07-29.md into feedback loop
[2025-10-10 17:25:20] Integrated suggestions_lessons_learned_2025-07-28.md into feedback loop
[2025-10-10 17:25:20] === Daily Feedback Summary – 2025-10-10 ===
[2025-10-10 17:25:20] Recurring errors detected: Repeated scheduling slips, duplicate agent logs
[2025-10-10 17:25:20] Mitigations applied: Added auto-retry + log deduplication checks
[2025-10-10 17:25:20] Edge cases tracked: VPN activation failures on BART Wi-Fi, missing log writes
[2025-10-10 17:25:20] Status: ✅ Lessons integrated successfully
[2025-10-10 17:25:20] ===========================================
[2025-10-10 17:31:18] Integrated suggestions_lessons_learned_2025-07-30.md into feedback loop
[2025-10-10 17:31:18] Integrated suggestions_lessons_learned_2025-07-29.md into feedback loop
[2025-10-10 17:31:18] Integrated suggestions_lessons_learned_2025-07-28.md into feedback loop
[2025-10-10 17:31:18] === Daily Feedback Summary – 2025-10-10 ===
[2025-10-10 17:31:18] Recurring errors detected: Repeated scheduling slips, duplicate agent logs
[2025-10-10 17:31:18] Mitigations applied: Added auto-retry + log deduplication checks
[2025-10-10 17:31:18] Edge cases tracked: VPN activation failures on BART Wi-Fi, missing log writes
[2025-10-10 17:31:18] Status: ✅ Lessons integrated successfully
[2025-10-10 17:31:18] ===========================================
[2025-10-11 09:04:01] Integrated suggestions_lessons_learned_2025-07-30.md into feedback loop
[2025-10-11 09:04:01] Integrated suggestions_lessons_learned_2025-07-29.md into feedback loop
[2025-10-11 09:04:01] Integrated suggestions_lessons_learned_2025-07-28.md into feedback loop
[2025-10-11 09:04:01] === Daily Feedback Summary – 2025-10-11 ===
[2025-10-11 09:04:01] Recurring errors detected: Repeated scheduling slips, duplicate agent logs
[2025-10-11 09:04:01] Mitigations applied: Added auto-retry + log deduplication checks
[2025-10-11 09:04:01] Edge cases tracked: VPN activation failures on BART Wi-Fi, missing log writes
[2025-10-11 09:04:01] Status: ✅ Lessons integrated successfully
[2025-10-11 09:04:01] ===========================================
[2025-10-12 09:04:11] Integrated suggestions_lessons_learned_2025-07-30.md into feedback loop
[2025-10-12 09:04:11] Integrated suggestions_lessons_learned_2025-07-29.md into feedback loop
[2025-10-12 09:04:11] Integrated suggestions_lessons_learned_2025-07-28.md into feedback loop
[2025-10-12 09:04:11] === Daily Feedback Summary – 2025-10-12 ===
[2025-10-12 09:04:11] Recurring errors detected: Repeated scheduling slips, duplicate agent logs
[2025-10-12 09:04:11] Mitigations applied: Added auto-retry + log deduplication checks
[2025-10-12 09:04:11] Edge cases tracked: VPN activation failures on BART Wi-Fi, missing log writes
[2025-10-12 09:04:11] Status: ✅ Lessons integrated successfully
[2025-10-12 09:04:11] ===========================================
[2025-10-13 09:04:31] Integrated suggestions_lessons_learned_2025-07-30.md into feedback loop
[2025-10-13 09:04:31] Integrated suggestions_lessons_learned_2025-07-29.md into feedback loop
[2025-10-13 09:04:31] Integrated suggestions_lessons_learned_2025-07-28.md into feedback loop
[2025-10-13 09:04:31] === Daily Feedback Summary – 2025-10-13 ===
[2025-10-13 09:04:31] Recurring errors detected: Repeated scheduling slips, duplicate agent logs
[2025-10-13 09:04:31] Mitigations applied: Added auto-retry + log deduplication checks
[2025-10-13 09:04:31] Edge cases tracked: VPN activation failures on BART Wi-Fi, missing log writes
[2025-10-13 09:04:31] Status: ✅ Lessons integrated successfully
[2025-10-13 09:04:31] ===========================================
[2025-10-13 23:18:53] Integrated suggestions_lessons_learned_2025-07-30.md into feedback loop
[2025-10-13 23:18:53] Integrated suggestions_lessons_learned_2025-07-29.md into feedback loop
[2025-10-13 23:18:53] Integrated suggestions_lessons_learned_2025-07-30.md into feedback loop
[2025-10-13 23:18:53] Integrated suggestions_lessons_learned_2025-07-28.md into feedback loop
[2025-10-13 23:18:53] Integrated suggestions_lessons_learned_2025-07-29.md into feedback loop
[2025-10-13 23:18:53] === Daily Feedback Summary – 2025-10-13 ===
[2025-10-13 23:18:53] Integrated suggestions_lessons_learned_2025-07-28.md into feedback loop
[2025-10-13 23:18:53] Recurring errors detected: Repeated scheduling slips, duplicate agent logs
[2025-10-13 23:18:53] === Daily Feedback Summary – 2025-10-13 ===
[2025-10-13 23:18:53] Mitigations applied: Added auto-retry + log deduplication checks
[2025-10-13 23:18:53] Recurring errors detected: Repeated scheduling slips, duplicate agent logs
[2025-10-13 23:18:53] Edge cases tracked: VPN activation failures on BART Wi-Fi, missing log writes
[2025-10-13 23:18:53] Mitigations applied: Added auto-retry + log deduplication checks
[2025-10-13 23:18:53] Status: ✅ Lessons integrated successfully
[2025-10-13 23:18:53] Edge cases tracked: VPN activation failures on BART Wi-Fi, missing log writes
[2025-10-13 23:18:53] ===========================================
[2025-10-13 23:18:53] Status: ✅ Lessons integrated successfully
[2025-10-13 23:18:53] ===========================================
[2025-10-14 09:03:36] Integrated suggestions_lessons_learned_2025-07-30.md into feedback loop
[2025-10-14 09:03:36] Integrated suggestions_lessons_learned_2025-07-29.md into feedback loop
[2025-10-14 09:03:36] Integrated suggestions_lessons_learned_2025-07-28.md into feedback loop
[2025-10-14 09:03:36] === Daily Feedback Summary – 2025-10-14 ===
[2025-10-14 09:03:36] Recurring errors detected: Repeated scheduling slips, duplicate agent logs
[2025-10-14 09:03:36] Mitigations applied: Added auto-retry + log deduplication checks
[2025-10-14 09:03:36] Edge cases tracked: VPN activation failures on BART Wi-Fi, missing log writes
[2025-10-14 09:03:36] Status: ✅ Lessons integrated successfully
[2025-10-14 09:03:36] ===========================================
[2025-10-15 09:03:46] Integrated suggestions_lessons_learned_2025-07-30.md into feedback loop
[2025-10-15 09:03:46] Integrated suggestions_lessons_learned_2025-07-29.md into feedback loop
[2025-10-15 09:03:46] Integrated suggestions_lessons_learned_2025-07-28.md into feedback loop
[2025-10-15 09:03:46] === Daily Feedback Summary – 2025-10-15 ===
[2025-10-15 09:03:46] Recurring errors detected: Repeated scheduling slips, duplicate agent logs
[2025-10-15 09:03:46] Mitigations applied: Added auto-retry + log deduplication checks
[2025-10-15 09:03:46] Edge cases tracked: VPN activation failures on BART Wi-Fi, missing log writes
[2025-10-15 09:03:46] Status: ✅ Lessons integrated successfully
[2025-10-15 09:03:46] ===========================================
[2025-10-15 21:23:23] Integrated suggestions_lessons_learned_2025-07-30.md into feedback loop
[2025-10-15 21:23:23] Integrated suggestions_lessons_learned_2025-07-29.md into feedback loop
[2025-10-15 21:23:23] Integrated suggestions_lessons_learned_2025-07-28.md into feedback loop
[2025-10-15 21:23:23] === Daily Feedback Summary – 2025-10-15 ===
[2025-10-15 21:23:23] Recurring errors detected: Repeated scheduling slips, duplicate agent logs
[2025-10-15 21:23:23] Mitigations applied: Added auto-retry + log deduplication checks
[2025-10-15 21:23:23] Edge cases tracked: VPN activation failures on BART Wi-Fi, missing log writes
[2025-10-15 21:23:23] Status: ✅ Lessons integrated successfully
[2025-10-15 21:23:23] ===========================================
[2025-10-15 21:52:39] Integrated suggestions_lessons_learned_2025-07-30.md into feedback loop
[2025-10-15 21:52:39] Integrated suggestions_lessons_learned_2025-07-29.md into feedback loop
[2025-10-15 21:52:39] Integrated suggestions_lessons_learned_2025-07-28.md into feedback loop
[2025-10-15 21:52:39] === Daily Feedback Summary – 2025-10-15 ===
[2025-10-15 21:52:39] Recurring errors detected: Repeated scheduling slips, duplicate agent logs
[2025-10-15 21:52:39] Mitigations applied: Added auto-retry + log deduplication checks
[2025-10-15 21:52:39] Edge cases tracked: VPN activation failures on BART Wi-Fi, missing log writes
[2025-10-15 21:52:39] Status: ✅ Lessons integrated successfully
[2025-10-15 21:52:39] ===========================================
[2025-10-15 22:04:59] Integrated suggestions_lessons_learned_2025-07-30.md into feedback loop
[2025-10-15 22:04:59] Integrated suggestions_lessons_learned_2025-07-29.md into feedback loop
[2025-10-15 22:04:59] Integrated suggestions_lessons_learned_2025-07-28.md into feedback loop
[2025-10-15 22:04:59] === Daily Feedback Summary – 2025-10-15 ===
[2025-10-15 22:04:59] Recurring errors detected: Repeated scheduling slips, duplicate agent logs
[2025-10-15 22:04:59] Mitigations applied: Added auto-retry + log deduplication checks
[2025-10-15 22:04:59] Edge cases tracked: VPN activation failures on BART Wi-Fi, missing log writes
[2025-10-15 22:04:59] Status: ✅ Lessons integrated successfully
[2025-10-15 22:04:59] ===========================================
[2025-10-15 22:23:50] Integrated suggestions_lessons_learned_2025-07-30.md into feedback loop
[2025-10-15 22:23:50] Integrated suggestions_lessons_learned_2025-07-29.md into feedback loop
[2025-10-15 22:23:50] Integrated suggestions_lessons_learned_2025-07-28.md into feedback loop
[2025-10-15 22:23:50] === Daily Feedback Summary – 2025-10-15 ===
[2025-10-15 22:23:50] Recurring errors detected: Repeated scheduling slips, duplicate agent logs
[2025-10-15 22:23:50] Mitigations applied: Added auto-retry + log deduplication checks
[2025-10-15 22:23:50] Edge cases tracked: VPN activation failures on BART Wi-Fi, missing log writes
[2025-10-15 22:23:50] Status: ✅ Lessons integrated successfully
[2025-10-15 22:23:50] ===========================================
[2025-10-16 09:03:41] Integrated suggestions_lessons_learned_2025-07-30.md into feedback loop
[2025-10-16 09:03:41] Integrated suggestions_lessons_learned_2025-07-29.md into feedback loop
[2025-10-16 09:03:41] Integrated suggestions_lessons_learned_2025-07-28.md into feedback loop
[2025-10-16 09:03:41] === Daily Feedback Summary – 2025-10-16 ===
[2025-10-16 09:03:42] Recurring errors detected: Repeated scheduling slips, duplicate agent logs
[2025-10-16 09:03:42] Mitigations applied: Added auto-retry + log deduplication checks
[2025-10-16 09:03:42] Edge cases tracked: VPN activation failures on BART Wi-Fi, missing log writes
[2025-10-16 09:03:42] Status: ✅ Lessons integrated successfully
[2025-10-16 09:03:42] ===========================================
[2025-10-16 19:13:17] Integrated suggestions_lessons_learned_2025-07-30.md into feedback loop
[2025-10-16 19:13:17] Integrated suggestions_lessons_learned_2025-07-29.md into feedback loop
[2025-10-16 19:13:17] Integrated suggestions_lessons_learned_2025-07-28.md into feedback loop
[2025-10-16 19:13:17] === Daily Feedback Summary – 2025-10-16 ===
[2025-10-16 19:13:17] Recurring errors detected: Repeated scheduling slips, duplicate agent logs
[2025-10-16 19:13:17] Mitigations applied: Added auto-retry + log deduplication checks
[2025-10-16 19:13:17] Edge cases tracked: VPN activation failures on BART Wi-Fi, missing log writes
[2025-10-16 19:13:17] Status: ✅ Lessons integrated successfully
[2025-10-16 19:13:17] ===========================================
[2025-10-17 09:03:55] Integrated suggestions_lessons_learned_2025-07-30.md into feedback loop
[2025-10-17 09:03:55] Integrated suggestions_lessons_learned_2025-07-29.md into feedback loop
[2025-10-17 09:03:55] Integrated suggestions_lessons_learned_2025-07-28.md into feedback loop
[2025-10-17 09:03:55] === Daily Feedback Summary – 2025-10-17 ===
[2025-10-17 09:03:55] Recurring errors detected: Repeated scheduling slips, duplicate agent logs
[2025-10-17 09:03:55] Mitigations applied: Added auto-retry + log deduplication checks
[2025-10-17 09:03:55] Edge cases tracked: VPN activation failures on BART Wi-Fi, missing log writes
[2025-10-17 09:03:55] Status: ✅ Lessons integrated successfully
[2025-10-17 09:03:55] ===========================================
[2025-10-18 09:03:36] Integrated suggestions_lessons_learned_2025-07-30.md into feedback loop
[2025-10-18 09:03:36] Integrated suggestions_lessons_learned_2025-07-29.md into feedback loop
[2025-10-18 09:03:36] Integrated suggestions_lessons_learned_2025-07-28.md into feedback loop
[2025-10-18 09:03:36] === Daily Feedback Summary – 2025-10-18 ===
[2025-10-18 09:03:36] Recurring errors detected: Repeated scheduling slips, duplicate agent logs
[2025-10-18 09:03:36] Mitigations applied: Added auto-retry + log deduplication checks
[2025-10-18 09:03:36] Edge cases tracked: VPN activation failures on BART Wi-Fi, missing log writes
[2025-10-18 09:03:36] Status: ✅ Lessons integrated successfully
[2025-10-18 09:03:36] ===========================================
[2025-10-19 09:03:09] Integrated suggestions_lessons_learned_2025-07-30.md into feedback loop
[2025-10-19 09:03:09] Integrated suggestions_lessons_learned_2025-07-29.md into feedback loop
[2025-10-19 09:03:09] Integrated suggestions_lessons_learned_2025-07-28.md into feedback loop
[2025-10-19 09:03:09] === Daily Feedback Summary – 2025-10-19 ===
[2025-10-19 09:03:09] Recurring errors detected: Repeated scheduling slips, duplicate agent logs
[2025-10-19 09:03:09] Mitigations applied: Added auto-retry + log deduplication checks
[2025-10-19 09:03:09] Edge cases tracked: VPN activation failures on BART Wi-Fi, missing log writes
[2025-10-19 09:03:09] Status: ✅ Lessons integrated successfully
[2025-10-19 09:03:09] ===========================================
[2025-10-20 09:03:53] Integrated suggestions_lessons_learned_2025-07-30.md into feedback loop
[2025-10-20 09:03:54] Integrated suggestions_lessons_learned_2025-07-29.md into feedback loop
[2025-10-20 09:03:54] Integrated suggestions_lessons_learned_2025-07-28.md into feedback loop
[2025-10-20 09:03:54] === Daily Feedback Summary – 2025-10-20 ===
[2025-10-20 09:03:54] Recurring errors detected: Repeated scheduling slips, duplicate agent logs
[2025-10-20 09:03:54] Mitigations applied: Added auto-retry + log deduplication checks
[2025-10-20 09:03:54] Edge cases tracked: VPN activation failures on BART Wi-Fi, missing log writes
[2025-10-20 09:03:54] Status: ✅ Lessons integrated successfully
[2025-10-20 09:03:54] ===========================================
