[2025-10-09 18:15:35] === Master Control Loop Start ===
[2025-10-09 18:15:35] ✅ Emotion State Tracker completed in 0.11s
[2025-10-09 18:15:35] ✅ Predictive Task Flow completed in 0.06s
[2025-10-09 18:20:13] === Master Control Loop Start ===
[2025-10-09 18:20:13] ✅ Emotion State Tracker completed in 0.12s
[2025-10-09 18:20:13] ✅ Predictive Task Flow completed in 0.12s
[2025-10-09 18:22:13] ⚠️ Timeout running Heartbeat Scheduler
[2025-10-09 18:22:51] ✅ VPN Test Suite completed in 37.77s
[2025-10-09 18:23:49] ✅ Daily Summary Generator completed in 58.64s
[2025-10-09 18:23:49] === Master Control Loop End ===

[2025-10-10 17:21:40] === Master Control Loop Start ===
[2025-10-10 17:21:40] ✅ Emotion State Tracker completed in 0.11s
[2025-10-10 17:21:40] ✅ Predictive Task Flow completed in 0.06s
[2025-10-10 17:23:40] ⚠️ Timeout running Heartbeat Scheduler
[2025-10-10 17:24:17] ✅ VPN Test Suite completed in 37.64s
[2025-10-10 17:25:20] ✅ Daily Summary Generator completed in 62.89s
[2025-10-10 17:25:20] ❌ Error running Voice Context Digest Builder
[2025-10-10 17:25:21] ✅ Voice Daily State Summary completed in 0.11s
[2025-10-10 17:25:21] === Master Control Loop End ===

[2025-10-10 17:27:59] === Master Control Loop Start ===
[2025-10-10 17:27:59] ✅ Emotion State Tracker completed in 0.11s
[2025-10-10 17:27:59] ✅ Predictive Task Flow completed in 0.11s
[2025-10-10 17:29:59] ⚠️ Timeout running Heartbeat Scheduler
[2025-10-10 17:30:37] ✅ VPN Test Suite completed in 37.61s
[2025-10-10 17:31:18] ✅ Daily Summary Generator completed in 41.12s
[2025-10-10 17:31:18] ✅ Voice Context Digest Builder completed in 0.06s
[2025-10-10 17:31:18] ✅ Voice Daily State Summary completed in 0.11s
[2025-10-10 17:31:18] === Master Control Loop End ===

[2025-10-13 23:21:51] === Master Control Loop Start ===
[2025-10-13 23:21:51] ✅ Emotion State Tracker completed in 0.11s
[2025-10-13 23:21:51] ✅ Predictive Task Flow completed in 0.11s
[2025-10-13 23:21:56] === Master Control Loop Start ===
[2025-10-13 23:21:56] ✅ Emotion State Tracker completed in 0.11s
[2025-10-13 23:21:56] ✅ Predictive Task Flow completed in 0.11s
[2025-10-15 21:19:35] === Master Control Loop Start ===
[2025-10-15 21:19:35] ✅ Emotion State Tracker completed in 0.11s
[2025-10-15 21:19:35] ✅ Predictive Task Flow completed in 0.11s
[2025-10-15 21:21:35] ⚠️ Timeout running Heartbeat Scheduler
[2025-10-15 21:22:13] ✅ VPN Test Suite completed in 37.68s
[2025-10-15 21:23:23] ✅ Daily Summary Generator completed in 70.03s
[2025-10-15 21:23:24] ✅ Agent Benchmark Suite completed in 1.43s
[2025-10-15 21:23:25] ✅ Agent Priority Optimizer completed in 0.21s
[2025-10-15 21:23:25] 🧠 Monthly self-optimization completed at 2025-10-15 21:23:23.459541
[2025-10-15 21:23:25] ✅ Voice Context Digest Builder completed in 0.12s
[2025-10-15 21:23:25] ✅ Voice Daily State Summary completed in 0.12s
[2025-10-15 21:23:25] === Master Control Loop End ===

[2025-10-15 21:49:06] === Master Control Loop Start ===
[2025-10-15 21:49:06] ✅ Emotion State Tracker completed in 0.22s
[2025-10-15 21:49:07] ✅ Predictive Task Flow completed in 0.23s
[2025-10-15 21:51:07] ⚠️ Timeout running Heartbeat Scheduler
[2025-10-15 21:51:44] ✅ VPN Test Suite completed in 37.8s
[2025-10-15 21:52:39] ✅ Daily Summary Generator completed in 54.51s
[2025-10-15 21:52:39] ℹ️ Self-optimization not due yet (less than 30 days).
[2025-10-15 21:52:39] ✅ Voice Context Digest Builder completed in 0.12s
[2025-10-15 21:52:39] ✅ Voice Daily State Summary completed in 0.12s
[2025-10-15 21:52:39] === Master Control Loop End ===

[2025-10-15 22:01:08] === Master Control Loop Start ===
[2025-10-15 22:01:08] ✅ Emotion State Tracker completed in 0.17s
[2025-10-15 22:01:08] ✅ Predictive Task Flow completed in 0.12s
[2025-10-15 22:03:08] ⚠️ Timeout running Heartbeat Scheduler
[2025-10-15 22:03:46] ✅ VPN Test Suite completed in 37.86s
[2025-10-15 22:04:59] ✅ Daily Summary Generator completed in 73.23s
[2025-10-15 22:04:59] ℹ️ Self-optimization not due yet (less than 30 days).
[2025-10-15 22:04:59] ✅ Voice Context Digest Builder completed in 0.12s
[2025-10-15 22:04:59] ✅ Voice Daily State Summary completed in 0.12s
[2025-10-15 22:04:59] === Master Control Loop End ===

[2025-10-15 22:19:33] === Master Control Loop Start ===
[2025-10-15 22:19:33] ✅ Emotion State Tracker completed in 0.11s
[2025-10-15 22:19:33] ✅ Predictive Task Flow completed in 0.11s
[2025-10-15 22:22:33] ⚠️ Timeout running Heartbeat Scheduler
[2025-10-15 22:23:11] ✅ VPN Test Suite completed in 37.61s
[2025-10-15 22:23:50] ✅ Daily Summary Generator completed in 38.67s
[2025-10-15 22:23:50] ℹ️ Self-optimization not due yet (less than 30 days).
[2025-10-15 22:23:50] ✅ Voice Context Digest Builder completed in 0.11s
[2025-10-15 22:23:50] ✅ Voice Daily State Summary completed in 0.11s
[2025-10-15 22:23:50] === Master Control Loop End ===

[2025-10-16 19:08:26] === Master Control Loop Start ===
[2025-10-16 19:08:27] ✅ Emotion State Tracker completed in 0.43s
[2025-10-16 19:08:27] ✅ Predictive Task Flow completed in 0.23s
[2025-10-16 19:11:27] ⚠️ Timeout running Heartbeat Scheduler
[2025-10-16 19:12:05] ✅ VPN Test Suite completed in 37.91s
[2025-10-16 19:13:17] ✅ Daily Summary Generator completed in 72.27s
[2025-10-16 19:13:17] ℹ️ Self-optimization not due yet (less than 30 days).
[2025-10-16 19:13:17] ✅ Voice Context Digest Builder completed in 0.12s
[2025-10-16 19:13:18] ✅ Voice Daily State Summary completed in 0.12s
[2025-10-16 19:13:18] === Master Control Loop End ===

[2025-10-17 17:16:06] === Master Control Loop started ===
[2025-10-17 17:16:06] Voice trigger loaded: 'check my gmail' → python3 /home/rafa1215/consensus-project/agents/gmail_agent.py
[2025-10-17 17:16:06] Voice trigger loaded: 'summarize unread messages' → python3 /home/rafa1215/consensus-project/agents/gmail_agent.py
[2025-10-17 17:16:06] Master loop heartbeat OK.
[2025-10-17 17:28:39] Master Control Loop interrupted by user.
[2025-10-17 17:28:39] === Master Control Loop stopped ===
