[2025-10-08 22:27:06] SMS_ALERT_READY: Log folder 'absorb' is stale (last update 2025-09-25 20:43:31).
[2025-10-08 22:27:06] SMS_ALERT_READY: Log folder 'agi' is stale (last update 2025-10-05 07:04:09).
[2025-10-08 22:27:06] SMS_ALERT_READY: Log folder 'debug' is stale (last update 2025-09-24 20:27:53).
[2025-10-08 22:27:06] SMS_ALERT_READY: Log folder 'geofence' is stale (last update 2025-09-24 20:27:53).
[2025-10-08 22:27:06] SMS_ALERT_READY: Log folder 'git' is stale (last update 2025-09-24 20:27:53).
[2025-10-08 22:27:06] SMS_ALERT_READY: Log folder 'github_sync' is stale (last update 2025-09-25 20:34:53).
[2025-10-08 22:27:06] SMS_ALERT_READY: Log folder 'nutrition' is stale (last update 2025-09-24 20:27:53).
[2025-10-08 22:27:06] SMS_ALERT_READY: Log folder 'reminders' is stale (last update 2025-09-24 20:27:53).
[2025-10-08 22:27:07] SMS_ALERT_READY: Log folder 'support_recovery' is stale (last update 2025-09-24 20:27:56).
[2025-10-08 22:27:07] SMS_ALERT_READY: Log folder 'transit' is stale (last update 2025-09-24 20:27:56).
[2025-10-08 22:27:07] SMS_ALERT_READY: Log folder 'twilio' is stale (last update 2025-09-24 20:27:56).
[2025-10-08 22:27:07] SMS_ALERT_READY: Log folder 'voice' is stale (last update 2025-09-24 20:27:56).
[2025-10-08 22:27:07] SMS_ALERT_READY: Log folder 'watchdog' is stale (last update 2025-09-24 20:27:56).
[2025-10-09 04:18:37] SMS_ALERT_READY: Log folder 'absorb' is stale (last update 2025-09-25 20:43:31).
[2025-10-09 04:18:37] SMS_ALERT_READY: Log folder 'agi' is stale (last update 2025-10-05 07:04:09).
[2025-10-09 04:18:37] SMS_ALERT_READY: Log folder 'debug' is stale (last update 2025-09-24 20:27:53).
[2025-10-09 04:18:37] SMS_ALERT_READY: Log folder 'geofence' is stale (last update 2025-09-24 20:27:53).
[2025-10-09 04:18:37] SMS_ALERT_READY: Log folder 'git' is stale (last update 2025-09-24 20:27:53).
[2025-10-09 04:18:37] SMS_ALERT_READY: Log folder 'github_sync' is stale (last update 2025-09-25 20:34:53).
[2025-10-09 04:18:37] SMS_ALERT_READY: Log folder 'nutrition' is stale (last update 2025-09-24 20:27:53).
[2025-10-09 04:18:37] SMS_ALERT_READY: Log folder 'reminders' is stale (last update 2025-09-24 20:27:53).
[2025-10-09 04:18:38] SMS_ALERT_READY: Log folder 'support_recovery' is stale (last update 2025-09-24 20:27:56).
[2025-10-09 04:18:38] SMS_ALERT_READY: Log folder 'transit' is stale (last update 2025-09-24 20:27:56).
[2025-10-09 04:18:38] SMS_ALERT_READY: Log folder 'twilio' is stale (last update 2025-09-24 20:27:56).
[2025-10-09 04:18:38] SMS_ALERT_READY: Log folder 'voice' is stale (last update 2025-09-24 20:27:56).
[2025-10-09 04:18:38] SMS_ALERT_READY: Log folder 'watchdog' is stale (last update 2025-09-24 20:27:56).
[2025-10-09 05:18:38] SMS_ALERT_READY: Log folder 'absorb' is stale (last update 2025-09-25 20:43:31).
[2025-10-09 05:18:38] SMS_ALERT_READY: Log folder 'agi' is stale (last update 2025-10-05 07:04:09).
[2025-10-09 05:18:38] SMS_ALERT_READY: Log folder 'debug' is stale (last update 2025-09-24 20:27:53).
[2025-10-09 05:18:38] SMS_ALERT_READY: Log folder 'geofence' is stale (last update 2025-09-24 20:27:53).
[2025-10-09 05:18:38] SMS_ALERT_READY: Log folder 'git' is stale (last update 2025-09-24 20:27:53).
[2025-10-09 05:18:38] SMS_ALERT_READY: Log folder 'github_sync' is stale (last update 2025-09-25 20:34:53).
[2025-10-09 05:18:38] SMS_ALERT_READY: Log folder 'nutrition' is stale (last update 2025-09-24 20:27:53).
[2025-10-09 05:18:38] SMS_ALERT_READY: Log folder 'reminders' is stale (last update 2025-09-24 20:27:53).
[2025-10-09 05:18:39] SMS_ALERT_READY: Log folder 'support_recovery' is stale (last update 2025-09-24 20:27:56).
[2025-10-09 05:18:39] SMS_ALERT_READY: Log folder 'transit' is stale (last update 2025-09-24 20:27:56).
[2025-10-09 05:18:39] SMS_ALERT_READY: Log folder 'twilio' is stale (last update 2025-09-24 20:27:56).
[2025-10-09 05:18:39] SMS_ALERT_READY: Log folder 'voice' is stale (last update 2025-09-24 20:27:56).
[2025-10-09 05:18:39] SMS_ALERT_READY: Log folder 'watchdog' is stale (last update 2025-09-24 20:27:56).
[2025-10-09 06:18:39] SMS_ALERT_READY: Log folder 'absorb' is stale (last update 2025-09-25 20:43:31).
[2025-10-09 06:18:39] SMS_ALERT_READY: Log folder 'agi' is stale (last update 2025-10-05 07:04:09).
[2025-10-09 06:18:39] SMS_ALERT_READY: Log folder 'debug' is stale (last update 2025-09-24 20:27:53).
[2025-10-09 06:18:39] SMS_ALERT_READY: Log folder 'geofence' is stale (last update 2025-09-24 20:27:53).
[2025-10-09 06:18:39] SMS_ALERT_READY: Log folder 'git' is stale (last update 2025-09-24 20:27:53).
[2025-10-09 06:18:39] SMS_ALERT_READY: Log folder 'github_sync' is stale (last update 2025-09-25 20:34:53).
[2025-10-09 06:18:39] SMS_ALERT_READY: Log folder 'nutrition' is stale (last update 2025-09-24 20:27:53).
[2025-10-09 06:18:39] SMS_ALERT_READY: Log folder 'reminders' is stale (last update 2025-09-24 20:27:53).
[2025-10-09 06:18:39] SMS_ALERT_READY: Log folder 'support_recovery' is stale (last update 2025-09-24 20:27:56).
[2025-10-09 06:18:39] SMS_ALERT_READY: Log folder 'transit' is stale (last update 2025-09-24 20:27:56).
[2025-10-09 06:18:39] SMS_ALERT_READY: Log folder 'twilio' is stale (last update 2025-09-24 20:27:56).
[2025-10-09 06:18:39] SMS_ALERT_READY: Log folder 'voice' is stale (last update 2025-09-24 20:27:56).
[2025-10-09 06:18:39] SMS_ALERT_READY: Log folder 'watchdog' is stale (last update 2025-09-24 20:27:56).
[2025-10-09 07:18:39] SMS_ALERT_READY: Log folder 'absorb' is stale (last update 2025-09-25 20:43:31).
[2025-10-09 07:18:39] SMS_ALERT_READY: Log folder 'agi' is stale (last update 2025-10-05 07:04:09).
[2025-10-09 07:18:39] SMS_ALERT_READY: Log folder 'debug' is stale (last update 2025-09-24 20:27:53).
[2025-10-09 07:18:39] SMS_ALERT_READY: Log folder 'geofence' is stale (last update 2025-09-24 20:27:53).
[2025-10-09 07:18:39] SMS_ALERT_READY: Log folder 'git' is stale (last update 2025-09-24 20:27:53).
[2025-10-09 07:18:39] SMS_ALERT_READY: Log folder 'github_sync' is stale (last update 2025-09-25 20:34:53).
[2025-10-09 07:18:39] SMS_ALERT_READY: Log folder 'nutrition' is stale (last update 2025-09-24 20:27:53).
[2025-10-09 07:18:39] SMS_ALERT_READY: Log folder 'reminders' is stale (last update 2025-09-24 20:27:53).
[2025-10-09 07:18:40] SMS_ALERT_READY: Log folder 'security' is stale (last update 2025-09-24 20:27:56).
[2025-10-09 07:18:40] SMS_ALERT_READY: Log folder 'support_recovery' is stale (last update 2025-09-24 20:27:56).
[2025-10-09 07:18:40] SMS_ALERT_READY: Log folder 'transit' is stale (last update 2025-09-24 20:27:56).
[2025-10-09 07:18:40] SMS_ALERT_READY: Log folder 'twilio' is stale (last update 2025-09-24 20:27:56).
[2025-10-09 07:18:40] SMS_ALERT_READY: Log folder 'voice' is stale (last update 2025-09-24 20:27:56).
[2025-10-09 07:18:40] SMS_ALERT_READY: Log folder 'watchdog' is stale (last update 2025-09-24 20:27:56).
[2025-10-09 08:18:40] SMS_ALERT_READY: Log folder 'absorb' is stale (last update 2025-09-25 20:43:31).
[2025-10-09 08:18:40] SMS_ALERT_READY: Log folder 'agi' is stale (last update 2025-10-05 07:04:09).
[2025-10-09 08:18:40] SMS_ALERT_READY: Log folder 'debug' is stale (last update 2025-09-24 20:27:53).
[2025-10-09 08:18:40] SMS_ALERT_READY: Log folder 'geofence' is stale (last update 2025-09-24 20:27:53).
[2025-10-09 08:18:40] SMS_ALERT_READY: Log folder 'git' is stale (last update 2025-09-24 20:27:53).
[2025-10-09 08:18:40] SMS_ALERT_READY: Log folder 'github_sync' is stale (last update 2025-09-25 20:34:53).
[2025-10-09 08:18:40] SMS_ALERT_READY: Log folder 'nutrition' is stale (last update 2025-09-24 20:27:53).
[2025-10-09 08:18:40] SMS_ALERT_READY: Log folder 'reminders' is stale (last update 2025-09-24 20:27:53).
[2025-10-09 08:18:41] SMS_ALERT_READY: Log folder 'security' is stale (last update 2025-09-24 20:27:56).
[2025-10-09 08:18:41] SMS_ALERT_READY: Log folder 'support_recovery' is stale (last update 2025-09-24 20:27:56).
[2025-10-09 08:18:41] SMS_ALERT_READY: Log folder 'transit' is stale (last update 2025-09-24 20:27:56).
[2025-10-09 08:18:41] SMS_ALERT_READY: Log folder 'twilio' is stale (last update 2025-09-24 20:27:56).
[2025-10-09 08:18:41] SMS_ALERT_READY: Log folder 'voice' is stale (last update 2025-09-24 20:27:56).
[2025-10-09 08:18:41] SMS_ALERT_READY: Log folder 'watchdog' is stale (last update 2025-09-24 20:27:56).
[2025-10-09 09:18:41] SMS_ALERT_READY: Log folder 'absorb' is stale (last update 2025-09-25 20:43:31).
[2025-10-09 09:18:41] SMS_ALERT_READY: Log folder 'agi' is stale (last update 2025-10-05 07:04:09).
[2025-10-09 09:18:41] SMS_ALERT_READY: Log folder 'debug' is stale (last update 2025-09-24 20:27:53).
[2025-10-09 09:18:41] SMS_ALERT_READY: Log folder 'geofence' is stale (last update 2025-09-24 20:27:53).
[2025-10-09 09:18:41] SMS_ALERT_READY: Log folder 'git' is stale (last update 2025-09-24 20:27:53).
[2025-10-09 09:18:41] SMS_ALERT_READY: Log folder 'github_sync' is stale (last update 2025-09-25 20:34:53).
[2025-10-09 09:18:41] SMS_ALERT_READY: Log folder 'nutrition' is stale (last update 2025-09-24 20:27:53).
[2025-10-09 09:18:41] SMS_ALERT_READY: Log folder 'reminders' is stale (last update 2025-09-24 20:27:53).
[2025-10-09 09:18:42] SMS_ALERT_READY: Log folder 'support_recovery' is stale (last update 2025-09-24 20:27:56).
[2025-10-09 09:18:42] SMS_ALERT_READY: Log folder 'transit' is stale (last update 2025-09-24 20:27:56).
[2025-10-09 09:18:42] SMS_ALERT_READY: Log folder 'twilio' is stale (last update 2025-09-24 20:27:56).
[2025-10-09 09:18:42] SMS_ALERT_READY: Log folder 'voice' is stale (last update 2025-09-24 20:27:56).
[2025-10-09 09:18:42] SMS_ALERT_READY: Log folder 'watchdog' is stale (last update 2025-09-24 20:27:56).
[2025-10-09 10:18:42] SMS_ALERT_READY: Log folder 'absorb' is stale (last update 2025-09-25 20:43:31).
[2025-10-09 10:18:42] SMS_ALERT_READY: Log folder 'agi' is stale (last update 2025-10-05 07:04:09).
[2025-10-09 10:18:42] SMS_ALERT_READY: Log folder 'debug' is stale (last update 2025-09-24 20:27:53).
[2025-10-09 10:18:42] SMS_ALERT_READY: Log folder 'geofence' is stale (last update 2025-09-24 20:27:53).
[2025-10-09 10:18:42] SMS_ALERT_READY: Log folder 'git' is stale (last update 2025-09-24 20:27:53).
[2025-10-09 10:18:42] SMS_ALERT_READY: Log folder 'github_sync' is stale (last update 2025-09-25 20:34:53).
[2025-10-09 10:18:42] SMS_ALERT_READY: Log folder 'nutrition' is stale (last update 2025-09-24 20:27:53).
[2025-10-09 10:18:42] SMS_ALERT_READY: Log folder 'reminders' is stale (last update 2025-09-24 20:27:53).
[2025-10-09 10:18:43] SMS_ALERT_READY: Log folder 'support_recovery' is stale (last update 2025-09-24 20:27:56).
[2025-10-09 10:18:43] SMS_ALERT_READY: Log folder 'transit' is stale (last update 2025-09-24 20:27:56).
[2025-10-09 10:18:43] SMS_ALERT_READY: Log folder 'twilio' is stale (last update 2025-09-24 20:27:56).
[2025-10-09 10:18:43] SMS_ALERT_READY: Log folder 'voice' is stale (last update 2025-09-24 20:27:56).
[2025-10-09 10:18:43] SMS_ALERT_READY: Log folder 'watchdog' is stale (last update 2025-09-24 20:27:56).
[2025-10-09 11:18:43] SMS_ALERT_READY: Log folder 'absorb' is stale (last update 2025-09-25 20:43:31).
[2025-10-09 11:18:43] SMS_ALERT_READY: Log folder 'agi' is stale (last update 2025-10-05 07:04:09).
[2025-10-09 11:18:43] SMS_ALERT_READY: Log folder 'debug' is stale (last update 2025-09-24 20:27:53).
[2025-10-09 11:18:43] SMS_ALERT_READY: Log folder 'geofence' is stale (last update 2025-09-24 20:27:53).
[2025-10-09 11:18:43] SMS_ALERT_READY: Log folder 'git' is stale (last update 2025-09-24 20:27:53).
[2025-10-09 11:18:43] SMS_ALERT_READY: Log folder 'github_sync' is stale (last update 2025-09-25 20:34:53).
[2025-10-09 11:18:43] SMS_ALERT_READY: Log folder 'nutrition' is stale (last update 2025-09-24 20:27:53).
[2025-10-09 11:18:43] SMS_ALERT_READY: Log folder 'reminders' is stale (last update 2025-09-24 20:27:53).
[2025-10-09 11:18:43] SMS_ALERT_READY: Log folder 'support_recovery' is stale (last update 2025-09-24 20:27:56).
[2025-10-09 11:18:43] SMS_ALERT_READY: Log folder 'transit' is stale (last update 2025-09-24 20:27:56).
[2025-10-09 11:18:43] SMS_ALERT_READY: Log folder 'twilio' is stale (last update 2025-09-24 20:27:56).
[2025-10-09 11:18:43] SMS_ALERT_READY: Log folder 'voice' is stale (last update 2025-09-24 20:27:56).
[2025-10-09 11:18:43] SMS_ALERT_READY: Log folder 'watchdog' is stale (last update 2025-09-24 20:27:56).
[2025-10-09 12:18:43] SMS_ALERT_READY: Log folder 'absorb' is stale (last update 2025-09-25 20:43:31).
[2025-10-09 12:18:43] SMS_ALERT_READY: Log folder 'agi' is stale (last update 2025-10-05 07:04:09).
[2025-10-09 12:18:43] SMS_ALERT_READY: Log folder 'debug' is stale (last update 2025-09-24 20:27:53).
[2025-10-09 12:18:43] SMS_ALERT_READY: Log folder 'geofence' is stale (last update 2025-09-24 20:27:53).
[2025-10-09 12:18:43] SMS_ALERT_READY: Log folder 'git' is stale (last update 2025-09-24 20:27:53).
[2025-10-09 12:18:43] SMS_ALERT_READY: Log folder 'github_sync' is stale (last update 2025-09-25 20:34:53).
[2025-10-09 12:18:43] SMS_ALERT_READY: Log folder 'nutrition' is stale (last update 2025-09-24 20:27:53).
[2025-10-09 12:18:43] SMS_ALERT_READY: Log folder 'reminders' is stale (last update 2025-09-24 20:27:53).
[2025-10-09 12:18:44] SMS_ALERT_READY: Log folder 'support_recovery' is stale (last update 2025-09-24 20:27:56).
[2025-10-09 12:18:44] SMS_ALERT_READY: Log folder 'transit' is stale (last update 2025-09-24 20:27:56).
[2025-10-09 12:18:44] SMS_ALERT_READY: Log folder 'twilio' is stale (last update 2025-09-24 20:27:56).
[2025-10-09 12:18:44] SMS_ALERT_READY: Log folder 'voice' is stale (last update 2025-09-24 20:27:56).
[2025-10-09 12:18:44] SMS_ALERT_READY: Log folder 'watchdog' is stale (last update 2025-09-24 20:27:56).
[2025-10-09 13:18:44] SMS_ALERT_READY: Log folder 'absorb' is stale (last update 2025-09-25 20:43:31).
[2025-10-09 13:18:44] SMS_ALERT_READY: Log folder 'agi' is stale (last update 2025-10-05 07:04:09).
[2025-10-09 13:18:44] SMS_ALERT_READY: Log folder 'debug' is stale (last update 2025-09-24 20:27:53).
[2025-10-09 13:18:44] SMS_ALERT_READY: Log folder 'geofence' is stale (last update 2025-09-24 20:27:53).
[2025-10-09 13:18:44] SMS_ALERT_READY: Log folder 'git' is stale (last update 2025-09-24 20:27:53).
[2025-10-09 13:18:44] SMS_ALERT_READY: Log folder 'github_sync' is stale (last update 2025-09-25 20:34:53).
[2025-10-09 13:18:44] SMS_ALERT_READY: Log folder 'nutrition' is stale (last update 2025-09-24 20:27:53).
[2025-10-09 13:18:44] SMS_ALERT_READY: Log folder 'reminders' is stale (last update 2025-09-24 20:27:53).
[2025-10-09 13:18:44] SMS_ALERT_READY: Log folder 'support_recovery' is stale (last update 2025-09-24 20:27:56).
[2025-10-09 13:18:44] SMS_ALERT_READY: Log folder 'transit' is stale (last update 2025-09-24 20:27:56).
[2025-10-09 13:18:44] SMS_ALERT_READY: Log folder 'twilio' is stale (last update 2025-09-24 20:27:56).
[2025-10-09 13:18:44] SMS_ALERT_READY: Log folder 'voice' is stale (last update 2025-09-24 20:27:56).
[2025-10-09 13:18:44] SMS_ALERT_READY: Log folder 'watchdog' is stale (last update 2025-09-24 20:27:56).
[2025-10-09 14:18:44] SMS_ALERT_READY: Log folder 'absorb' is stale (last update 2025-09-25 20:43:31).
[2025-10-09 14:18:44] SMS_ALERT_READY: Log folder 'agi' is stale (last update 2025-10-05 07:04:09).
[2025-10-09 14:18:45] SMS_ALERT_READY: Log folder 'debug' is stale (last update 2025-09-24 20:27:53).
[2025-10-09 14:18:45] SMS_ALERT_READY: Log folder 'geofence' is stale (last update 2025-09-24 20:27:53).
[2025-10-09 14:18:45] SMS_ALERT_READY: Log folder 'git' is stale (last update 2025-09-24 20:27:53).
[2025-10-09 14:18:45] SMS_ALERT_READY: Log folder 'github_sync' is stale (last update 2025-09-25 20:34:53).
[2025-10-09 14:18:45] SMS_ALERT_READY: Log folder 'nutrition' is stale (last update 2025-09-24 20:27:53).
[2025-10-09 14:18:45] SMS_ALERT_READY: Log folder 'reminders' is stale (last update 2025-09-24 20:27:53).
[2025-10-09 14:18:45] SMS_ALERT_READY: Log folder 'support_recovery' is stale (last update 2025-09-24 20:27:56).
[2025-10-09 14:18:45] SMS_ALERT_READY: Log folder 'transit' is stale (last update 2025-09-24 20:27:56).
[2025-10-09 14:18:45] SMS_ALERT_READY: Log folder 'twilio' is stale (last update 2025-09-24 20:27:56).
[2025-10-09 14:18:45] SMS_ALERT_READY: Log folder 'voice' is stale (last update 2025-09-24 20:27:56).
[2025-10-09 14:18:45] SMS_ALERT_READY: Log folder 'watchdog' is stale (last update 2025-09-24 20:27:56).
[2025-10-09 15:18:45] SMS_ALERT_READY: Log folder 'absorb' is stale (last update 2025-09-25 20:43:31).
[2025-10-09 15:18:45] SMS_ALERT_READY: Log folder 'agi' is stale (last update 2025-10-05 07:04:09).
[2025-10-09 15:18:45] SMS_ALERT_READY: Log folder 'debug' is stale (last update 2025-09-24 20:27:53).
[2025-10-09 15:18:45] SMS_ALERT_READY: Log folder 'geofence' is stale (last update 2025-09-24 20:27:53).
[2025-10-09 15:18:45] SMS_ALERT_READY: Log folder 'git' is stale (last update 2025-09-24 20:27:53).
[2025-10-09 15:18:45] SMS_ALERT_READY: Log folder 'github_sync' is stale (last update 2025-09-25 20:34:53).
[2025-10-09 15:18:45] SMS_ALERT_READY: Log folder 'nutrition' is stale (last update 2025-09-24 20:27:53).
[2025-10-09 15:18:45] SMS_ALERT_READY: Log folder 'reminders' is stale (last update 2025-09-24 20:27:53).
[2025-10-09 15:18:46] SMS_ALERT_READY: Log folder 'support_recovery' is stale (last update 2025-09-24 20:27:56).
[2025-10-09 15:18:46] SMS_ALERT_READY: Log folder 'transit' is stale (last update 2025-09-24 20:27:56).
[2025-10-09 15:18:46] SMS_ALERT_READY: Log folder 'twilio' is stale (last update 2025-09-24 20:27:56).
[2025-10-09 15:18:46] SMS_ALERT_READY: Log folder 'voice' is stale (last update 2025-09-24 20:27:56).
[2025-10-09 15:18:46] SMS_ALERT_READY: Log folder 'watchdog' is stale (last update 2025-09-24 20:27:56).
[2025-10-09 16:18:46] SMS_ALERT_READY: Log folder 'absorb' is stale (last update 2025-09-25 20:43:31).
[2025-10-09 16:18:46] SMS_ALERT_READY: Log folder 'agi' is stale (last update 2025-10-05 07:04:09).
[2025-10-09 16:18:46] SMS_ALERT_READY: Log folder 'debug' is stale (last update 2025-09-24 20:27:53).
[2025-10-09 16:18:46] SMS_ALERT_READY: Log folder 'geofence' is stale (last update 2025-09-24 20:27:53).
[2025-10-09 16:18:46] SMS_ALERT_READY: Log folder 'git' is stale (last update 2025-09-24 20:27:53).
[2025-10-09 16:18:46] SMS_ALERT_READY: Log folder 'github_sync' is stale (last update 2025-09-25 20:34:53).
[2025-10-09 16:18:46] SMS_ALERT_READY: Log folder 'nutrition' is stale (last update 2025-09-24 20:27:53).
[2025-10-09 16:18:46] SMS_ALERT_READY: Log folder 'reminders' is stale (last update 2025-09-24 20:27:53).
[2025-10-09 16:18:46] SMS_ALERT_READY: Log folder 'support_recovery' is stale (last update 2025-09-24 20:27:56).
[2025-10-09 16:18:46] SMS_ALERT_READY: Log folder 'transit' is stale (last update 2025-09-24 20:27:56).
[2025-10-09 16:18:46] SMS_ALERT_READY: Log folder 'twilio' is stale (last update 2025-09-24 20:27:56).
[2025-10-09 16:18:46] SMS_ALERT_READY: Log folder 'voice' is stale (last update 2025-09-24 20:27:56).
[2025-10-09 16:18:47] SMS_ALERT_READY: Log folder 'watchdog' is stale (last update 2025-09-24 20:27:56).
[2025-10-09 18:15:36] SMS_ALERT_READY: Log folder 'absorb' is stale (last update 2025-09-25 20:43:31).
[2025-10-09 18:15:36] SMS_ALERT_READY: Log folder 'agi' is stale (last update 2025-10-05 07:04:09).
[2025-10-09 18:15:36] SMS_ALERT_READY: Log folder 'debug' is stale (last update 2025-09-24 20:27:53).
[2025-10-09 18:15:36] SMS_ALERT_READY: Log folder 'geofence' is stale (last update 2025-09-24 20:27:53).
[2025-10-09 18:15:36] SMS_ALERT_READY: Log folder 'git' is stale (last update 2025-09-24 20:27:53).
[2025-10-09 18:15:36] SMS_ALERT_READY: Log folder 'github_sync' is stale (last update 2025-09-25 20:34:53).
[2025-10-09 18:15:36] SMS_ALERT_READY: Log folder 'nutrition' is stale (last update 2025-09-24 20:27:53).
[2025-10-09 18:15:36] SMS_ALERT_READY: Log folder 'reminders' is stale (last update 2025-09-24 20:27:53).
[2025-10-09 18:15:36] SMS_ALERT_READY: Log folder 'support_recovery' is stale (last update 2025-09-24 20:27:56).
[2025-10-09 18:15:36] SMS_ALERT_READY: Log folder 'transit' is stale (last update 2025-09-24 20:27:56).
[2025-10-09 18:15:36] SMS_ALERT_READY: Log folder 'twilio' is stale (last update 2025-09-24 20:27:56).
[2025-10-09 18:15:36] SMS_ALERT_READY: Log folder 'voice' is stale (last update 2025-09-24 20:27:56).
[2025-10-09 18:15:36] SMS_ALERT_READY: Log folder 'watchdog' is stale (last update 2025-09-24 20:27:56).
[2025-10-09 18:20:13] SMS_ALERT_READY: Log folder 'absorb' is stale (last update 2025-09-25 20:43:31).
[2025-10-09 18:20:13] SMS_ALERT_READY: Log folder 'agi' is stale (last update 2025-10-05 07:04:09).
[2025-10-09 18:20:13] SMS_ALERT_READY: Log folder 'debug' is stale (last update 2025-09-24 20:27:53).
[2025-10-09 18:20:13] SMS_ALERT_READY: Log folder 'geofence' is stale (last update 2025-09-24 20:27:53).
[2025-10-09 18:20:13] SMS_ALERT_READY: Log folder 'git' is stale (last update 2025-09-24 20:27:53).
[2025-10-09 18:20:13] SMS_ALERT_READY: Log folder 'github_sync' is stale (last update 2025-09-25 20:34:53).
[2025-10-09 18:20:13] SMS_ALERT_READY: Log folder 'nutrition' is stale (last update 2025-09-24 20:27:53).
[2025-10-09 18:20:13] SMS_ALERT_READY: Log folder 'reminders' is stale (last update 2025-09-24 20:27:53).
[2025-10-09 18:20:13] SMS_ALERT_READY: Log folder 'support_recovery' is stale (last update 2025-09-24 20:27:56).
[2025-10-09 18:20:13] SMS_ALERT_READY: Log folder 'transit' is stale (last update 2025-09-24 20:27:56).
[2025-10-09 18:20:13] SMS_ALERT_READY: Log folder 'twilio' is stale (last update 2025-09-24 20:27:56).
[2025-10-09 18:20:13] SMS_ALERT_READY: Log folder 'voice' is stale (last update 2025-09-24 20:27:56).
[2025-10-09 18:20:13] SMS_ALERT_READY: Log folder 'watchdog' is stale (last update 2025-09-24 20:27:56).
[2025-10-10 17:21:40] SMS_ALERT_READY: Log folder 'absorb' is stale (last update 2025-09-25 20:43:31).
[2025-10-10 17:21:40] SMS_ALERT_READY: Log folder 'agi' is stale (last update 2025-10-05 07:04:09).
[2025-10-10 17:21:40] SMS_ALERT_READY: Log folder 'debug' is stale (last update 2025-09-24 20:27:53).
[2025-10-10 17:21:40] SMS_ALERT_READY: Log folder 'geofence' is stale (last update 2025-09-24 20:27:53).
[2025-10-10 17:21:40] SMS_ALERT_READY: Log folder 'git' is stale (last update 2025-09-24 20:27:53).
[2025-10-10 17:21:40] SMS_ALERT_READY: Log folder 'github_sync' is stale (last update 2025-09-25 20:34:53).
[2025-10-10 17:21:40] SMS_ALERT_READY: Log folder 'nutrition' is stale (last update 2025-09-24 20:27:53).
[2025-10-10 17:21:40] SMS_ALERT_READY: Log folder 'reminders' is stale (last update 2025-09-24 20:27:53).
[2025-10-10 17:21:40] SMS_ALERT_READY: Log folder 'support_recovery' is stale (last update 2025-09-24 20:27:56).
[2025-10-10 17:21:40] SMS_ALERT_READY: Log folder 'transit' is stale (last update 2025-09-24 20:27:56).
[2025-10-10 17:21:40] SMS_ALERT_READY: Log folder 'twilio' is stale (last update 2025-09-24 20:27:56).
[2025-10-10 17:21:40] SMS_ALERT_READY: Log folder 'voice' is stale (last update 2025-09-24 20:27:56).
[2025-10-10 17:21:40] SMS_ALERT_READY: Log folder 'watchdog' is stale (last update 2025-09-24 20:27:56).
[2025-10-10 17:24:53] SMS_ALERT_READY: Log folder 'absorb' is stale (last update 2025-09-25 20:43:31).
[2025-10-10 17:24:53] SMS_ALERT_READY: Log folder 'agi' is stale (last update 2025-10-05 07:04:09).
[2025-10-10 17:24:53] SMS_ALERT_READY: Log folder 'debug' is stale (last update 2025-09-24 20:27:53).
[2025-10-10 17:24:53] SMS_ALERT_READY: Log folder 'geofence' is stale (last update 2025-09-24 20:27:53).
[2025-10-10 17:24:53] SMS_ALERT_READY: Log folder 'git' is stale (last update 2025-09-24 20:27:53).
[2025-10-10 17:24:53] SMS_ALERT_READY: Log folder 'github_sync' is stale (last update 2025-09-25 20:34:53).
[2025-10-10 17:24:53] SMS_ALERT_READY: Log folder 'nutrition' is stale (last update 2025-09-24 20:27:53).
[2025-10-10 17:24:53] SMS_ALERT_READY: Log folder 'reminders' is stale (last update 2025-09-24 20:27:53).
[2025-10-10 17:24:54] SMS_ALERT_READY: Log folder 'support_recovery' is stale (last update 2025-09-24 20:27:56).
[2025-10-10 17:24:54] SMS_ALERT_READY: Log folder 'transit' is stale (last update 2025-09-24 20:27:56).
[2025-10-10 17:24:54] SMS_ALERT_READY: Log folder 'twilio' is stale (last update 2025-09-24 20:27:56).
[2025-10-10 17:24:54] SMS_ALERT_READY: Log folder 'voice' is stale (last update 2025-09-24 20:27:56).
[2025-10-10 17:24:54] SMS_ALERT_READY: Log folder 'watchdog' is stale (last update 2025-09-24 20:27:56).
[2025-10-10 17:25:39] SMS_ALERT_READY: Log folder 'absorb' is stale (last update 2025-09-25 20:43:31).
[2025-10-10 17:25:39] SMS_ALERT_READY: Log folder 'agi' is stale (last update 2025-10-05 07:04:09).
[2025-10-10 17:25:39] SMS_ALERT_READY: Log folder 'debug' is stale (last update 2025-09-24 20:27:53).
[2025-10-10 17:25:39] SMS_ALERT_READY: Log folder 'geofence' is stale (last update 2025-09-24 20:27:53).
[2025-10-10 17:25:39] SMS_ALERT_READY: Log folder 'git' is stale (last update 2025-09-24 20:27:53).
[2025-10-10 17:25:39] SMS_ALERT_READY: Log folder 'github_sync' is stale (last update 2025-09-25 20:34:53).
[2025-10-10 17:25:39] SMS_ALERT_READY: Log folder 'nutrition' is stale (last update 2025-09-24 20:27:53).
[2025-10-10 17:25:39] SMS_ALERT_READY: Log folder 'reminders' is stale (last update 2025-09-24 20:27:53).
[2025-10-10 17:25:39] SMS_ALERT_READY: Log folder 'support_recovery' is stale (last update 2025-09-24 20:27:56).
[2025-10-10 17:25:39] SMS_ALERT_READY: Log folder 'transit' is stale (last update 2025-09-24 20:27:56).
[2025-10-10 17:25:39] SMS_ALERT_READY: Log folder 'twilio' is stale (last update 2025-09-24 20:27:56).
[2025-10-10 17:25:39] SMS_ALERT_READY: Log folder 'voice' is stale (last update 2025-09-24 20:27:56).
[2025-10-10 17:25:39] SMS_ALERT_READY: Log folder 'watchdog' is stale (last update 2025-09-24 20:27:56).
[2025-10-10 17:27:59] SMS_ALERT_READY: Log folder 'absorb' is stale (last update 2025-09-25 20:43:31).
[2025-10-10 17:27:59] SMS_ALERT_READY: Log folder 'agi' is stale (last update 2025-10-05 07:04:09).
[2025-10-10 17:27:59] SMS_ALERT_READY: Log folder 'debug' is stale (last update 2025-09-24 20:27:53).
[2025-10-10 17:27:59] SMS_ALERT_READY: Log folder 'geofence' is stale (last update 2025-09-24 20:27:53).
[2025-10-10 17:27:59] SMS_ALERT_READY: Log folder 'git' is stale (last update 2025-09-24 20:27:53).
[2025-10-10 17:27:59] SMS_ALERT_READY: Log folder 'github_sync' is stale (last update 2025-09-25 20:34:53).
[2025-10-10 17:27:59] SMS_ALERT_READY: Log folder 'nutrition' is stale (last update 2025-09-24 20:27:53).
[2025-10-10 17:27:59] SMS_ALERT_READY: Log folder 'reminders' is stale (last update 2025-09-24 20:27:53).
[2025-10-10 17:28:00] SMS_ALERT_READY: Log folder 'support_recovery' is stale (last update 2025-09-24 20:27:56).
[2025-10-10 17:28:00] SMS_ALERT_READY: Log folder 'transit' is stale (last update 2025-09-24 20:27:56).
[2025-10-10 17:28:00] SMS_ALERT_READY: Log folder 'twilio' is stale (last update 2025-09-24 20:27:56).
[2025-10-10 17:28:00] SMS_ALERT_READY: Log folder 'voice' is stale (last update 2025-09-24 20:27:56).
[2025-10-10 17:28:00] SMS_ALERT_READY: Log folder 'watchdog' is stale (last update 2025-09-24 20:27:56).
[2025-10-13 23:21:51] SMS_ALERT_READY: Log folder 'absorb' is stale (last update 2025-09-25 20:43:31).
[2025-10-13 23:21:51] SMS_ALERT_READY: Log folder 'debug' is stale (last update 2025-09-24 20:27:53).
[2025-10-13 23:21:51] SMS_ALERT_READY: Log folder 'github_sync' is stale (last update 2025-09-25 20:34:53).
[2025-10-13 23:21:51] SMS_ALERT_READY: Log folder 'reminders' is stale (last update 2025-09-24 20:27:53).
[2025-10-13 23:21:52] SMS_ALERT_READY: Log folder 'support_recovery' is stale (last update 2025-09-24 20:27:56).
[2025-10-13 23:21:52] SMS_ALERT_READY: Log folder 'voice' is stale (last update 2025-09-24 20:27:56).
[2025-10-13 23:21:52] SMS_ALERT_READY: Log folder 'watchdog' is stale (last update 2025-09-24 20:27:56).
[2025-10-13 23:21:56] SMS_ALERT_READY: Log folder 'absorb' is stale (last update 2025-09-25 20:43:31).
[2025-10-13 23:21:56] SMS_ALERT_READY: Log folder 'debug' is stale (last update 2025-09-24 20:27:53).
[2025-10-13 23:21:56] SMS_ALERT_READY: Log folder 'github_sync' is stale (last update 2025-09-25 20:34:53).
[2025-10-13 23:21:56] SMS_ALERT_READY: Log folder 'reminders' is stale (last update 2025-09-24 20:27:53).
[2025-10-13 23:21:56] SMS_ALERT_READY: Log folder 'support_recovery' is stale (last update 2025-09-24 20:27:56).
[2025-10-13 23:21:56] SMS_ALERT_READY: Log folder 'voice' is stale (last update 2025-09-24 20:27:56).
[2025-10-13 23:21:56] SMS_ALERT_READY: Log folder 'watchdog' is stale (last update 2025-09-24 20:27:56).
[2025-10-13 23:23:14] SMS_ALERT_READY: Log folder 'absorb' is stale (last update 2025-09-25 20:43:31).
[2025-10-13 23:23:14] SMS_ALERT_READY: Log folder 'debug' is stale (last update 2025-09-24 20:27:53).
[2025-10-13 23:23:14] SMS_ALERT_READY: Log folder 'github_sync' is stale (last update 2025-09-25 20:34:53).
[2025-10-13 23:23:14] SMS_ALERT_READY: Log folder 'reminders' is stale (last update 2025-09-24 20:27:53).
[2025-10-13 23:23:15] SMS_ALERT_READY: Log folder 'support_recovery' is stale (last update 2025-09-24 20:27:56).
[2025-10-13 23:23:15] SMS_ALERT_READY: Log folder 'voice' is stale (last update 2025-09-24 20:27:56).
[2025-10-13 23:23:15] SMS_ALERT_READY: Log folder 'watchdog' is stale (last update 2025-09-24 20:27:56).
[2025-10-13 23:23:19] SMS_ALERT_READY: Log folder 'absorb' is stale (last update 2025-09-25 20:43:31).
[2025-10-13 23:23:19] SMS_ALERT_READY: Log folder 'debug' is stale (last update 2025-09-24 20:27:53).
[2025-10-13 23:23:19] SMS_ALERT_READY: Log folder 'github_sync' is stale (last update 2025-09-25 20:34:53).
[2025-10-13 23:23:19] SMS_ALERT_READY: Log folder 'reminders' is stale (last update 2025-09-24 20:27:53).
[2025-10-13 23:23:19] SMS_ALERT_READY: Log folder 'support_recovery' is stale (last update 2025-09-24 20:27:56).
[2025-10-13 23:23:19] SMS_ALERT_READY: Log folder 'voice' is stale (last update 2025-09-24 20:27:56).
[2025-10-13 23:23:19] SMS_ALERT_READY: Log folder 'watchdog' is stale (last update 2025-09-24 20:27:56).
[2025-10-14 00:21:52] SMS_ALERT_READY: Log folder 'absorb' is stale (last update 2025-09-25 20:43:31).
[2025-10-14 00:21:52] SMS_ALERT_READY: Log folder 'debug' is stale (last update 2025-09-24 20:27:53).
[2025-10-14 00:21:52] SMS_ALERT_READY: Log folder 'github_sync' is stale (last update 2025-09-25 20:34:53).
[2025-10-14 00:21:52] SMS_ALERT_READY: Log folder 'reminders' is stale (last update 2025-09-24 20:27:53).
[2025-10-14 00:21:52] SMS_ALERT_READY: Log folder 'support_recovery' is stale (last update 2025-09-24 20:27:56).
[2025-10-14 00:21:52] SMS_ALERT_READY: Log folder 'voice' is stale (last update 2025-09-24 20:27:56).
[2025-10-14 00:21:52] SMS_ALERT_READY: Log folder 'watchdog' is stale (last update 2025-09-24 20:27:56).
[2025-10-14 00:21:57] SMS_ALERT_READY: Log folder 'absorb' is stale (last update 2025-09-25 20:43:31).
[2025-10-14 00:21:57] SMS_ALERT_READY: Log folder 'debug' is stale (last update 2025-09-24 20:27:53).
[2025-10-14 00:21:57] SMS_ALERT_READY: Log folder 'github_sync' is stale (last update 2025-09-25 20:34:53).
[2025-10-14 00:21:57] SMS_ALERT_READY: Log folder 'reminders' is stale (last update 2025-09-24 20:27:53).
[2025-10-14 00:21:57] SMS_ALERT_READY: Log folder 'support_recovery' is stale (last update 2025-09-24 20:27:56).
[2025-10-14 00:21:57] SMS_ALERT_READY: Log folder 'voice' is stale (last update 2025-09-24 20:27:56).
[2025-10-14 00:21:57] SMS_ALERT_READY: Log folder 'watchdog' is stale (last update 2025-09-24 20:27:56).
[2025-10-14 01:21:52] SMS_ALERT_READY: Log folder 'absorb' is stale (last update 2025-09-25 20:43:31).
[2025-10-14 01:21:52] SMS_ALERT_READY: Log folder 'debug' is stale (last update 2025-09-24 20:27:53).
[2025-10-14 01:21:52] SMS_ALERT_READY: Log folder 'github_sync' is stale (last update 2025-09-25 20:34:53).
[2025-10-14 01:21:52] SMS_ALERT_READY: Log folder 'reminders' is stale (last update 2025-09-24 20:27:53).
[2025-10-14 01:21:53] SMS_ALERT_READY: Log folder 'support_recovery' is stale (last update 2025-09-24 20:27:56).
[2025-10-14 01:21:53] SMS_ALERT_READY: Log folder 'voice' is stale (last update 2025-09-24 20:27:56).
[2025-10-14 01:21:53] SMS_ALERT_READY: Log folder 'watchdog' is stale (last update 2025-09-24 20:27:56).
[2025-10-14 01:21:57] SMS_ALERT_READY: Log folder 'absorb' is stale (last update 2025-09-25 20:43:31).
[2025-10-14 01:21:57] SMS_ALERT_READY: Log folder 'debug' is stale (last update 2025-09-24 20:27:53).
[2025-10-14 01:21:57] SMS_ALERT_READY: Log folder 'github_sync' is stale (last update 2025-09-25 20:34:53).
[2025-10-14 01:21:57] SMS_ALERT_READY: Log folder 'reminders' is stale (last update 2025-09-24 20:27:53).
[2025-10-14 01:21:57] SMS_ALERT_READY: Log folder 'support_recovery' is stale (last update 2025-09-24 20:27:56).
[2025-10-14 01:21:57] SMS_ALERT_READY: Log folder 'voice' is stale (last update 2025-09-24 20:27:56).
[2025-10-14 01:21:57] SMS_ALERT_READY: Log folder 'watchdog' is stale (last update 2025-09-24 20:27:56).
[2025-10-14 02:21:53] SMS_ALERT_READY: Log folder 'absorb' is stale (last update 2025-09-25 20:43:31).
[2025-10-14 02:21:53] SMS_ALERT_READY: Log folder 'debug' is stale (last update 2025-09-24 20:27:53).
[2025-10-14 02:21:53] SMS_ALERT_READY: Log folder 'github_sync' is stale (last update 2025-09-25 20:34:53).
[2025-10-14 02:21:53] SMS_ALERT_READY: Log folder 'reminders' is stale (last update 2025-09-24 20:27:53).
[2025-10-14 02:21:53] SMS_ALERT_READY: Log folder 'support_recovery' is stale (last update 2025-09-24 20:27:56).
[2025-10-14 02:21:53] SMS_ALERT_READY: Log folder 'voice' is stale (last update 2025-09-24 20:27:56).
[2025-10-14 02:21:53] SMS_ALERT_READY: Log folder 'watchdog' is stale (last update 2025-09-24 20:27:56).
[2025-10-14 02:21:57] SMS_ALERT_READY: Log folder 'absorb' is stale (last update 2025-09-25 20:43:31).
[2025-10-14 02:21:57] SMS_ALERT_READY: Log folder 'debug' is stale (last update 2025-09-24 20:27:53).
[2025-10-14 02:21:57] SMS_ALERT_READY: Log folder 'github_sync' is stale (last update 2025-09-25 20:34:53).
[2025-10-14 02:21:57] SMS_ALERT_READY: Log folder 'reminders' is stale (last update 2025-09-24 20:27:53).
[2025-10-14 02:21:58] SMS_ALERT_READY: Log folder 'support_recovery' is stale (last update 2025-09-24 20:27:56).
[2025-10-14 02:21:58] SMS_ALERT_READY: Log folder 'voice' is stale (last update 2025-09-24 20:27:56).
[2025-10-14 02:21:58] SMS_ALERT_READY: Log folder 'watchdog' is stale (last update 2025-09-24 20:27:56).
[2025-10-14 03:21:53] SMS_ALERT_READY: Log folder 'absorb' is stale (last update 2025-09-25 20:43:31).
[2025-10-14 03:21:53] SMS_ALERT_READY: Log folder 'debug' is stale (last update 2025-09-24 20:27:53).
[2025-10-14 03:21:53] SMS_ALERT_READY: Log folder 'github_sync' is stale (last update 2025-09-25 20:34:53).
[2025-10-14 03:21:53] SMS_ALERT_READY: Log folder 'reminders' is stale (last update 2025-09-24 20:27:53).
[2025-10-14 03:21:54] SMS_ALERT_READY: Log folder 'support_recovery' is stale (last update 2025-09-24 20:27:56).
[2025-10-14 03:21:54] SMS_ALERT_READY: Log folder 'voice' is stale (last update 2025-09-24 20:27:56).
[2025-10-14 03:21:54] SMS_ALERT_READY: Log folder 'watchdog' is stale (last update 2025-09-24 20:27:56).
[2025-10-14 03:21:58] SMS_ALERT_READY: Log folder 'absorb' is stale (last update 2025-09-25 20:43:31).
[2025-10-14 03:21:58] SMS_ALERT_READY: Log folder 'debug' is stale (last update 2025-09-24 20:27:53).
[2025-10-14 03:21:58] SMS_ALERT_READY: Log folder 'github_sync' is stale (last update 2025-09-25 20:34:53).
[2025-10-14 03:21:58] SMS_ALERT_READY: Log folder 'reminders' is stale (last update 2025-09-24 20:27:53).
[2025-10-14 03:21:58] SMS_ALERT_READY: Log folder 'support_recovery' is stale (last update 2025-09-24 20:27:56).
[2025-10-14 03:21:58] SMS_ALERT_READY: Log folder 'voice' is stale (last update 2025-09-24 20:27:56).
[2025-10-14 03:21:58] SMS_ALERT_READY: Log folder 'watchdog' is stale (last update 2025-09-24 20:27:56).
[2025-10-14 04:21:54] SMS_ALERT_READY: Log folder 'absorb' is stale (last update 2025-09-25 20:43:31).
[2025-10-14 04:21:54] SMS_ALERT_READY: Log folder 'debug' is stale (last update 2025-09-24 20:27:53).
[2025-10-14 04:21:54] SMS_ALERT_READY: Log folder 'github_sync' is stale (last update 2025-09-25 20:34:53).
[2025-10-14 04:21:54] SMS_ALERT_READY: Log folder 'reminders' is stale (last update 2025-09-24 20:27:53).
[2025-10-14 04:21:54] SMS_ALERT_READY: Log folder 'support_recovery' is stale (last update 2025-09-24 20:27:56).
[2025-10-14 04:21:54] SMS_ALERT_READY: Log folder 'voice' is stale (last update 2025-09-24 20:27:56).
[2025-10-14 04:21:54] SMS_ALERT_READY: Log folder 'watchdog' is stale (last update 2025-09-24 20:27:56).
[2025-10-14 04:21:58] SMS_ALERT_READY: Log folder 'absorb' is stale (last update 2025-09-25 20:43:31).
[2025-10-14 04:21:58] SMS_ALERT_READY: Log folder 'debug' is stale (last update 2025-09-24 20:27:53).
[2025-10-14 04:21:58] SMS_ALERT_READY: Log folder 'github_sync' is stale (last update 2025-09-25 20:34:53).
[2025-10-14 04:21:58] SMS_ALERT_READY: Log folder 'reminders' is stale (last update 2025-09-24 20:27:53).
[2025-10-14 04:21:59] SMS_ALERT_READY: Log folder 'support_recovery' is stale (last update 2025-09-24 20:27:56).
[2025-10-14 04:21:59] SMS_ALERT_READY: Log folder 'voice' is stale (last update 2025-09-24 20:27:56).
[2025-10-14 04:21:59] SMS_ALERT_READY: Log folder 'watchdog' is stale (last update 2025-09-24 20:27:56).
[2025-10-14 05:21:54] SMS_ALERT_READY: Log folder 'absorb' is stale (last update 2025-09-25 20:43:31).
[2025-10-14 05:21:55] SMS_ALERT_READY: Log folder 'debug' is stale (last update 2025-09-24 20:27:53).
[2025-10-14 05:21:55] SMS_ALERT_READY: Log folder 'github_sync' is stale (last update 2025-09-25 20:34:53).
[2025-10-14 05:21:55] SMS_ALERT_READY: Log folder 'reminders' is stale (last update 2025-09-24 20:27:53).
[2025-10-14 05:21:55] SMS_ALERT_READY: Log folder 'support_recovery' is stale (last update 2025-09-24 20:27:56).
[2025-10-14 05:21:55] SMS_ALERT_READY: Log folder 'voice' is stale (last update 2025-09-24 20:27:56).
[2025-10-14 05:21:55] SMS_ALERT_READY: Log folder 'watchdog' is stale (last update 2025-09-24 20:27:56).
[2025-10-14 05:21:59] SMS_ALERT_READY: Log folder 'absorb' is stale (last update 2025-09-25 20:43:31).
[2025-10-14 05:21:59] SMS_ALERT_READY: Log folder 'debug' is stale (last update 2025-09-24 20:27:53).
[2025-10-14 05:21:59] SMS_ALERT_READY: Log folder 'github_sync' is stale (last update 2025-09-25 20:34:53).
[2025-10-14 05:21:59] SMS_ALERT_READY: Log folder 'reminders' is stale (last update 2025-09-24 20:27:53).
[2025-10-14 05:21:59] SMS_ALERT_READY: Log folder 'support_recovery' is stale (last update 2025-09-24 20:27:56).
[2025-10-14 05:21:59] SMS_ALERT_READY: Log folder 'voice' is stale (last update 2025-09-24 20:27:56).
[2025-10-14 05:21:59] SMS_ALERT_READY: Log folder 'watchdog' is stale (last update 2025-09-24 20:27:56).
[2025-10-14 06:21:55] SMS_ALERT_READY: Log folder 'absorb' is stale (last update 2025-09-25 20:43:31).
[2025-10-14 06:21:55] SMS_ALERT_READY: Log folder 'debug' is stale (last update 2025-09-24 20:27:53).
[2025-10-14 06:21:55] SMS_ALERT_READY: Log folder 'github_sync' is stale (last update 2025-09-25 20:34:53).
[2025-10-14 06:21:55] SMS_ALERT_READY: Log folder 'reminders' is stale (last update 2025-09-24 20:27:53).
[2025-10-14 06:21:56] SMS_ALERT_READY: Log folder 'support_recovery' is stale (last update 2025-09-24 20:27:56).
[2025-10-14 06:21:56] SMS_ALERT_READY: Log folder 'voice' is stale (last update 2025-09-24 20:27:56).
[2025-10-14 06:21:56] SMS_ALERT_READY: Log folder 'watchdog' is stale (last update 2025-09-24 20:27:56).
[2025-10-14 06:21:59] SMS_ALERT_READY: Log folder 'absorb' is stale (last update 2025-09-25 20:43:31).
[2025-10-14 06:21:59] SMS_ALERT_READY: Log folder 'debug' is stale (last update 2025-09-24 20:27:53).
[2025-10-14 06:21:59] SMS_ALERT_READY: Log folder 'github_sync' is stale (last update 2025-09-25 20:34:53).
[2025-10-14 06:21:59] SMS_ALERT_READY: Log folder 'reminders' is stale (last update 2025-09-24 20:27:53).
[2025-10-14 06:22:00] SMS_ALERT_READY: Log folder 'support_recovery' is stale (last update 2025-09-24 20:27:56).
[2025-10-14 06:22:00] SMS_ALERT_READY: Log folder 'voice' is stale (last update 2025-09-24 20:27:56).
[2025-10-14 06:22:00] SMS_ALERT_READY: Log folder 'watchdog' is stale (last update 2025-09-24 20:27:56).
[2025-10-14 07:21:56] SMS_ALERT_READY: Log folder 'absorb' is stale (last update 2025-09-25 20:43:31).
[2025-10-14 07:21:56] SMS_ALERT_READY: Log folder 'agi' is stale (last update 2025-10-12 07:03:48).
[2025-10-14 07:21:56] SMS_ALERT_READY: Log folder 'debug' is stale (last update 2025-09-24 20:27:53).
[2025-10-14 07:21:56] SMS_ALERT_READY: Log folder 'github_sync' is stale (last update 2025-09-25 20:34:53).
[2025-10-14 07:21:56] SMS_ALERT_READY: Log folder 'reminders' is stale (last update 2025-09-24 20:27:53).
[2025-10-14 07:21:56] SMS_ALERT_READY: Log folder 'support_recovery' is stale (last update 2025-09-24 20:27:56).
[2025-10-14 07:21:56] SMS_ALERT_READY: Log folder 'voice' is stale (last update 2025-09-24 20:27:56).
[2025-10-14 07:21:56] SMS_ALERT_READY: Log folder 'watchdog' is stale (last update 2025-09-24 20:27:56).
[2025-10-14 07:22:00] SMS_ALERT_READY: Log folder 'absorb' is stale (last update 2025-09-25 20:43:31).
[2025-10-14 07:22:00] SMS_ALERT_READY: Log folder 'agi' is stale (last update 2025-10-12 07:03:48).
[2025-10-14 07:22:00] SMS_ALERT_READY: Log folder 'debug' is stale (last update 2025-09-24 20:27:53).
[2025-10-14 07:22:00] SMS_ALERT_READY: Log folder 'github_sync' is stale (last update 2025-09-25 20:34:53).
[2025-10-14 07:22:00] SMS_ALERT_READY: Log folder 'reminders' is stale (last update 2025-09-24 20:27:53).
[2025-10-14 07:22:00] SMS_ALERT_READY: Log folder 'support_recovery' is stale (last update 2025-09-24 20:27:56).
[2025-10-14 07:22:00] SMS_ALERT_READY: Log folder 'voice' is stale (last update 2025-09-24 20:27:56).
[2025-10-14 07:22:00] SMS_ALERT_READY: Log folder 'watchdog' is stale (last update 2025-09-24 20:27:56).
[2025-10-14 08:21:56] SMS_ALERT_READY: Log folder 'absorb' is stale (last update 2025-09-25 20:43:31).
[2025-10-14 08:21:56] SMS_ALERT_READY: Log folder 'agi' is stale (last update 2025-10-12 07:03:48).
[2025-10-14 08:21:56] SMS_ALERT_READY: Log folder 'debug' is stale (last update 2025-09-24 20:27:53).
[2025-10-14 08:21:56] SMS_ALERT_READY: Log folder 'github_sync' is stale (last update 2025-09-25 20:34:53).
[2025-10-14 08:21:56] SMS_ALERT_READY: Log folder 'reminders' is stale (last update 2025-09-24 20:27:53).
[2025-10-14 08:21:57] SMS_ALERT_READY: Log folder 'support_recovery' is stale (last update 2025-09-24 20:27:56).
[2025-10-14 08:21:57] SMS_ALERT_READY: Log folder 'voice' is stale (last update 2025-09-24 20:27:56).
[2025-10-14 08:21:57] SMS_ALERT_READY: Log folder 'watchdog' is stale (last update 2025-09-24 20:27:56).
[2025-10-14 08:22:00] SMS_ALERT_READY: Log folder 'absorb' is stale (last update 2025-09-25 20:43:31).
[2025-10-14 08:22:00] SMS_ALERT_READY: Log folder 'agi' is stale (last update 2025-10-12 07:03:48).
[2025-10-14 08:22:01] SMS_ALERT_READY: Log folder 'debug' is stale (last update 2025-09-24 20:27:53).
[2025-10-14 08:22:01] SMS_ALERT_READY: Log folder 'github_sync' is stale (last update 2025-09-25 20:34:53).
[2025-10-14 08:22:01] SMS_ALERT_READY: Log folder 'reminders' is stale (last update 2025-09-24 20:27:53).
[2025-10-14 08:22:01] SMS_ALERT_READY: Log folder 'support_recovery' is stale (last update 2025-09-24 20:27:56).
[2025-10-14 08:22:01] SMS_ALERT_READY: Log folder 'voice' is stale (last update 2025-09-24 20:27:56).
[2025-10-14 08:22:01] SMS_ALERT_READY: Log folder 'watchdog' is stale (last update 2025-09-24 20:27:56).
[2025-10-14 09:21:57] SMS_ALERT_READY: Log folder 'absorb' is stale (last update 2025-09-25 20:43:31).
[2025-10-14 09:21:57] SMS_ALERT_READY: Log folder 'agi' is stale (last update 2025-10-12 07:03:48).
[2025-10-14 09:21:57] SMS_ALERT_READY: Log folder 'debug' is stale (last update 2025-09-24 20:27:53).
[2025-10-14 09:21:57] SMS_ALERT_READY: Log folder 'github_sync' is stale (last update 2025-09-25 20:34:53).
[2025-10-14 09:21:57] SMS_ALERT_READY: Log folder 'reminders' is stale (last update 2025-09-24 20:27:53).
[2025-10-14 09:21:57] SMS_ALERT_READY: Log folder 'support_recovery' is stale (last update 2025-09-24 20:27:56).
[2025-10-14 09:21:57] SMS_ALERT_READY: Log folder 'voice' is stale (last update 2025-09-24 20:27:56).
[2025-10-14 09:21:57] SMS_ALERT_READY: Log folder 'watchdog' is stale (last update 2025-09-24 20:27:56).
[2025-10-14 09:22:01] SMS_ALERT_READY: Log folder 'absorb' is stale (last update 2025-09-25 20:43:31).
[2025-10-14 09:22:01] SMS_ALERT_READY: Log folder 'agi' is stale (last update 2025-10-12 07:03:48).
[2025-10-14 09:22:01] SMS_ALERT_READY: Log folder 'debug' is stale (last update 2025-09-24 20:27:53).
[2025-10-14 09:22:01] SMS_ALERT_READY: Log folder 'github_sync' is stale (last update 2025-09-25 20:34:53).
[2025-10-14 09:22:01] SMS_ALERT_READY: Log folder 'reminders' is stale (last update 2025-09-24 20:27:53).
[2025-10-14 09:22:02] SMS_ALERT_READY: Log folder 'support_recovery' is stale (last update 2025-09-24 20:27:56).
[2025-10-14 09:22:02] SMS_ALERT_READY: Log folder 'voice' is stale (last update 2025-09-24 20:27:56).
[2025-10-14 09:22:02] SMS_ALERT_READY: Log folder 'watchdog' is stale (last update 2025-09-24 20:27:56).
[2025-10-14 10:21:57] SMS_ALERT_READY: Log folder 'absorb' is stale (last update 2025-09-25 20:43:31).
[2025-10-14 10:21:57] SMS_ALERT_READY: Log folder 'agi' is stale (last update 2025-10-12 07:03:48).
[2025-10-14 10:21:57] SMS_ALERT_READY: Log folder 'debug' is stale (last update 2025-09-24 20:27:53).
[2025-10-14 10:21:57] SMS_ALERT_READY: Log folder 'github_sync' is stale (last update 2025-09-25 20:34:53).
[2025-10-14 10:21:57] SMS_ALERT_READY: Log folder 'reminders' is stale (last update 2025-09-24 20:27:53).
[2025-10-14 10:21:58] SMS_ALERT_READY: Log folder 'support_recovery' is stale (last update 2025-09-24 20:27:56).
[2025-10-14 10:21:58] SMS_ALERT_READY: Log folder 'voice' is stale (last update 2025-09-24 20:27:56).
[2025-10-14 10:21:58] SMS_ALERT_READY: Log folder 'watchdog' is stale (last update 2025-09-24 20:27:56).
[2025-10-14 10:22:03] SMS_ALERT_READY: Log folder 'absorb' is stale (last update 2025-09-25 20:43:31).
[2025-10-14 10:22:03] SMS_ALERT_READY: Log folder 'agi' is stale (last update 2025-10-12 07:03:48).
[2025-10-14 10:22:03] SMS_ALERT_READY: Log folder 'debug' is stale (last update 2025-09-24 20:27:53).
[2025-10-14 10:22:03] SMS_ALERT_READY: Log folder 'github_sync' is stale (last update 2025-09-25 20:34:53).
[2025-10-14 10:22:03] SMS_ALERT_READY: Log folder 'reminders' is stale (last update 2025-09-24 20:27:53).
[2025-10-14 10:22:04] SMS_ALERT_READY: Log folder 'support_recovery' is stale (last update 2025-09-24 20:27:56).
[2025-10-14 10:22:04] SMS_ALERT_READY: Log folder 'voice' is stale (last update 2025-09-24 20:27:56).
[2025-10-14 10:22:04] SMS_ALERT_READY: Log folder 'watchdog' is stale (last update 2025-09-24 20:27:56).
[2025-10-14 11:21:58] SMS_ALERT_READY: Log folder 'absorb' is stale (last update 2025-09-25 20:43:31).
[2025-10-14 11:21:58] SMS_ALERT_READY: Log folder 'agi' is stale (last update 2025-10-12 07:03:48).
[2025-10-14 11:21:58] SMS_ALERT_READY: Log folder 'debug' is stale (last update 2025-09-24 20:27:53).
[2025-10-14 11:21:58] SMS_ALERT_READY: Log folder 'github_sync' is stale (last update 2025-09-25 20:34:53).
[2025-10-14 11:21:58] SMS_ALERT_READY: Log folder 'reminders' is stale (last update 2025-09-24 20:27:53).
[2025-10-14 11:21:58] SMS_ALERT_READY: Log folder 'support_recovery' is stale (last update 2025-09-24 20:27:56).
[2025-10-14 11:21:58] SMS_ALERT_READY: Log folder 'voice' is stale (last update 2025-09-24 20:27:56).
[2025-10-14 11:21:58] SMS_ALERT_READY: Log folder 'watchdog' is stale (last update 2025-09-24 20:27:56).
[2025-10-14 11:22:04] SMS_ALERT_READY: Log folder 'absorb' is stale (last update 2025-09-25 20:43:31).
[2025-10-14 11:22:04] SMS_ALERT_READY: Log folder 'agi' is stale (last update 2025-10-12 07:03:48).
[2025-10-14 11:22:04] SMS_ALERT_READY: Log folder 'debug' is stale (last update 2025-09-24 20:27:53).
[2025-10-14 11:22:04] SMS_ALERT_READY: Log folder 'github_sync' is stale (last update 2025-09-25 20:34:53).
[2025-10-14 11:22:04] SMS_ALERT_READY: Log folder 'reminders' is stale (last update 2025-09-24 20:27:53).
[2025-10-14 11:22:04] SMS_ALERT_READY: Log folder 'support_recovery' is stale (last update 2025-09-24 20:27:56).
[2025-10-14 11:22:04] SMS_ALERT_READY: Log folder 'voice' is stale (last update 2025-09-24 20:27:56).
[2025-10-14 11:22:04] SMS_ALERT_READY: Log folder 'watchdog' is stale (last update 2025-09-24 20:27:56).
[2025-10-14 12:21:58] SMS_ALERT_READY: Log folder 'absorb' is stale (last update 2025-09-25 20:43:31).
[2025-10-14 12:21:58] SMS_ALERT_READY: Log folder 'agi' is stale (last update 2025-10-12 07:03:48).
[2025-10-14 12:21:58] SMS_ALERT_READY: Log folder 'debug' is stale (last update 2025-09-24 20:27:53).
[2025-10-14 12:21:58] SMS_ALERT_READY: Log folder 'github_sync' is stale (last update 2025-09-25 20:34:53).
[2025-10-14 12:21:58] SMS_ALERT_READY: Log folder 'reminders' is stale (last update 2025-09-24 20:27:53).
[2025-10-14 12:21:59] SMS_ALERT_READY: Log folder 'support_recovery' is stale (last update 2025-09-24 20:27:56).
[2025-10-14 12:21:59] SMS_ALERT_READY: Log folder 'voice' is stale (last update 2025-09-24 20:27:56).
[2025-10-14 12:21:59] SMS_ALERT_READY: Log folder 'watchdog' is stale (last update 2025-09-24 20:27:56).
[2025-10-14 12:22:04] SMS_ALERT_READY: Log folder 'absorb' is stale (last update 2025-09-25 20:43:31).
[2025-10-14 12:22:04] SMS_ALERT_READY: Log folder 'agi' is stale (last update 2025-10-12 07:03:48).
[2025-10-14 12:22:05] SMS_ALERT_READY: Log folder 'debug' is stale (last update 2025-09-24 20:27:53).
[2025-10-14 12:22:05] SMS_ALERT_READY: Log folder 'github_sync' is stale (last update 2025-09-25 20:34:53).
[2025-10-14 12:22:05] SMS_ALERT_READY: Log folder 'reminders' is stale (last update 2025-09-24 20:27:53).
[2025-10-14 12:22:05] SMS_ALERT_READY: Log folder 'support_recovery' is stale (last update 2025-09-24 20:27:56).
[2025-10-14 12:22:05] SMS_ALERT_READY: Log folder 'voice' is stale (last update 2025-09-24 20:27:56).
[2025-10-14 12:22:05] SMS_ALERT_READY: Log folder 'watchdog' is stale (last update 2025-09-24 20:27:56).
[2025-10-14 13:21:59] SMS_ALERT_READY: Log folder 'absorb' is stale (last update 2025-09-25 20:43:31).
[2025-10-14 13:21:59] SMS_ALERT_READY: Log folder 'agi' is stale (last update 2025-10-12 07:03:48).
[2025-10-14 13:21:59] SMS_ALERT_READY: Log folder 'debug' is stale (last update 2025-09-24 20:27:53).
[2025-10-14 13:21:59] SMS_ALERT_READY: Log folder 'github_sync' is stale (last update 2025-09-25 20:34:53).
[2025-10-14 13:21:59] SMS_ALERT_READY: Log folder 'reminders' is stale (last update 2025-09-24 20:27:53).
[2025-10-14 13:21:59] SMS_ALERT_READY: Log folder 'support_recovery' is stale (last update 2025-09-24 20:27:56).
[2025-10-14 13:21:59] SMS_ALERT_READY: Log folder 'voice' is stale (last update 2025-09-24 20:27:56).
[2025-10-14 13:21:59] SMS_ALERT_READY: Log folder 'watchdog' is stale (last update 2025-09-24 20:27:56).
[2025-10-14 13:22:05] SMS_ALERT_READY: Log folder 'absorb' is stale (last update 2025-09-25 20:43:31).
[2025-10-14 13:22:05] SMS_ALERT_READY: Log folder 'agi' is stale (last update 2025-10-12 07:03:48).
[2025-10-14 13:22:05] SMS_ALERT_READY: Log folder 'debug' is stale (last update 2025-09-24 20:27:53).
[2025-10-14 13:22:05] SMS_ALERT_READY: Log folder 'github_sync' is stale (last update 2025-09-25 20:34:53).
[2025-10-14 13:22:05] SMS_ALERT_READY: Log folder 'reminders' is stale (last update 2025-09-24 20:27:53).
[2025-10-14 13:22:06] SMS_ALERT_READY: Log folder 'support_recovery' is stale (last update 2025-09-24 20:27:56).
[2025-10-14 13:22:06] SMS_ALERT_READY: Log folder 'voice' is stale (last update 2025-09-24 20:27:56).
[2025-10-14 13:22:06] SMS_ALERT_READY: Log folder 'watchdog' is stale (last update 2025-09-24 20:27:56).
[2025-10-14 14:22:00] SMS_ALERT_READY: Log folder 'absorb' is stale (last update 2025-09-25 20:43:31).
[2025-10-14 14:22:00] SMS_ALERT_READY: Log folder 'agi' is stale (last update 2025-10-12 07:03:48).
[2025-10-14 14:22:00] SMS_ALERT_READY: Log folder 'debug' is stale (last update 2025-09-24 20:27:53).
[2025-10-14 14:22:00] SMS_ALERT_READY: Log folder 'github_sync' is stale (last update 2025-09-25 20:34:53).
[2025-10-14 14:22:00] SMS_ALERT_READY: Log folder 'reminders' is stale (last update 2025-09-24 20:27:53).
[2025-10-14 14:22:00] SMS_ALERT_READY: Log folder 'support_recovery' is stale (last update 2025-09-24 20:27:56).
[2025-10-14 14:22:00] SMS_ALERT_READY: Log folder 'voice' is stale (last update 2025-09-24 20:27:56).
[2025-10-14 14:22:00] SMS_ALERT_READY: Log folder 'watchdog' is stale (last update 2025-09-24 20:27:56).
[2025-10-14 14:22:06] SMS_ALERT_READY: Log folder 'absorb' is stale (last update 2025-09-25 20:43:31).
[2025-10-14 14:22:06] SMS_ALERT_READY: Log folder 'agi' is stale (last update 2025-10-12 07:03:48).
[2025-10-14 14:22:06] SMS_ALERT_READY: Log folder 'debug' is stale (last update 2025-09-24 20:27:53).
[2025-10-14 14:22:06] SMS_ALERT_READY: Log folder 'github_sync' is stale (last update 2025-09-25 20:34:53).
[2025-10-14 14:22:06] SMS_ALERT_READY: Log folder 'reminders' is stale (last update 2025-09-24 20:27:53).
[2025-10-14 14:22:07] SMS_ALERT_READY: Log folder 'support_recovery' is stale (last update 2025-09-24 20:27:56).
[2025-10-14 14:22:07] SMS_ALERT_READY: Log folder 'voice' is stale (last update 2025-09-24 20:27:56).
[2025-10-14 14:22:07] SMS_ALERT_READY: Log folder 'watchdog' is stale (last update 2025-09-24 20:27:56).
[2025-10-14 15:22:00] SMS_ALERT_READY: Log folder 'absorb' is stale (last update 2025-09-25 20:43:31).
[2025-10-14 15:22:00] SMS_ALERT_READY: Log folder 'agi' is stale (last update 2025-10-12 07:03:48).
[2025-10-14 15:22:01] SMS_ALERT_READY: Log folder 'debug' is stale (last update 2025-09-24 20:27:53).
[2025-10-14 15:22:01] SMS_ALERT_READY: Log folder 'github_sync' is stale (last update 2025-09-25 20:34:53).
[2025-10-14 15:22:01] SMS_ALERT_READY: Log folder 'reminders' is stale (last update 2025-09-24 20:27:53).
[2025-10-14 15:22:01] SMS_ALERT_READY: Log folder 'support_recovery' is stale (last update 2025-09-24 20:27:56).
[2025-10-14 15:22:01] SMS_ALERT_READY: Log folder 'voice' is stale (last update 2025-09-24 20:27:56).
[2025-10-14 15:22:01] SMS_ALERT_READY: Log folder 'watchdog' is stale (last update 2025-09-24 20:27:56).
[2025-10-14 15:22:07] SMS_ALERT_READY: Log folder 'absorb' is stale (last update 2025-09-25 20:43:31).
[2025-10-14 15:22:07] SMS_ALERT_READY: Log folder 'agi' is stale (last update 2025-10-12 07:03:48).
[2025-10-14 15:22:07] SMS_ALERT_READY: Log folder 'debug' is stale (last update 2025-09-24 20:27:53).
[2025-10-14 15:22:07] SMS_ALERT_READY: Log folder 'github_sync' is stale (last update 2025-09-25 20:34:53).
[2025-10-14 15:22:07] SMS_ALERT_READY: Log folder 'reminders' is stale (last update 2025-09-24 20:27:53).
[2025-10-14 15:22:08] SMS_ALERT_READY: Log folder 'support_recovery' is stale (last update 2025-09-24 20:27:56).
[2025-10-14 15:22:08] SMS_ALERT_READY: Log folder 'voice' is stale (last update 2025-09-24 20:27:56).
[2025-10-14 15:22:08] SMS_ALERT_READY: Log folder 'watchdog' is stale (last update 2025-09-24 20:27:56).
[2025-10-15 21:19:35] SMS_ALERT_READY: Log folder 'absorb' is stale (last update 2025-09-25 20:43:31).
[2025-10-15 21:19:35] SMS_ALERT_READY: Log folder 'agi' is stale (last update 2025-10-12 07:03:48).
[2025-10-15 21:19:35] SMS_ALERT_READY: Log folder 'debug' is stale (last update 2025-09-24 20:27:53).
[2025-10-15 21:19:35] SMS_ALERT_READY: Log folder 'github_sync' is stale (last update 2025-09-25 20:34:53).
[2025-10-15 21:19:35] SMS_ALERT_READY: Log folder 'reminders' is stale (last update 2025-09-24 20:27:53).
[2025-10-15 21:19:36] SMS_ALERT_READY: Log folder 'support_recovery' is stale (last update 2025-09-24 20:27:56).
[2025-10-15 21:19:36] SMS_ALERT_READY: Log folder 'voice' is stale (last update 2025-09-24 20:27:56).
[2025-10-15 21:19:36] SMS_ALERT_READY: Log folder 'watchdog' is stale (last update 2025-09-24 20:27:56).
[2025-10-15 21:49:07] SMS_ALERT_READY: Log folder 'absorb' is stale (last update 2025-09-25 20:43:31).
[2025-10-15 21:49:07] SMS_ALERT_READY: Log folder 'agi' is stale (last update 2025-10-12 07:03:48).
[2025-10-15 21:49:07] SMS_ALERT_READY: Log folder 'debug' is stale (last update 2025-09-24 20:27:53).
[2025-10-15 21:49:07] SMS_ALERT_READY: Log folder 'github_sync' is stale (last update 2025-09-25 20:34:53).
[2025-10-15 21:49:07] SMS_ALERT_READY: Log folder 'reminders' is stale (last update 2025-09-24 20:27:53).
[2025-10-15 21:49:08] SMS_ALERT_READY: Log folder 'support_recovery' is stale (last update 2025-09-24 20:27:56).
[2025-10-15 21:49:08] SMS_ALERT_READY: Log folder 'voice' is stale (last update 2025-09-24 20:27:56).
[2025-10-15 21:49:08] SMS_ALERT_READY: Log folder 'watchdog' is stale (last update 2025-09-24 20:27:56).
[2025-10-15 22:01:08] SMS_ALERT_READY: Log folder 'absorb' is stale (last update 2025-09-25 20:43:31).
[2025-10-15 22:01:08] SMS_ALERT_READY: Log folder 'agi' is stale (last update 2025-10-12 07:03:48).
[2025-10-15 22:01:08] SMS_ALERT_READY: Log folder 'debug' is stale (last update 2025-09-24 20:27:53).
[2025-10-15 22:01:08] SMS_ALERT_READY: Log folder 'github_sync' is stale (last update 2025-09-25 20:34:53).
[2025-10-15 22:01:08] SMS_ALERT_READY: Log folder 'reminders' is stale (last update 2025-09-24 20:27:53).
[2025-10-15 22:01:08] SMS_ALERT_READY: Log folder 'support_recovery' is stale (last update 2025-09-24 20:27:56).
[2025-10-15 22:01:08] SMS_ALERT_READY: Log folder 'voice' is stale (last update 2025-09-24 20:27:56).
[2025-10-15 22:01:08] SMS_ALERT_READY: Log folder 'watchdog' is stale (last update 2025-09-24 20:27:56).
[2025-10-15 22:19:33] SMS_ALERT_READY: Log folder 'absorb' is stale (last update 2025-09-25 20:43:31).
[2025-10-15 22:19:33] SMS_ALERT_READY: Log folder 'agi' is stale (last update 2025-10-12 07:03:48).
[2025-10-15 22:19:34] SMS_ALERT_READY: Log folder 'debug' is stale (last update 2025-09-24 20:27:53).
[2025-10-15 22:19:34] SMS_ALERT_READY: Log folder 'github_sync' is stale (last update 2025-09-25 20:34:53).
[2025-10-15 22:19:34] SMS_ALERT_READY: Log folder 'reminders' is stale (last update 2025-09-24 20:27:53).
[2025-10-15 22:19:34] SMS_ALERT_READY: Log folder 'support_recovery' is stale (last update 2025-09-24 20:27:56).
[2025-10-15 22:19:34] SMS_ALERT_READY: Log folder 'voice' is stale (last update 2025-09-24 20:27:56).
[2025-10-15 22:19:34] SMS_ALERT_READY: Log folder 'watchdog' is stale (last update 2025-09-24 20:27:56).
[2025-10-16 19:08:27] SMS_ALERT_READY: Log folder 'absorb' is stale (last update 2025-09-25 20:43:31).
[2025-10-16 19:08:27] SMS_ALERT_READY: Log folder 'agi' is stale (last update 2025-10-12 07:03:48).
[2025-10-16 19:08:27] SMS_ALERT_READY: Log folder 'alerts' is stale (last update 2025-10-13 23:17:12).
[2025-10-16 19:08:27] SMS_ALERT_READY: Log folder 'debug' is stale (last update 2025-09-24 20:27:53).
[2025-10-16 19:08:27] SMS_ALERT_READY: Log folder 'finance' is stale (last update 2025-10-13 23:20:30).
[2025-10-16 19:08:27] SMS_ALERT_READY: Log folder 'geofence' is stale (last update 2025-10-13 23:20:30).
[2025-10-16 19:08:27] SMS_ALERT_READY: Log folder 'git' is stale (last update 2025-10-13 23:20:30).
[2025-10-16 19:08:27] SMS_ALERT_READY: Log folder 'github_sync' is stale (last update 2025-09-25 20:34:53).
[2025-10-16 19:08:27] SMS_ALERT_READY: Log folder 'nutrition' is stale (last update 2025-10-13 23:20:30).
[2025-10-16 19:08:28] SMS_ALERT_READY: Log folder 'reminders' is stale (last update 2025-09-24 20:27:53).
[2025-10-16 19:08:28] SMS_ALERT_READY: Log folder 'support_recovery' is stale (last update 2025-09-24 20:27:56).
[2025-10-16 19:08:28] SMS_ALERT_READY: Log folder 'transit' is stale (last update 2025-10-13 23:20:30).
[2025-10-16 19:08:28] SMS_ALERT_READY: Log folder 'twilio' is stale (last update 2025-10-13 23:20:30).
[2025-10-16 19:08:28] SMS_ALERT_READY: Log folder 'voice' is stale (last update 2025-09-24 20:27:56).
[2025-10-16 19:08:28] SMS_ALERT_READY: Log folder 'watchdog' is stale (last update 2025-09-24 20:27:56).
